[2026-09-30-16:36:52.928] [INFO] [AscendProfiler_ProfilingParser:97] Profiler logger initialized at: /mnt/workspace/hc-pre-reduction-20260930/iteration-01/exact3-profile-baseline-eager/data/t128-d4096-signed1/752c3fdca26b44da9fd55f3c88dd3113_1232172_20260930163652204_ascend_pt/logs/profiler_20260930163652_1232519_ProfilingParser.log
[2026-09-30-16:36:52.979] [INFO] [AscendProfiler_ProfilingParser:100] TorchOpParser start.
[2026-09-30-16:36:52.979] [INFO] [AscendProfiler_ProfilingParser:82] TaskQueueParser start.
[2026-09-30-16:36:52.999] [INFO] [AscendProfiler_ProfilingParser:208] CANNTimelineParser start.
[2026-09-30-16:36:53.006] [INFO] [AscendProfiler_ProfilingParser:106] TorchOpParser finish.
[2026-09-30-16:36:53.009] [INFO] [AscendProfiler_ProfilingParser:88] TaskQueueParser finish.
[2026-09-30-16:36:53.010] [INFO] [AscendProfiler_ProfilingParser:118] DbPreParser start.
[2026-09-30-16:36:53.010] [INFO] [AscendProfiler_ProfilingParser:62] TreeBuildParser start.
[2026-09-30-16:36:53.040] [INFO] [AscendProfiler_ProfilingParser:129] DbPreParser finish.
[2026-09-30-16:36:53.042] [INFO] [AscendProfiler_ProfilingParser:70] TreeBuildParser finish.
[2026-09-30-16:36:53.043] [INFO] [AscendProfiler_ProfilingParser:62] MemoryPrepareParser start.
[2026-09-30-16:36:53.044] [INFO] [AscendProfiler_ProfilingParser:75] MemoryPrepareParser finish.
[2026-09-30-16:36:55.603] [INFO] [AscendProfiler_ProfilingParser:218] CANNTimelineParser finish.
[2026-09-30-16:36:55.642] [INFO] [AscendProfiler_ProfilingParser:31] RelationParser start.
[2026-09-30-16:36:55.654] [INFO] [AscendProfiler_ProfilingParser:38] RelationParser finish.
[2026-09-30-16:36:56.673] [INFO] [AscendProfiler_ProfilingParser:40] DbParser start.
[2026-09-30-16:36:56.694] [INFO] [AscendProfiler_ProfilingParser:27] BasicDbParser start.
[2026-09-30-16:36:56.709] [INFO] [AscendProfiler_ProfilingParser:40] BasicDbParser finish.
[2026-09-30-16:36:56.710] [INFO] [AscendProfiler_ProfilingParser:31] FwkApiDbParser start.
[2026-09-30-16:36:56.710] [INFO] [AscendProfiler_ProfilingParser:36] FwkApiDbParser get fwk api data finish.
[2026-09-30-16:36:56.712] [INFO] [AscendProfiler_ProfilingParser:38] FwkApiDbParser get api data for db finish.
[2026-09-30-16:36:56.732] [INFO] [AscendProfiler_ProfilingParser:40] FwkApiDbParser save api data to db finish.
[2026-09-30-16:36:56.732] [INFO] [AscendProfiler_ProfilingParser:44] FwkApiDbParser finish.
[2026-09-30-16:36:56.733] [INFO] [AscendProfiler_ProfilingParser:82] MemoryDbParser start.
[2026-09-30-16:36:56.734] [INFO] [AscendProfiler_ProfilingParser:95] MemoryDbParser finish.
[2026-09-30-16:36:56.734] [INFO] [AscendProfiler_ProfilingParser:33] GCRecordDbParser start.
[2026-09-30-16:36:56.734] [INFO] [AscendProfiler_ProfilingParser:41] GCRecordDbParser finish.
[2026-09-30-16:36:56.735] [INFO] [AscendProfiler_ProfilingParser:36] StepInfoDbParser start.
[2026-09-30-16:36:56.741] [INFO] [AscendProfiler_ProfilingParser:43] StepInfoDbParser finish.
[2026-09-30-16:36:56.741] [INFO] [AscendProfiler_ProfilingParser:80] CommunicationDbParser start.
[2026-09-30-16:36:56.743] [INFO] [AscendProfiler_ProfilingParser:88] CommunicationDbParser finish.
[2026-09-30-16:36:56.743] [INFO] [AscendProfiler_ProfilingParser:74] TraceStepTimeDbParser start.
[2026-09-30-16:36:56.750] [INFO] [AscendProfiler_ProfilingParser:83] TraceStepTimeDbParser finish.
[2026-09-30-16:36:56.750] [INFO] [AscendProfiler_ProfilingParser:64] DbParser finish.
[2026-09-30-16:36:57.251] [INFO] [AscendProfiler_ProfilingParser:473] ============================================================
[2026-09-30-16:36:57.251] [INFO] [AscendProfiler_ProfilingParser:474] Task execution completed
[2026-09-30-16:36:57.251] [INFO] [AscendProfiler_ProfilingParser:475] ============================================================
[2026-09-30-16:36:57.251] [INFO] [AscendProfiler_ProfilingParser:478] torch_op                  | PTHREAD         | Succeed    | 0.028s | deps: None
[2026-09-30-16:36:57.251] [INFO] [AscendProfiler_ProfilingParser:478] task_queue                | PTHREAD         | Succeed    | 0.031s | deps: None
[2026-09-30-16:36:57.252] [INFO] [AscendProfiler_ProfilingParser:478] trace_prepare             | SUB_PROCESS     | Succeed    | 0.040s | deps: torch_op, task_queue
[2026-09-30-16:36:57.252] [INFO] [AscendProfiler_ProfilingParser:478] build_tree                | PTHREAD         | Succeed    | 0.032s | deps: torch_op, task_queue
[2026-09-30-16:36:57.252] [INFO] [AscendProfiler_ProfilingParser:478] export                    | SUB_PROCESS     | Succeed    | 3.059s | deps: None
[2026-09-30-16:36:57.252] [INFO] [AscendProfiler_ProfilingParser:478] timeline                  | PTHREAD|NON_BLOCKING | Succeed    | 2.605s | deps: None
[2026-09-30-16:36:57.252] [INFO] [AscendProfiler_ProfilingParser:478] relation                  | PTHREAD         | Succeed    | 0.013s | deps: task_queue, timeline
[2026-09-30-16:36:57.252] [INFO] [AscendProfiler_ProfilingParser:478] memory_prepare            | PTHREAD         | Succeed    | 0.002s | deps: build_tree, task_queue, torch_op
[2026-09-30-16:36:57.252] [INFO] [AscendProfiler_ProfilingParser:478] analyze                   | SUB_PROCESS     | Succeed    | 1.050s | deps: timeline
[2026-09-30-16:36:57.252] [INFO] [AscendProfiler_ProfilingParser:478] operator                  | SUB_PROCESS     | Succeed    | 0.034s | deps: build_tree, timeline, relation, torch_op
[2026-09-30-16:36:57.252] [INFO] [AscendProfiler_ProfilingParser:478] trace                     | SUB_PROCESS     | Succeed    | 0.044s | deps: build_tree, trace_prepare, timeline, task_queue, torch_op
[2026-09-30-16:36:57.252] [INFO] [AscendProfiler_ProfilingParser:478] kernel                    | SUB_PROCESS     | Succeed    | 0.036s | deps: build_tree, export, relation
[2026-09-30-16:36:57.252] [INFO] [AscendProfiler_ProfilingParser:478] step_time                 | SUB_PROCESS     | Succeed    | 0.037s | deps: build_tree, timeline, relation, torch_op
[2026-09-30-16:36:57.253] [INFO] [AscendProfiler_ProfilingParser:478] memory                    | SUB_PROCESS     | Succeed    | 0.030s | deps: export, memory_prepare
[2026-09-30-16:36:57.253] [INFO] [AscendProfiler_ProfilingParser:478] integrate                 | SUB_PROCESS     | Succeed    | 0.055s | deps: export
[2026-09-30-16:36:57.253] [INFO] [AscendProfiler_ProfilingParser:478] communication             | SUB_PROCESS     | Succeed    | 0.030s | deps: build_tree, analyze, relation
[2026-09-30-16:36:57.253] [INFO] [AscendProfiler_ProfilingParser:478] db_prepare                | PTHREAD         | Succeed    | 0.031s | deps: torch_op, task_queue
[2026-09-30-16:36:57.253] [INFO] [AscendProfiler_ProfilingParser:478] torch_db                  | PTHREAD         | Succeed    | 0.078s | deps: export, memory_prepare, build_tree, analyze, db_prepare
