[2026-10-01-08:24:30.506] [INFO] [AscendProfiler_ProfilingParser:97] Profiler logger initialized at: /mnt/workspace/sfa-nonempty-perf-20260930/iteration-e1/screen-v2/profile-candidate-attempt-1-traces/native-torch.float16-1-chronological-False/752c3fdca26b44da9fd55f3c88dd3113_1609513_20261001082429669_ascend_pt/logs/profiler_20261001082430_1610136_ProfilingParser.log
[2026-10-01-08:24:30.557] [INFO] [AscendProfiler_ProfilingParser:100] TorchOpParser start.
[2026-10-01-08:24:30.557] [INFO] [AscendProfiler_ProfilingParser:82] TaskQueueParser start.
[2026-10-01-08:24:30.576] [INFO] [AscendProfiler_ProfilingParser:208] CANNTimelineParser start.
[2026-10-01-08:24:30.579] [INFO] [AscendProfiler_ProfilingParser:106] TorchOpParser finish.
[2026-10-01-08:24:30.580] [INFO] [AscendProfiler_ProfilingParser:88] TaskQueueParser finish.
[2026-10-01-08:24:30.598] [INFO] [AscendProfiler_ProfilingParser:62] TreeBuildParser start.
[2026-10-01-08:24:30.599] [INFO] [AscendProfiler_ProfilingParser:118] DbPreParser start.
[2026-10-01-08:24:30.601] [INFO] [AscendProfiler_ProfilingParser:70] TreeBuildParser finish.
[2026-10-01-08:24:30.602] [INFO] [AscendProfiler_ProfilingParser:129] DbPreParser finish.
[2026-10-01-08:24:30.603] [INFO] [AscendProfiler_ProfilingParser:62] MemoryPrepareParser start.
[2026-10-01-08:24:30.604] [INFO] [AscendProfiler_ProfilingParser:75] MemoryPrepareParser finish.
[2026-10-01-08:24:32.180] [INFO] [AscendProfiler_ProfilingParser:218] CANNTimelineParser finish.
[2026-10-01-08:24:32.181] [INFO] [AscendProfiler_ProfilingParser:31] RelationParser start.
[2026-10-01-08:24:32.223] [INFO] [AscendProfiler_ProfilingParser:38] RelationParser finish.
[2026-10-01-08:24:33.249] [INFO] [AscendProfiler_ProfilingParser:40] DbParser start.
[2026-10-01-08:24:33.267] [INFO] [AscendProfiler_ProfilingParser:27] BasicDbParser start.
[2026-10-01-08:24:33.282] [INFO] [AscendProfiler_ProfilingParser:40] BasicDbParser finish.
[2026-10-01-08:24:33.282] [INFO] [AscendProfiler_ProfilingParser:31] FwkApiDbParser start.
[2026-10-01-08:24:33.282] [INFO] [AscendProfiler_ProfilingParser:36] FwkApiDbParser get fwk api data finish.
[2026-10-01-08:24:33.283] [INFO] [AscendProfiler_ProfilingParser:38] FwkApiDbParser get api data for db finish.
[2026-10-01-08:24:33.299] [INFO] [AscendProfiler_ProfilingParser:40] FwkApiDbParser save api data to db finish.
[2026-10-01-08:24:33.299] [INFO] [AscendProfiler_ProfilingParser:44] FwkApiDbParser finish.
[2026-10-01-08:24:33.299] [INFO] [AscendProfiler_ProfilingParser:82] MemoryDbParser start.
[2026-10-01-08:24:33.300] [INFO] [AscendProfiler_ProfilingParser:95] MemoryDbParser finish.
[2026-10-01-08:24:33.300] [INFO] [AscendProfiler_ProfilingParser:33] GCRecordDbParser start.
[2026-10-01-08:24:33.301] [INFO] [AscendProfiler_ProfilingParser:41] GCRecordDbParser finish.
[2026-10-01-08:24:33.301] [INFO] [AscendProfiler_ProfilingParser:36] StepInfoDbParser start.
[2026-10-01-08:24:33.308] [INFO] [AscendProfiler_ProfilingParser:43] StepInfoDbParser finish.
[2026-10-01-08:24:33.308] [INFO] [AscendProfiler_ProfilingParser:80] CommunicationDbParser start.
[2026-10-01-08:24:33.309] [INFO] [AscendProfiler_ProfilingParser:88] CommunicationDbParser finish.
[2026-10-01-08:24:33.310] [INFO] [AscendProfiler_ProfilingParser:74] TraceStepTimeDbParser start.
[2026-10-01-08:24:33.315] [INFO] [AscendProfiler_ProfilingParser:83] TraceStepTimeDbParser finish.
[2026-10-01-08:24:33.316] [INFO] [AscendProfiler_ProfilingParser:64] DbParser finish.
[2026-10-01-08:24:33.817] [INFO] [AscendProfiler_ProfilingParser:473] ============================================================
[2026-10-01-08:24:33.817] [INFO] [AscendProfiler_ProfilingParser:474] Task execution completed
[2026-10-01-08:24:33.817] [INFO] [AscendProfiler_ProfilingParser:475] ============================================================
[2026-10-01-08:24:33.817] [INFO] [AscendProfiler_ProfilingParser:478] torch_op                  | PTHREAD         | Succeed    | 0.023s | deps: None
[2026-10-01-08:24:33.817] [INFO] [AscendProfiler_ProfilingParser:478] task_queue                | PTHREAD         | Succeed    | 0.023s | deps: None
[2026-10-01-08:24:33.817] [INFO] [AscendProfiler_ProfilingParser:478] trace_prepare             | SUB_PROCESS     | Succeed    | 0.027s | deps: torch_op, task_queue
[2026-10-01-08:24:33.817] [INFO] [AscendProfiler_ProfilingParser:478] build_tree                | PTHREAD         | Succeed    | 0.005s | deps: torch_op, task_queue
[2026-10-01-08:24:33.817] [INFO] [AscendProfiler_ProfilingParser:478] export                    | SUB_PROCESS     | Succeed    | 2.055s | deps: None
[2026-10-01-08:24:33.817] [INFO] [AscendProfiler_ProfilingParser:478] timeline                  | PTHREAD|NON_BLOCKING | Succeed    | 1.606s | deps: None
[2026-10-01-08:24:33.817] [INFO] [AscendProfiler_ProfilingParser:478] relation                  | PTHREAD         | Succeed    | 0.043s | deps: task_queue, timeline
[2026-10-01-08:24:33.818] [INFO] [AscendProfiler_ProfilingParser:478] memory_prepare            | PTHREAD         | Succeed    | 0.002s | deps: build_tree, task_queue, torch_op
[2026-10-01-08:24:33.818] [INFO] [AscendProfiler_ProfilingParser:478] analyze                   | SUB_PROCESS     | Succeed    | 1.050s | deps: timeline
[2026-10-01-08:24:33.818] [INFO] [AscendProfiler_ProfilingParser:478] operator                  | SUB_PROCESS     | Succeed    | 0.025s | deps: build_tree, timeline, relation, torch_op
[2026-10-01-08:24:33.818] [INFO] [AscendProfiler_ProfilingParser:478] trace                     | SUB_PROCESS     | Succeed    | 0.035s | deps: build_tree, trace_prepare, timeline, task_queue, torch_op
[2026-10-01-08:24:33.818] [INFO] [AscendProfiler_ProfilingParser:478] kernel                    | SUB_PROCESS     | Succeed    | 0.027s | deps: build_tree, export, relation
[2026-10-01-08:24:33.818] [INFO] [AscendProfiler_ProfilingParser:478] step_time                 | SUB_PROCESS     | Succeed    | 0.032s | deps: build_tree, timeline, relation, torch_op
[2026-10-01-08:24:33.818] [INFO] [AscendProfiler_ProfilingParser:478] memory                    | SUB_PROCESS     | Succeed    | 0.054s | deps: export, memory_prepare
[2026-10-01-08:24:33.818] [INFO] [AscendProfiler_ProfilingParser:478] integrate                 | SUB_PROCESS     | Succeed    | 0.037s | deps: export
[2026-10-01-08:24:33.818] [INFO] [AscendProfiler_ProfilingParser:478] communication             | SUB_PROCESS     | Succeed    | 0.027s | deps: build_tree, analyze, relation
[2026-10-01-08:24:33.818] [INFO] [AscendProfiler_ProfilingParser:478] db_prepare                | PTHREAD         | Succeed    | 0.005s | deps: torch_op, task_queue
[2026-10-01-08:24:33.818] [INFO] [AscendProfiler_ProfilingParser:478] torch_db                  | PTHREAD         | Succeed    | 0.068s | deps: export, memory_prepare, build_tree, analyze, db_prepare
