[2026-09-30-14:00:01.287] [INFO] [AscendProfiler_ProfilingParser:97] Profiler logger initialized at: /mnt/workspace/hc-pre-reduction-20260930/iteration-01/profile-v2-baseline-q1/data/t128-d4096-signed1/752c3fdca26b44da9fd55f3c88dd3113_1043930_20260930140000553_ascend_pt/logs/profiler_20260930140001_1044272_ProfilingParser.log
[2026-09-30-14:00:01.338] [INFO] [AscendProfiler_ProfilingParser:100] TorchOpParser start.
[2026-09-30-14:00:01.339] [INFO] [AscendProfiler_ProfilingParser:82] TaskQueueParser start.
[2026-09-30-14:00:01.361] [INFO] [AscendProfiler_ProfilingParser:208] CANNTimelineParser start.
[2026-09-30-14:00:01.364] [INFO] [AscendProfiler_ProfilingParser:88] TaskQueueParser finish.
[2026-09-30-14:00:01.365] [INFO] [AscendProfiler_ProfilingParser:106] TorchOpParser finish.
[2026-09-30-14:00:01.384] [INFO] [AscendProfiler_ProfilingParser:62] TreeBuildParser start.
[2026-09-30-14:00:01.385] [INFO] [AscendProfiler_ProfilingParser:118] DbPreParser start.
[2026-09-30-14:00:01.386] [INFO] [AscendProfiler_ProfilingParser:70] TreeBuildParser finish.
[2026-09-30-14:00:01.387] [INFO] [AscendProfiler_ProfilingParser:129] DbPreParser finish.
[2026-09-30-14:00:01.388] [INFO] [AscendProfiler_ProfilingParser:62] MemoryPrepareParser start.
[2026-09-30-14:00:01.388] [INFO] [AscendProfiler_ProfilingParser:75] MemoryPrepareParser finish.
[2026-09-30-14:00:03.965] [INFO] [AscendProfiler_ProfilingParser:218] CANNTimelineParser finish.
[2026-09-30-14:00:03.985] [INFO] [AscendProfiler_ProfilingParser:31] RelationParser start.
[2026-09-30-14:00:04.013] [INFO] [AscendProfiler_ProfilingParser:38] RelationParser finish.
[2026-09-30-14:00:05.037] [INFO] [AscendProfiler_ProfilingParser:40] DbParser start.
[2026-09-30-14:00:05.058] [INFO] [AscendProfiler_ProfilingParser:27] BasicDbParser start.
[2026-09-30-14:00:05.072] [INFO] [AscendProfiler_ProfilingParser:40] BasicDbParser finish.
[2026-09-30-14:00:05.073] [INFO] [AscendProfiler_ProfilingParser:31] FwkApiDbParser start.
[2026-09-30-14:00:05.073] [INFO] [AscendProfiler_ProfilingParser:36] FwkApiDbParser get fwk api data finish.
[2026-09-30-14:00:05.073] [ERROR] [AscendProfiler_ProfilingParser:117] Failed to find node launch str id
[2026-09-30-14:00:05.073] [INFO] [AscendProfiler_ProfilingParser:38] FwkApiDbParser get api data for db finish.
[2026-09-30-14:00:05.083] [INFO] [AscendProfiler_ProfilingParser:40] FwkApiDbParser save api data to db finish.
[2026-09-30-14:00:05.083] [INFO] [AscendProfiler_ProfilingParser:44] FwkApiDbParser finish.
[2026-09-30-14:00:05.084] [INFO] [AscendProfiler_ProfilingParser:82] MemoryDbParser start.
[2026-09-30-14:00:05.084] [INFO] [AscendProfiler_ProfilingParser:95] MemoryDbParser finish.
[2026-09-30-14:00:05.085] [INFO] [AscendProfiler_ProfilingParser:33] GCRecordDbParser start.
[2026-09-30-14:00:05.085] [INFO] [AscendProfiler_ProfilingParser:41] GCRecordDbParser finish.
[2026-09-30-14:00:05.085] [INFO] [AscendProfiler_ProfilingParser:36] StepInfoDbParser start.
[2026-09-30-14:00:05.092] [INFO] [AscendProfiler_ProfilingParser:43] StepInfoDbParser finish.
[2026-09-30-14:00:05.092] [INFO] [AscendProfiler_ProfilingParser:80] CommunicationDbParser start.
[2026-09-30-14:00:05.094] [INFO] [AscendProfiler_ProfilingParser:88] CommunicationDbParser finish.
[2026-09-30-14:00:05.094] [INFO] [AscendProfiler_ProfilingParser:74] TraceStepTimeDbParser start.
[2026-09-30-14:00:05.101] [INFO] [AscendProfiler_ProfilingParser:83] TraceStepTimeDbParser finish.
[2026-09-30-14:00:05.101] [INFO] [AscendProfiler_ProfilingParser:64] DbParser finish.
[2026-09-30-14:00:05.602] [INFO] [AscendProfiler_ProfilingParser:473] ============================================================
[2026-09-30-14:00:05.602] [INFO] [AscendProfiler_ProfilingParser:474] Task execution completed
[2026-09-30-14:00:05.602] [INFO] [AscendProfiler_ProfilingParser:475] ============================================================
[2026-09-30-14:00:05.602] [INFO] [AscendProfiler_ProfilingParser:478] torch_op                  | PTHREAD         | Succeed    | 0.027s | deps: None
[2026-09-30-14:00:05.603] [INFO] [AscendProfiler_ProfilingParser:478] task_queue                | PTHREAD         | Succeed    | 0.026s | deps: None
[2026-09-30-14:00:05.603] [INFO] [AscendProfiler_ProfilingParser:478] trace_prepare             | SUB_PROCESS     | Succeed    | 0.027s | deps: torch_op, task_queue
[2026-09-30-14:00:05.603] [INFO] [AscendProfiler_ProfilingParser:478] build_tree                | PTHREAD         | Succeed    | 0.004s | deps: torch_op, task_queue
[2026-09-30-14:00:05.603] [INFO] [AscendProfiler_ProfilingParser:478] export                    | SUB_PROCESS     | Succeed    | 3.062s | deps: None
[2026-09-30-14:00:05.603] [INFO] [AscendProfiler_ProfilingParser:478] timeline                  | PTHREAD|NON_BLOCKING | Succeed    | 2.605s | deps: None
[2026-09-30-14:00:05.603] [INFO] [AscendProfiler_ProfilingParser:478] relation                  | PTHREAD         | Succeed    | 0.028s | deps: task_queue, timeline
[2026-09-30-14:00:05.603] [INFO] [AscendProfiler_ProfilingParser:478] memory_prepare            | PTHREAD         | Succeed    | 0.001s | deps: build_tree, task_queue, torch_op
[2026-09-30-14:00:05.603] [INFO] [AscendProfiler_ProfilingParser:478] analyze                   | SUB_PROCESS     | Succeed    | 1.050s | deps: timeline
[2026-09-30-14:00:05.603] [INFO] [AscendProfiler_ProfilingParser:478] operator                  | SUB_PROCESS     | Succeed    | 0.024s | deps: build_tree, timeline, relation, torch_op
[2026-09-30-14:00:05.603] [INFO] [AscendProfiler_ProfilingParser:478] trace                     | SUB_PROCESS     | Succeed    | 0.039s | deps: build_tree, trace_prepare, timeline, task_queue, torch_op
[2026-09-30-14:00:05.603] [INFO] [AscendProfiler_ProfilingParser:478] kernel                    | SUB_PROCESS     | Succeed    | 0.039s | deps: build_tree, export, relation
[2026-09-30-14:00:05.603] [INFO] [AscendProfiler_ProfilingParser:478] step_time                 | SUB_PROCESS     | Succeed    | 0.034s | deps: build_tree, timeline, relation, torch_op
[2026-09-30-14:00:05.604] [INFO] [AscendProfiler_ProfilingParser:478] memory                    | SUB_PROCESS     | Succeed    | 0.029s | deps: export, memory_prepare
[2026-09-30-14:00:05.604] [INFO] [AscendProfiler_ProfilingParser:478] integrate                 | SUB_PROCESS     | Succeed    | 0.059s | deps: export
[2026-09-30-14:00:05.604] [INFO] [AscendProfiler_ProfilingParser:478] communication             | SUB_PROCESS     | Succeed    | 0.029s | deps: build_tree, analyze, relation
[2026-09-30-14:00:05.604] [INFO] [AscendProfiler_ProfilingParser:478] db_prepare                | PTHREAD         | Succeed    | 0.003s | deps: torch_op, task_queue
[2026-09-30-14:00:05.604] [INFO] [AscendProfiler_ProfilingParser:478] torch_db                  | PTHREAD         | Succeed    | 0.066s | deps: export, memory_prepare, build_tree, analyze, db_prepare
