[2026-10-01-08:24:25.480] [INFO] [AscendProfiler_ProfilingParser:97] Profiler logger initialized at: /mnt/workspace/sfa-nonempty-perf-20260930/iteration-e1/screen-v2/profile-candidate-attempt-1-traces/native-torch.float16-1-indexer-True/752c3fdca26b44da9fd55f3c88dd3113_1609513_20261001082424662_ascend_pt/logs/profiler_20261001082425_1609853_ProfilingParser.log
[2026-10-01-08:24:25.529] [INFO] [AscendProfiler_ProfilingParser:100] TorchOpParser start.
[2026-10-01-08:24:25.530] [INFO] [AscendProfiler_ProfilingParser:82] TaskQueueParser start.
[2026-10-01-08:24:25.547] [INFO] [AscendProfiler_ProfilingParser:208] CANNTimelineParser start.
[2026-10-01-08:24:25.549] [INFO] [AscendProfiler_ProfilingParser:106] TorchOpParser finish.
[2026-10-01-08:24:25.551] [INFO] [AscendProfiler_ProfilingParser:88] TaskQueueParser finish.
[2026-10-01-08:24:25.567] [INFO] [AscendProfiler_ProfilingParser:62] TreeBuildParser start.
[2026-10-01-08:24:25.568] [INFO] [AscendProfiler_ProfilingParser:118] DbPreParser start.
[2026-10-01-08:24:25.569] [INFO] [AscendProfiler_ProfilingParser:70] TreeBuildParser finish.
[2026-10-01-08:24:25.570] [INFO] [AscendProfiler_ProfilingParser:129] DbPreParser finish.
[2026-10-01-08:24:25.571] [INFO] [AscendProfiler_ProfilingParser:62] MemoryPrepareParser start.
[2026-10-01-08:24:25.572] [INFO] [AscendProfiler_ProfilingParser:75] MemoryPrepareParser finish.
[2026-10-01-08:24:27.051] [INFO] [AscendProfiler_ProfilingParser:218] CANNTimelineParser finish.
[2026-10-01-08:24:27.052] [INFO] [AscendProfiler_ProfilingParser:31] RelationParser start.
[2026-10-01-08:24:27.091] [INFO] [AscendProfiler_ProfilingParser:38] RelationParser finish.
[2026-10-01-08:24:28.116] [INFO] [AscendProfiler_ProfilingParser:40] DbParser start.
[2026-10-01-08:24:28.135] [INFO] [AscendProfiler_ProfilingParser:27] BasicDbParser start.
[2026-10-01-08:24:28.149] [INFO] [AscendProfiler_ProfilingParser:40] BasicDbParser finish.
[2026-10-01-08:24:28.149] [INFO] [AscendProfiler_ProfilingParser:31] FwkApiDbParser start.
[2026-10-01-08:24:28.150] [INFO] [AscendProfiler_ProfilingParser:36] FwkApiDbParser get fwk api data finish.
[2026-10-01-08:24:28.150] [INFO] [AscendProfiler_ProfilingParser:38] FwkApiDbParser get api data for db finish.
[2026-10-01-08:24:28.166] [INFO] [AscendProfiler_ProfilingParser:40] FwkApiDbParser save api data to db finish.
[2026-10-01-08:24:28.166] [INFO] [AscendProfiler_ProfilingParser:44] FwkApiDbParser finish.
[2026-10-01-08:24:28.167] [INFO] [AscendProfiler_ProfilingParser:82] MemoryDbParser start.
[2026-10-01-08:24:28.167] [INFO] [AscendProfiler_ProfilingParser:95] MemoryDbParser finish.
[2026-10-01-08:24:28.168] [INFO] [AscendProfiler_ProfilingParser:33] GCRecordDbParser start.
[2026-10-01-08:24:28.168] [INFO] [AscendProfiler_ProfilingParser:41] GCRecordDbParser finish.
[2026-10-01-08:24:28.168] [INFO] [AscendProfiler_ProfilingParser:36] StepInfoDbParser start.
[2026-10-01-08:24:28.174] [INFO] [AscendProfiler_ProfilingParser:43] StepInfoDbParser finish.
[2026-10-01-08:24:28.174] [INFO] [AscendProfiler_ProfilingParser:80] CommunicationDbParser start.
[2026-10-01-08:24:28.176] [INFO] [AscendProfiler_ProfilingParser:88] CommunicationDbParser finish.
[2026-10-01-08:24:28.176] [INFO] [AscendProfiler_ProfilingParser:74] TraceStepTimeDbParser start.
[2026-10-01-08:24:28.183] [INFO] [AscendProfiler_ProfilingParser:83] TraceStepTimeDbParser finish.
[2026-10-01-08:24:28.183] [INFO] [AscendProfiler_ProfilingParser:64] DbParser finish.
[2026-10-01-08:24:28.683] [INFO] [AscendProfiler_ProfilingParser:473] ============================================================
[2026-10-01-08:24:28.684] [INFO] [AscendProfiler_ProfilingParser:474] Task execution completed
[2026-10-01-08:24:28.684] [INFO] [AscendProfiler_ProfilingParser:475] ============================================================
[2026-10-01-08:24:28.684] [INFO] [AscendProfiler_ProfilingParser:478] torch_op                  | PTHREAD         | Succeed    | 0.021s | deps: None
[2026-10-01-08:24:28.684] [INFO] [AscendProfiler_ProfilingParser:478] task_queue                | PTHREAD         | Succeed    | 0.021s | deps: None
[2026-10-01-08:24:28.684] [INFO] [AscendProfiler_ProfilingParser:478] trace_prepare             | SUB_PROCESS     | Succeed    | 0.024s | deps: torch_op, task_queue
[2026-10-01-08:24:28.684] [INFO] [AscendProfiler_ProfilingParser:478] build_tree                | PTHREAD         | Succeed    | 0.005s | deps: torch_op, task_queue
[2026-10-01-08:24:28.684] [INFO] [AscendProfiler_ProfilingParser:478] export                    | SUB_PROCESS     | Succeed    | 2.054s | deps: None
[2026-10-01-08:24:28.684] [INFO] [AscendProfiler_ProfilingParser:478] timeline                  | PTHREAD|NON_BLOCKING | Succeed    | 1.506s | deps: None
[2026-10-01-08:24:28.684] [INFO] [AscendProfiler_ProfilingParser:478] relation                  | PTHREAD         | Succeed    | 0.040s | deps: task_queue, timeline
[2026-10-01-08:24:28.685] [INFO] [AscendProfiler_ProfilingParser:478] memory_prepare            | PTHREAD         | Succeed    | 0.002s | deps: build_tree, task_queue, torch_op
[2026-10-01-08:24:28.685] [INFO] [AscendProfiler_ProfilingParser:478] analyze                   | SUB_PROCESS     | Succeed    | 1.048s | deps: timeline
[2026-10-01-08:24:28.685] [INFO] [AscendProfiler_ProfilingParser:478] operator                  | SUB_PROCESS     | Succeed    | 0.026s | deps: build_tree, timeline, relation, torch_op
[2026-10-01-08:24:28.685] [INFO] [AscendProfiler_ProfilingParser:478] trace                     | SUB_PROCESS     | Succeed    | 0.032s | deps: build_tree, trace_prepare, timeline, task_queue, torch_op
[2026-10-01-08:24:28.685] [INFO] [AscendProfiler_ProfilingParser:478] kernel                    | SUB_PROCESS     | Succeed    | 0.025s | deps: build_tree, export, relation
[2026-10-01-08:24:28.685] [INFO] [AscendProfiler_ProfilingParser:478] step_time                 | SUB_PROCESS     | Succeed    | 0.036s | deps: build_tree, timeline, relation, torch_op
[2026-10-01-08:24:28.685] [INFO] [AscendProfiler_ProfilingParser:478] memory                    | SUB_PROCESS     | Succeed    | 0.046s | deps: export, memory_prepare
[2026-10-01-08:24:28.685] [INFO] [AscendProfiler_ProfilingParser:478] integrate                 | SUB_PROCESS     | Succeed    | 0.030s | deps: export
[2026-10-01-08:24:28.685] [INFO] [AscendProfiler_ProfilingParser:478] communication             | SUB_PROCESS     | Succeed    | 0.027s | deps: build_tree, analyze, relation
[2026-10-01-08:24:28.685] [INFO] [AscendProfiler_ProfilingParser:478] db_prepare                | PTHREAD         | Succeed    | 0.004s | deps: torch_op, task_queue
[2026-10-01-08:24:28.685] [INFO] [AscendProfiler_ProfilingParser:478] torch_db                  | PTHREAD         | Succeed    | 0.067s | deps: export, memory_prepare, build_tree, analyze, db_prepare
