[2026-10-01-08:23:17.865] [INFO] [AscendProfiler_ProfilingParser:97] Profiler logger initialized at: /mnt/workspace/sfa-nonempty-perf-20260930/iteration-e1/screen-v2/profile-control-attempt-1-traces/quant-torch.bfloat16-1-chronological-True/752c3fdca26b44da9fd55f3c88dd3113_1600137_20261001082317006_ascend_pt/logs/profiler_20261001082317_1607998_ProfilingParser.log
[2026-10-01-08:23:17.916] [INFO] [AscendProfiler_ProfilingParser:100] TorchOpParser start.
[2026-10-01-08:23:17.917] [INFO] [AscendProfiler_ProfilingParser:82] TaskQueueParser start.
[2026-10-01-08:23:17.940] [INFO] [AscendProfiler_ProfilingParser:208] CANNTimelineParser start.
[2026-10-01-08:23:17.944] [INFO] [AscendProfiler_ProfilingParser:106] TorchOpParser finish.
[2026-10-01-08:23:17.945] [INFO] [AscendProfiler_ProfilingParser:88] TaskQueueParser finish.
[2026-10-01-08:23:17.946] [INFO] [AscendProfiler_ProfilingParser:62] TreeBuildParser start.
[2026-10-01-08:23:17.969] [INFO] [AscendProfiler_ProfilingParser:118] DbPreParser start.
[2026-10-01-08:23:17.971] [INFO] [AscendProfiler_ProfilingParser:70] TreeBuildParser finish.
[2026-10-01-08:23:17.972] [INFO] [AscendProfiler_ProfilingParser:62] MemoryPrepareParser start.
[2026-10-01-08:23:17.974] [INFO] [AscendProfiler_ProfilingParser:129] DbPreParser finish.
[2026-10-01-08:23:17.974] [INFO] [AscendProfiler_ProfilingParser:75] MemoryPrepareParser finish.
[2026-10-01-08:23:19.544] [INFO] [AscendProfiler_ProfilingParser:218] CANNTimelineParser finish.
[2026-10-01-08:23:19.566] [INFO] [AscendProfiler_ProfilingParser:31] RelationParser start.
[2026-10-01-08:23:19.598] [INFO] [AscendProfiler_ProfilingParser:38] RelationParser finish.
[2026-10-01-08:23:20.599] [INFO] [AscendProfiler_ProfilingParser:40] DbParser start.
[2026-10-01-08:23:20.623] [INFO] [AscendProfiler_ProfilingParser:27] BasicDbParser start.
[2026-10-01-08:23:20.636] [INFO] [AscendProfiler_ProfilingParser:40] BasicDbParser finish.
[2026-10-01-08:23:20.637] [INFO] [AscendProfiler_ProfilingParser:31] FwkApiDbParser start.
[2026-10-01-08:23:20.637] [INFO] [AscendProfiler_ProfilingParser:36] FwkApiDbParser get fwk api data finish.
[2026-10-01-08:23:20.637] [INFO] [AscendProfiler_ProfilingParser:38] FwkApiDbParser get api data for db finish.
[2026-10-01-08:23:20.654] [INFO] [AscendProfiler_ProfilingParser:40] FwkApiDbParser save api data to db finish.
[2026-10-01-08:23:20.654] [INFO] [AscendProfiler_ProfilingParser:44] FwkApiDbParser finish.
[2026-10-01-08:23:20.654] [INFO] [AscendProfiler_ProfilingParser:82] MemoryDbParser start.
[2026-10-01-08:23:20.655] [INFO] [AscendProfiler_ProfilingParser:95] MemoryDbParser finish.
[2026-10-01-08:23:20.655] [INFO] [AscendProfiler_ProfilingParser:33] GCRecordDbParser start.
[2026-10-01-08:23:20.656] [INFO] [AscendProfiler_ProfilingParser:41] GCRecordDbParser finish.
[2026-10-01-08:23:20.656] [INFO] [AscendProfiler_ProfilingParser:36] StepInfoDbParser start.
[2026-10-01-08:23:20.661] [INFO] [AscendProfiler_ProfilingParser:43] StepInfoDbParser finish.
[2026-10-01-08:23:20.662] [INFO] [AscendProfiler_ProfilingParser:80] CommunicationDbParser start.
[2026-10-01-08:23:20.663] [INFO] [AscendProfiler_ProfilingParser:88] CommunicationDbParser finish.
[2026-10-01-08:23:20.663] [INFO] [AscendProfiler_ProfilingParser:74] TraceStepTimeDbParser start.
[2026-10-01-08:23:20.669] [INFO] [AscendProfiler_ProfilingParser:83] TraceStepTimeDbParser finish.
[2026-10-01-08:23:20.669] [INFO] [AscendProfiler_ProfilingParser:64] DbParser finish.
[2026-10-01-08:23:21.171] [INFO] [AscendProfiler_ProfilingParser:473] ============================================================
[2026-10-01-08:23:21.171] [INFO] [AscendProfiler_ProfilingParser:474] Task execution completed
[2026-10-01-08:23:21.171] [INFO] [AscendProfiler_ProfilingParser:475] ============================================================
[2026-10-01-08:23:21.171] [INFO] [AscendProfiler_ProfilingParser:478] torch_op                  | PTHREAD         | Succeed    | 0.028s | deps: None
[2026-10-01-08:23:21.171] [INFO] [AscendProfiler_ProfilingParser:478] task_queue                | PTHREAD         | Succeed    | 0.029s | deps: None
[2026-10-01-08:23:21.171] [INFO] [AscendProfiler_ProfilingParser:478] trace_prepare             | SUB_PROCESS     | Succeed    | 0.033s | deps: torch_op, task_queue
[2026-10-01-08:23:21.171] [INFO] [AscendProfiler_ProfilingParser:478] build_tree                | PTHREAD         | Succeed    | 0.027s | deps: torch_op, task_queue
[2026-10-01-08:23:21.172] [INFO] [AscendProfiler_ProfilingParser:478] export                    | SUB_PROCESS     | Succeed    | 2.060s | deps: None
[2026-10-01-08:23:21.172] [INFO] [AscendProfiler_ProfilingParser:478] timeline                  | PTHREAD|NON_BLOCKING | Succeed    | 1.605s | deps: None
[2026-10-01-08:23:21.172] [INFO] [AscendProfiler_ProfilingParser:478] relation                  | PTHREAD         | Succeed    | 0.033s | deps: task_queue, timeline
[2026-10-01-08:23:21.172] [INFO] [AscendProfiler_ProfilingParser:478] memory_prepare            | PTHREAD         | Succeed    | 0.003s | deps: build_tree, task_queue, torch_op
[2026-10-01-08:23:21.172] [INFO] [AscendProfiler_ProfilingParser:478] analyze                   | SUB_PROCESS     | Succeed    | 1.054s | deps: timeline
[2026-10-01-08:23:21.172] [INFO] [AscendProfiler_ProfilingParser:478] operator                  | SUB_PROCESS     | Succeed    | 0.034s | deps: build_tree, timeline, relation, torch_op
[2026-10-01-08:23:21.172] [INFO] [AscendProfiler_ProfilingParser:478] trace                     | SUB_PROCESS     | Succeed    | 0.076s | deps: build_tree, trace_prepare, timeline, task_queue, torch_op
[2026-10-01-08:23:21.172] [INFO] [AscendProfiler_ProfilingParser:478] kernel                    | SUB_PROCESS     | Succeed    | 0.045s | deps: build_tree, export, relation
[2026-10-01-08:23:21.172] [INFO] [AscendProfiler_ProfilingParser:478] step_time                 | SUB_PROCESS     | Succeed    | 0.045s | deps: build_tree, timeline, relation, torch_op
[2026-10-01-08:23:21.172] [INFO] [AscendProfiler_ProfilingParser:478] memory                    | SUB_PROCESS     | Succeed    | 0.066s | deps: export, memory_prepare
[2026-10-01-08:23:21.172] [INFO] [AscendProfiler_ProfilingParser:478] integrate                 | SUB_PROCESS     | Succeed    | 0.036s | deps: export
[2026-10-01-08:23:21.172] [INFO] [AscendProfiler_ProfilingParser:478] communication             | SUB_PROCESS     | Succeed    | 0.033s | deps: build_tree, analyze, relation
[2026-10-01-08:23:21.172] [INFO] [AscendProfiler_ProfilingParser:478] db_prepare                | PTHREAD         | Succeed    | 0.005s | deps: torch_op, task_queue
[2026-10-01-08:23:21.173] [INFO] [AscendProfiler_ProfilingParser:478] torch_db                  | PTHREAD         | Succeed    | 0.072s | deps: export, memory_prepare, build_tree, analyze, db_prepare
