[2026-10-01-09:04:00.131] [INFO] [AscendProfiler_ProfilingParser:97] Profiler logger initialized at: /mnt/workspace/sfa-nonempty-perf-20260930/iteration-e2/screen-v1/profile-candidate-attempt-1-traces/native-torch.bfloat16-1-chronological-False/752c3fdca26b44da9fd55f3c88dd3113_1632884_20261001090359172_ascend_pt/logs/profiler_20261001090400_1635780_ProfilingParser.log
[2026-10-01-09:04:00.182] [INFO] [AscendProfiler_ProfilingParser:100] TorchOpParser start.
[2026-10-01-09:04:00.182] [INFO] [AscendProfiler_ProfilingParser:82] TaskQueueParser start.
[2026-10-01-09:04:00.210] [INFO] [AscendProfiler_ProfilingParser:208] CANNTimelineParser start.
[2026-10-01-09:04:00.213] [INFO] [AscendProfiler_ProfilingParser:106] TorchOpParser finish.
[2026-10-01-09:04:00.214] [INFO] [AscendProfiler_ProfilingParser:88] TaskQueueParser finish.
[2026-10-01-09:04:00.242] [INFO] [AscendProfiler_ProfilingParser:62] TreeBuildParser start.
[2026-10-01-09:04:00.243] [INFO] [AscendProfiler_ProfilingParser:118] DbPreParser start.
[2026-10-01-09:04:00.245] [INFO] [AscendProfiler_ProfilingParser:70] TreeBuildParser finish.
[2026-10-01-09:04:00.246] [INFO] [AscendProfiler_ProfilingParser:129] DbPreParser finish.
[2026-10-01-09:04:00.247] [INFO] [AscendProfiler_ProfilingParser:62] MemoryPrepareParser start.
[2026-10-01-09:04:00.247] [INFO] [AscendProfiler_ProfilingParser:75] MemoryPrepareParser finish.
[2026-10-01-09:04:01.713] [INFO] [AscendProfiler_ProfilingParser:218] CANNTimelineParser finish.
[2026-10-01-09:04:01.740] [INFO] [AscendProfiler_ProfilingParser:31] RelationParser start.
[2026-10-01-09:04:01.776] [INFO] [AscendProfiler_ProfilingParser:38] RelationParser finish.
[2026-10-01-09:04:02.773] [INFO] [AscendProfiler_ProfilingParser:40] DbParser start.
[2026-10-01-09:04:02.802] [INFO] [AscendProfiler_ProfilingParser:27] BasicDbParser start.
[2026-10-01-09:04:02.816] [INFO] [AscendProfiler_ProfilingParser:40] BasicDbParser finish.
[2026-10-01-09:04:02.816] [INFO] [AscendProfiler_ProfilingParser:31] FwkApiDbParser start.
[2026-10-01-09:04:02.817] [INFO] [AscendProfiler_ProfilingParser:36] FwkApiDbParser get fwk api data finish.
[2026-10-01-09:04:02.817] [INFO] [AscendProfiler_ProfilingParser:38] FwkApiDbParser get api data for db finish.
[2026-10-01-09:04:02.832] [INFO] [AscendProfiler_ProfilingParser:40] FwkApiDbParser save api data to db finish.
[2026-10-01-09:04:02.832] [INFO] [AscendProfiler_ProfilingParser:44] FwkApiDbParser finish.
[2026-10-01-09:04:02.833] [INFO] [AscendProfiler_ProfilingParser:82] MemoryDbParser start.
[2026-10-01-09:04:02.833] [INFO] [AscendProfiler_ProfilingParser:95] MemoryDbParser finish.
[2026-10-01-09:04:02.833] [INFO] [AscendProfiler_ProfilingParser:33] GCRecordDbParser start.
[2026-10-01-09:04:02.834] [INFO] [AscendProfiler_ProfilingParser:41] GCRecordDbParser finish.
[2026-10-01-09:04:02.834] [INFO] [AscendProfiler_ProfilingParser:36] StepInfoDbParser start.
[2026-10-01-09:04:02.840] [INFO] [AscendProfiler_ProfilingParser:43] StepInfoDbParser finish.
[2026-10-01-09:04:02.841] [INFO] [AscendProfiler_ProfilingParser:80] CommunicationDbParser start.
[2026-10-01-09:04:02.842] [INFO] [AscendProfiler_ProfilingParser:88] CommunicationDbParser finish.
[2026-10-01-09:04:02.842] [INFO] [AscendProfiler_ProfilingParser:74] TraceStepTimeDbParser start.
[2026-10-01-09:04:02.848] [INFO] [AscendProfiler_ProfilingParser:83] TraceStepTimeDbParser finish.
[2026-10-01-09:04:02.848] [INFO] [AscendProfiler_ProfilingParser:64] DbParser finish.
[2026-10-01-09:04:03.358] [INFO] [AscendProfiler_ProfilingParser:473] ============================================================
[2026-10-01-09:04:03.359] [INFO] [AscendProfiler_ProfilingParser:474] Task execution completed
[2026-10-01-09:04:03.359] [INFO] [AscendProfiler_ProfilingParser:475] ============================================================
[2026-10-01-09:04:03.359] [INFO] [AscendProfiler_ProfilingParser:478] torch_op                  | PTHREAD         | Succeed    | 0.033s | deps: None
[2026-10-01-09:04:03.359] [INFO] [AscendProfiler_ProfilingParser:478] task_queue                | PTHREAD         | Succeed    | 0.032s | deps: None
[2026-10-01-09:04:03.359] [INFO] [AscendProfiler_ProfilingParser:478] trace_prepare             | SUB_PROCESS     | Succeed    | 0.036s | deps: torch_op, task_queue
[2026-10-01-09:04:03.359] [INFO] [AscendProfiler_ProfilingParser:478] build_tree                | PTHREAD         | Succeed    | 0.005s | deps: torch_op, task_queue
[2026-10-01-09:04:03.359] [INFO] [AscendProfiler_ProfilingParser:478] export                    | SUB_PROCESS     | Succeed    | 2.063s | deps: None
[2026-10-01-09:04:03.359] [INFO] [AscendProfiler_ProfilingParser:478] timeline                  | PTHREAD|NON_BLOCKING | Succeed    | 1.504s | deps: None
[2026-10-01-09:04:03.359] [INFO] [AscendProfiler_ProfilingParser:478] relation                  | PTHREAD         | Succeed    | 0.038s | deps: task_queue, timeline
[2026-10-01-09:04:03.359] [INFO] [AscendProfiler_ProfilingParser:478] memory_prepare            | PTHREAD         | Succeed    | 0.002s | deps: build_tree, task_queue, torch_op
[2026-10-01-09:04:03.360] [INFO] [AscendProfiler_ProfilingParser:478] analyze                   | SUB_PROCESS     | Succeed    | 1.060s | deps: timeline
[2026-10-01-09:04:03.360] [INFO] [AscendProfiler_ProfilingParser:478] operator                  | SUB_PROCESS     | Succeed    | 0.036s | deps: build_tree, timeline, relation, torch_op
[2026-10-01-09:04:03.360] [INFO] [AscendProfiler_ProfilingParser:478] trace                     | SUB_PROCESS     | Succeed    | 0.091s | deps: build_tree, trace_prepare, timeline, task_queue, torch_op
[2026-10-01-09:04:03.360] [INFO] [AscendProfiler_ProfilingParser:478] kernel                    | SUB_PROCESS     | Succeed    | 0.037s | deps: build_tree, export, relation
[2026-10-01-09:04:03.360] [INFO] [AscendProfiler_ProfilingParser:478] step_time                 | SUB_PROCESS     | Succeed    | 0.055s | deps: build_tree, timeline, relation, torch_op
[2026-10-01-09:04:03.360] [INFO] [AscendProfiler_ProfilingParser:478] memory                    | SUB_PROCESS     | Succeed    | 0.078s | deps: export, memory_prepare
[2026-10-01-09:04:03.360] [INFO] [AscendProfiler_ProfilingParser:478] integrate                 | SUB_PROCESS     | Succeed    | 0.053s | deps: export
[2026-10-01-09:04:03.360] [INFO] [AscendProfiler_ProfilingParser:478] communication             | SUB_PROCESS     | Succeed    | 0.038s | deps: build_tree, analyze, relation
[2026-10-01-09:04:03.360] [INFO] [AscendProfiler_ProfilingParser:478] db_prepare                | PTHREAD         | Succeed    | 0.005s | deps: torch_op, task_queue
[2026-10-01-09:04:03.360] [INFO] [AscendProfiler_ProfilingParser:478] torch_db                  | PTHREAD         | Succeed    | 0.076s | deps: export, memory_prepare, build_tree, analyze, db_prepare
