/opt/buildtools/Python-3.11.4/lib/python3.11/site-packages/torch_npu/utils/_path_manager.py:66: UserWarning: Permission mismatch: The owner of /opt/buildtools/Python-3.11.4/lib/python3.11/site-packages/torch_npu/lib/libop_plugin_atb.so does not match.
  warnings.warn(f"Permission mismatch: The owner of {path} does not match.")
smoke-control attempt 1
smoke-candidate attempt 1
nope-capture attempt 1
nope-check attempt 1
profile-control attempt 1
profile-candidate attempt 1
64 profile records prove original20/40, candidateq1=1/2 and q32=20/40
pytest-control attempt 1
pytest-candidate attempt 1
nope-b1 attempt 1
nope-c1 attempt 1
nope-c2 attempt 1
nope-b2 attempt 1
{
  "q1-indexer-lseFalse": {
    "cases": 4,
    "lower": 4,
    "higher": 0,
    "best_change_percent": -6.832219460793687,
    "worst_change_percent": -6.159082819047579,
    "geometric_mean_time_change_percent": -6.595675569018267,
    "separated_lower": 4,
    "separated_higher": 0
  },
  "q1-indexer-lseTrue": {
    "cases": 4,
    "lower": 4,
    "higher": 0,
    "best_change_percent": -7.067650915475909,
    "worst_change_percent": -5.986509361266679,
    "geometric_mean_time_change_percent": -6.481437913214483,
    "separated_lower": 4,
    "separated_higher": 0
  },
  "q1-chronological-lseFalse": {
    "cases": 4,
    "lower": 4,
    "higher": 0,
    "best_change_percent": -7.6022284023244735,
    "worst_change_percent": -5.769944142957528,
    "geometric_mean_time_change_percent": -6.445338429796643,
    "separated_lower": 4,
    "separated_higher": 0
  },
  "q1-chronological-lseTrue": {
    "cases": 4,
    "lower": 4,
    "higher": 0,
    "best_change_percent": -7.080810941920335,
    "worst_change_percent": -6.276055509841472,
    "geometric_mean_time_change_percent": -6.740613759814296,
    "separated_lower": 4,
    "separated_higher": 0
  },
  "q32-indexer-lseFalse": {
    "cases": 4,
    "lower": 3,
    "higher": 1,
    "best_change_percent": -0.9969088398396719,
    "worst_change_percent": 0.6780230839620538,
    "geometric_mean_time_change_percent": -0.08592265855328352,
    "separated_lower": 1,
    "separated_higher": 1
  },
  "q32-indexer-lseTrue": {
    "cases": 4,
    "lower": 2,
    "higher": 2,
    "best_change_percent": -0.9715563280722539,
    "worst_change_percent": 0.45343244245559244,
    "geometric_mean_time_change_percent": -0.12190389164455917,
    "separated_lower": 1,
    "separated_higher": 1
  },
  "q32-chronological-lseFalse": {
    "cases": 4,
    "lower": 2,
    "higher": 2,
    "best_change_percent": -0.4182737433325534,
    "worst_change_percent": 0.39515465480490786,
    "geometric_mean_time_change_percent": -0.007694093420074211,
    "separated_lower": 1,
    "separated_higher": 1
  },
  "q32-chronological-lseTrue": {
    "cases": 4,
    "lower": 3,
    "higher": 1,
    "best_change_percent": -0.5463418694171662,
    "worst_change_percent": 0.6423337972356169,
    "geometric_mean_time_change_percent": -0.02486703846219518,
    "separated_lower": 0,
    "separated_higher": 0
  }
}
504 tests per build, 32 frozen-input checks, balanced timing and separate profiles complete; broader acceptance pending
