[2026-09-30-14:01:38.958] [INFO] [AscendProfiler_ProfilingParser:97] Profiler logger initialized at: /mnt/workspace/hc-pre-reduction-20260930/iteration-01/profile-v2-candidate-q0/data/t128-d4096-signed1/752c3fdca26b44da9fd55f3c88dd3113_1046810_20260930140138221_ascend_pt/logs/profiler_20260930140138_1047143_ProfilingParser.log
[2026-09-30-14:01:39.012] [INFO] [AscendProfiler_ProfilingParser:100] TorchOpParser start.
[2026-09-30-14:01:39.012] [INFO] [AscendProfiler_ProfilingParser:82] TaskQueueParser start.
[2026-09-30-14:01:39.036] [INFO] [AscendProfiler_ProfilingParser:208] CANNTimelineParser start.
[2026-09-30-14:01:39.037] [INFO] [AscendProfiler_ProfilingParser:88] TaskQueueParser finish.
[2026-09-30-14:01:39.038] [INFO] [AscendProfiler_ProfilingParser:106] TorchOpParser finish.
[2026-09-30-14:01:39.061] [INFO] [AscendProfiler_ProfilingParser:118] DbPreParser start.
[2026-09-30-14:01:39.062] [INFO] [AscendProfiler_ProfilingParser:62] TreeBuildParser start.
[2026-09-30-14:01:39.064] [INFO] [AscendProfiler_ProfilingParser:129] DbPreParser finish.
[2026-09-30-14:01:39.064] [INFO] [AscendProfiler_ProfilingParser:70] TreeBuildParser finish.
[2026-09-30-14:01:39.065] [INFO] [AscendProfiler_ProfilingParser:62] MemoryPrepareParser start.
[2026-09-30-14:01:39.066] [INFO] [AscendProfiler_ProfilingParser:75] MemoryPrepareParser finish.
[2026-09-30-14:01:41.641] [INFO] [AscendProfiler_ProfilingParser:218] CANNTimelineParser finish.
[2026-09-30-14:01:41.686] [INFO] [AscendProfiler_ProfilingParser:31] RelationParser start.
[2026-09-30-14:01:41.695] [INFO] [AscendProfiler_ProfilingParser:38] RelationParser finish.
[2026-09-30-14:01:42.696] [INFO] [AscendProfiler_ProfilingParser:40] DbParser start.
[2026-09-30-14:01:42.719] [INFO] [AscendProfiler_ProfilingParser:27] BasicDbParser start.
[2026-09-30-14:01:42.734] [INFO] [AscendProfiler_ProfilingParser:40] BasicDbParser finish.
[2026-09-30-14:01:42.734] [INFO] [AscendProfiler_ProfilingParser:31] FwkApiDbParser start.
[2026-09-30-14:01:42.735] [INFO] [AscendProfiler_ProfilingParser:36] FwkApiDbParser get fwk api data finish.
[2026-09-30-14:01:42.735] [ERROR] [AscendProfiler_ProfilingParser:117] Failed to find node launch str id
[2026-09-30-14:01:42.735] [INFO] [AscendProfiler_ProfilingParser:38] FwkApiDbParser get api data for db finish.
[2026-09-30-14:01:42.746] [INFO] [AscendProfiler_ProfilingParser:40] FwkApiDbParser save api data to db finish.
[2026-09-30-14:01:42.746] [INFO] [AscendProfiler_ProfilingParser:44] FwkApiDbParser finish.
[2026-09-30-14:01:42.747] [INFO] [AscendProfiler_ProfilingParser:82] MemoryDbParser start.
[2026-09-30-14:01:42.747] [INFO] [AscendProfiler_ProfilingParser:95] MemoryDbParser finish.
[2026-09-30-14:01:42.748] [INFO] [AscendProfiler_ProfilingParser:33] GCRecordDbParser start.
[2026-09-30-14:01:42.748] [INFO] [AscendProfiler_ProfilingParser:41] GCRecordDbParser finish.
[2026-09-30-14:01:42.748] [INFO] [AscendProfiler_ProfilingParser:36] StepInfoDbParser start.
[2026-09-30-14:01:42.755] [INFO] [AscendProfiler_ProfilingParser:43] StepInfoDbParser finish.
[2026-09-30-14:01:42.755] [INFO] [AscendProfiler_ProfilingParser:80] CommunicationDbParser start.
[2026-09-30-14:01:42.757] [INFO] [AscendProfiler_ProfilingParser:88] CommunicationDbParser finish.
[2026-09-30-14:01:42.757] [INFO] [AscendProfiler_ProfilingParser:74] TraceStepTimeDbParser start.
[2026-09-30-14:01:42.763] [INFO] [AscendProfiler_ProfilingParser:83] TraceStepTimeDbParser finish.
[2026-09-30-14:01:42.763] [INFO] [AscendProfiler_ProfilingParser:64] DbParser finish.
[2026-09-30-14:01:43.269] [INFO] [AscendProfiler_ProfilingParser:473] ============================================================
[2026-09-30-14:01:43.269] [INFO] [AscendProfiler_ProfilingParser:474] Task execution completed
[2026-09-30-14:01:43.269] [INFO] [AscendProfiler_ProfilingParser:475] ============================================================
[2026-09-30-14:01:43.270] [INFO] [AscendProfiler_ProfilingParser:478] torch_op                  | PTHREAD         | Succeed    | 0.027s | deps: None
[2026-09-30-14:01:43.270] [INFO] [AscendProfiler_ProfilingParser:478] task_queue                | PTHREAD         | Succeed    | 0.026s | deps: None
[2026-09-30-14:01:43.270] [INFO] [AscendProfiler_ProfilingParser:478] trace_prepare             | SUB_PROCESS     | Succeed    | 0.030s | deps: torch_op, task_queue
[2026-09-30-14:01:43.270] [INFO] [AscendProfiler_ProfilingParser:478] build_tree                | PTHREAD         | Succeed    | 0.003s | deps: torch_op, task_queue
[2026-09-30-14:01:43.270] [INFO] [AscendProfiler_ProfilingParser:478] export                    | SUB_PROCESS     | Succeed    | 3.063s | deps: None
[2026-09-30-14:01:43.270] [INFO] [AscendProfiler_ProfilingParser:478] timeline                  | PTHREAD|NON_BLOCKING | Succeed    | 2.607s | deps: None
[2026-09-30-14:01:43.270] [INFO] [AscendProfiler_ProfilingParser:478] relation                  | PTHREAD         | Succeed    | 0.010s | deps: task_queue, timeline
[2026-09-30-14:01:43.270] [INFO] [AscendProfiler_ProfilingParser:478] memory_prepare            | PTHREAD         | Succeed    | 0.001s | deps: build_tree, task_queue, torch_op
[2026-09-30-14:01:43.270] [INFO] [AscendProfiler_ProfilingParser:478] analyze                   | SUB_PROCESS     | Succeed    | 1.053s | deps: timeline
[2026-09-30-14:01:43.270] [INFO] [AscendProfiler_ProfilingParser:478] operator                  | SUB_PROCESS     | Succeed    | 0.046s | deps: build_tree, timeline, relation, torch_op
[2026-09-30-14:01:43.270] [INFO] [AscendProfiler_ProfilingParser:478] trace                     | SUB_PROCESS     | Succeed    | 0.079s | deps: build_tree, trace_prepare, timeline, task_queue, torch_op
[2026-09-30-14:01:43.271] [INFO] [AscendProfiler_ProfilingParser:478] kernel                    | SUB_PROCESS     | Succeed    | 0.066s | deps: build_tree, export, relation
[2026-09-30-14:01:43.271] [INFO] [AscendProfiler_ProfilingParser:478] step_time                 | SUB_PROCESS     | Succeed    | 0.036s | deps: build_tree, timeline, relation, torch_op
[2026-09-30-14:01:43.271] [INFO] [AscendProfiler_ProfilingParser:478] memory                    | SUB_PROCESS     | Succeed    | 0.045s | deps: export, memory_prepare
[2026-09-30-14:01:43.271] [INFO] [AscendProfiler_ProfilingParser:478] integrate                 | SUB_PROCESS     | Succeed    | 0.036s | deps: export
[2026-09-30-14:01:43.271] [INFO] [AscendProfiler_ProfilingParser:478] communication             | SUB_PROCESS     | Succeed    | 0.032s | deps: build_tree, analyze, relation
[2026-09-30-14:01:43.271] [INFO] [AscendProfiler_ProfilingParser:478] db_prepare                | PTHREAD         | Succeed    | 0.003s | deps: torch_op, task_queue
[2026-09-30-14:01:43.271] [INFO] [AscendProfiler_ProfilingParser:478] torch_db                  | PTHREAD         | Succeed    | 0.069s | deps: export, memory_prepare, build_tree, analyze, db_prepare
