[2026-10-01-09:03:14.647] [INFO] [AscendProfiler_ProfilingParser:97] Profiler logger initialized at: /mnt/workspace/sfa-nonempty-perf-20260930/iteration-e2/screen-v1/profile-candidate-attempt-1-traces/native-torch.float16-1-chronological-False/752c3fdca26b44da9fd55f3c88dd3113_1632884_20261001090313780_ascend_pt/logs/profiler_20261001090314_1633510_ProfilingParser.log
[2026-10-01-09:03:14.699] [INFO] [AscendProfiler_ProfilingParser:100] TorchOpParser start.
[2026-10-01-09:03:14.699] [INFO] [AscendProfiler_ProfilingParser:82] TaskQueueParser start.
[2026-10-01-09:03:14.724] [INFO] [AscendProfiler_ProfilingParser:208] CANNTimelineParser start.
[2026-10-01-09:03:14.727] [INFO] [AscendProfiler_ProfilingParser:106] TorchOpParser finish.
[2026-10-01-09:03:14.729] [INFO] [AscendProfiler_ProfilingParser:88] TaskQueueParser finish.
[2026-10-01-09:03:14.754] [INFO] [AscendProfiler_ProfilingParser:62] TreeBuildParser start.
[2026-10-01-09:03:14.755] [INFO] [AscendProfiler_ProfilingParser:118] DbPreParser start.
[2026-10-01-09:03:14.756] [INFO] [AscendProfiler_ProfilingParser:70] TreeBuildParser finish.
[2026-10-01-09:03:14.758] [INFO] [AscendProfiler_ProfilingParser:129] DbPreParser finish.
[2026-10-01-09:03:14.758] [INFO] [AscendProfiler_ProfilingParser:62] MemoryPrepareParser start.
[2026-10-01-09:03:14.759] [INFO] [AscendProfiler_ProfilingParser:75] MemoryPrepareParser finish.
[2026-10-01-09:03:17.328] [INFO] [AscendProfiler_ProfilingParser:218] CANNTimelineParser finish.
[2026-10-01-09:03:17.353] [INFO] [AscendProfiler_ProfilingParser:31] RelationParser start.
[2026-10-01-09:03:17.387] [INFO] [AscendProfiler_ProfilingParser:38] RelationParser finish.
[2026-10-01-09:03:18.386] [INFO] [AscendProfiler_ProfilingParser:40] DbParser start.
[2026-10-01-09:03:18.411] [INFO] [AscendProfiler_ProfilingParser:27] BasicDbParser start.
[2026-10-01-09:03:18.426] [INFO] [AscendProfiler_ProfilingParser:40] BasicDbParser finish.
[2026-10-01-09:03:18.427] [INFO] [AscendProfiler_ProfilingParser:31] FwkApiDbParser start.
[2026-10-01-09:03:18.427] [INFO] [AscendProfiler_ProfilingParser:36] FwkApiDbParser get fwk api data finish.
[2026-10-01-09:03:18.428] [INFO] [AscendProfiler_ProfilingParser:38] FwkApiDbParser get api data for db finish.
[2026-10-01-09:03:18.443] [INFO] [AscendProfiler_ProfilingParser:40] FwkApiDbParser save api data to db finish.
[2026-10-01-09:03:18.443] [INFO] [AscendProfiler_ProfilingParser:44] FwkApiDbParser finish.
[2026-10-01-09:03:18.443] [INFO] [AscendProfiler_ProfilingParser:82] MemoryDbParser start.
[2026-10-01-09:03:18.444] [INFO] [AscendProfiler_ProfilingParser:95] MemoryDbParser finish.
[2026-10-01-09:03:18.444] [INFO] [AscendProfiler_ProfilingParser:33] GCRecordDbParser start.
[2026-10-01-09:03:18.445] [INFO] [AscendProfiler_ProfilingParser:41] GCRecordDbParser finish.
[2026-10-01-09:03:18.445] [INFO] [AscendProfiler_ProfilingParser:36] StepInfoDbParser start.
[2026-10-01-09:03:18.452] [INFO] [AscendProfiler_ProfilingParser:43] StepInfoDbParser finish.
[2026-10-01-09:03:18.452] [INFO] [AscendProfiler_ProfilingParser:80] CommunicationDbParser start.
[2026-10-01-09:03:18.454] [INFO] [AscendProfiler_ProfilingParser:88] CommunicationDbParser finish.
[2026-10-01-09:03:18.454] [INFO] [AscendProfiler_ProfilingParser:74] TraceStepTimeDbParser start.
[2026-10-01-09:03:18.460] [INFO] [AscendProfiler_ProfilingParser:83] TraceStepTimeDbParser finish.
[2026-10-01-09:03:18.460] [INFO] [AscendProfiler_ProfilingParser:64] DbParser finish.
[2026-10-01-09:03:18.961] [INFO] [AscendProfiler_ProfilingParser:473] ============================================================
[2026-10-01-09:03:18.962] [INFO] [AscendProfiler_ProfilingParser:474] Task execution completed
[2026-10-01-09:03:18.962] [INFO] [AscendProfiler_ProfilingParser:475] ============================================================
[2026-10-01-09:03:18.962] [INFO] [AscendProfiler_ProfilingParser:478] torch_op                  | PTHREAD         | Succeed    | 0.029s | deps: None
[2026-10-01-09:03:18.962] [INFO] [AscendProfiler_ProfilingParser:478] task_queue                | PTHREAD         | Succeed    | 0.030s | deps: None
[2026-10-01-09:03:18.962] [INFO] [AscendProfiler_ProfilingParser:478] trace_prepare             | SUB_PROCESS     | Succeed    | 0.034s | deps: torch_op, task_queue
[2026-10-01-09:03:18.962] [INFO] [AscendProfiler_ProfilingParser:478] build_tree                | PTHREAD         | Succeed    | 0.004s | deps: torch_op, task_queue
[2026-10-01-09:03:18.962] [INFO] [AscendProfiler_ProfilingParser:478] export                    | SUB_PROCESS     | Succeed    | 3.065s | deps: None
[2026-10-01-09:03:18.962] [INFO] [AscendProfiler_ProfilingParser:478] timeline                  | PTHREAD|NON_BLOCKING | Succeed    | 2.606s | deps: None
[2026-10-01-09:03:18.962] [INFO] [AscendProfiler_ProfilingParser:478] relation                  | PTHREAD         | Succeed    | 0.036s | deps: task_queue, timeline
[2026-10-01-09:03:18.962] [INFO] [AscendProfiler_ProfilingParser:478] memory_prepare            | PTHREAD         | Succeed    | 0.003s | deps: build_tree, task_queue, torch_op
[2026-10-01-09:03:18.963] [INFO] [AscendProfiler_ProfilingParser:478] analyze                   | SUB_PROCESS     | Succeed    | 1.056s | deps: timeline
[2026-10-01-09:03:18.963] [INFO] [AscendProfiler_ProfilingParser:478] operator                  | SUB_PROCESS     | Succeed    | 0.039s | deps: build_tree, timeline, relation, torch_op
[2026-10-01-09:03:18.963] [INFO] [AscendProfiler_ProfilingParser:478] trace                     | SUB_PROCESS     | Succeed    | 0.088s | deps: build_tree, trace_prepare, timeline, task_queue, torch_op
[2026-10-01-09:03:18.963] [INFO] [AscendProfiler_ProfilingParser:478] kernel                    | SUB_PROCESS     | Succeed    | 0.037s | deps: build_tree, export, relation
[2026-10-01-09:03:18.963] [INFO] [AscendProfiler_ProfilingParser:478] step_time                 | SUB_PROCESS     | Succeed    | 0.054s | deps: build_tree, timeline, relation, torch_op
[2026-10-01-09:03:18.963] [INFO] [AscendProfiler_ProfilingParser:478] memory                    | SUB_PROCESS     | Succeed    | 0.076s | deps: export, memory_prepare
[2026-10-01-09:03:18.963] [INFO] [AscendProfiler_ProfilingParser:478] integrate                 | SUB_PROCESS     | Succeed    | 0.053s | deps: export
[2026-10-01-09:03:18.963] [INFO] [AscendProfiler_ProfilingParser:478] communication             | SUB_PROCESS     | Succeed    | 0.035s | deps: build_tree, analyze, relation
[2026-10-01-09:03:18.963] [INFO] [AscendProfiler_ProfilingParser:478] db_prepare                | PTHREAD         | Succeed    | 0.004s | deps: torch_op, task_queue
[2026-10-01-09:03:18.963] [INFO] [AscendProfiler_ProfilingParser:478] torch_db                  | PTHREAD         | Succeed    | 0.075s | deps: export, memory_prepare, build_tree, analyze, db_prepare
