ninja: no work to do.
[W930 12:06:38.258077555 NPUCachingAllocator.cpp:202] Warning: The current CANN and HDK(driver) versions require processing for 32 padding size, with memory allocation. (function operator())
t1-d4096-signed0 [31.477, 32.304, 31.217]
t1-d4096-signed1 [32.305, 31.15, 32.327]
t2-d4096-signed0 [31.274, 32.238, 31.311]
t2-d4096-signed1 [32.355, 31.358, 32.388]
t4-d4096-signed0 [33.094, 33.786, 32.311]
t4-d4096-signed1 [32.591, 32.416, 32.508]
t17-d4096-signed0 [33.711, 34.044, 33.756]
t17-d4096-signed1 [34.164, 34.452, 34.904]
t128-d4096-signed0 [66.62, 65.129, 64.856]
t128-d4096-signed1 [66.627, 66.469, 66.772]
t257-d4096-signed0 [92.904, 92.585, 92.466]
t257-d4096-signed1 [93.08, 92.977, 92.916]
t512-d4096-signed0 [142.828, 142.743, 142.654]
t512-d4096-signed1 [143.211, 143.111, 142.879]
t1-d7168-signed0 [34.959, 34.086, 35.01]
t1-d7168-signed1 [34.031, 34.818, 34.103]
t2-d7168-signed0 [35.131, 35.144, 35.026]
t2-d7168-signed1 [35.185, 35.088, 35.267]
t4-d7168-signed0 [35.147, 34.821, 35.046]
t4-d7168-signed1 [34.862, 35.086, 34.935]
t17-d7168-signed0 [37.07, 36.852, 36.959]
t17-d7168-signed1 [36.881, 37.214, 36.939]
t128-d7168-signed0 [71.558, 71.272, 71.937]
t128-d7168-signed1 [72.232, 72.354, 72.009]
t257-d7168-signed0 [107.7, 107.963, 107.669]
t257-d7168-signed1 [107.5, 107.478, 107.394]
t512-d7168-signed0 [170.783, 171.497, 171.049]
t512-d7168-signed1 [169.453, 170.087, 169.8]
