[2026-09-30-16:44:50.298] [INFO] [AscendProfiler_ProfilingParser:97] Profiler logger initialized at: /mnt/workspace/hc-pre-reduction-20260930/iteration-02/model-profile1-peeled-graph/data/profile/dp0_pp0_tp0_dcp0_ep0_rank0_1246582_20260930164449108_ascend_pt/logs/profiler_20260930164450_1246722_ProfilingParser.log
[2026-09-30-16:44:50.348] [INFO] [AscendProfiler_ProfilingParser:100] TorchOpParser start.
[2026-09-30-16:44:50.348] [INFO] [AscendProfiler_ProfilingParser:82] TaskQueueParser start.
[2026-09-30-16:44:50.379] [INFO] [AscendProfiler_ProfilingParser:208] CANNTimelineParser start.
[2026-09-30-16:44:50.590] [INFO] [AscendProfiler_ProfilingParser:88] TaskQueueParser finish.
[2026-09-30-16:44:50.605] [INFO] [AscendProfiler_ProfilingParser:106] TorchOpParser finish.
[2026-09-30-16:44:50.636] [INFO] [AscendProfiler_ProfilingParser:62] TreeBuildParser start.
[2026-09-30-16:44:50.637] [INFO] [AscendProfiler_ProfilingParser:118] DbPreParser start.
[2026-09-30-16:44:50.868] [INFO] [AscendProfiler_ProfilingParser:70] TreeBuildParser finish.
[2026-09-30-16:44:50.889] [INFO] [AscendProfiler_ProfilingParser:62] MemoryPrepareParser start.
[2026-09-30-16:44:50.940] [INFO] [AscendProfiler_ProfilingParser:129] DbPreParser finish.
[2026-09-30-16:44:50.964] [INFO] [AscendProfiler_ProfilingParser:75] MemoryPrepareParser finish.
[2026-09-30-16:44:53.303] [INFO] [AscendProfiler_ProfilingParser:218] CANNTimelineParser finish.
[2026-09-30-16:44:53.367] [INFO] [AscendProfiler_ProfilingParser:31] RelationParser start.
[2026-09-30-16:44:53.551] [INFO] [AscendProfiler_ProfilingParser:38] RelationParser finish.
[2026-09-30-16:44:54.494] [INFO] [AscendProfiler_ProfilingParser:40] DbParser start.
[2026-09-30-16:44:54.527] [INFO] [AscendProfiler_ProfilingParser:27] BasicDbParser start.
[2026-09-30-16:44:54.547] [INFO] [AscendProfiler_ProfilingParser:40] BasicDbParser finish.
[2026-09-30-16:44:54.547] [INFO] [AscendProfiler_ProfilingParser:31] FwkApiDbParser start.
[2026-09-30-16:44:54.547] [INFO] [AscendProfiler_ProfilingParser:36] FwkApiDbParser get fwk api data finish.
[2026-09-30-16:44:54.596] [INFO] [AscendProfiler_ProfilingParser:38] FwkApiDbParser get api data for db finish.
[2026-09-30-16:44:54.723] [INFO] [AscendProfiler_ProfilingParser:40] FwkApiDbParser save api data to db finish.
[2026-09-30-16:44:54.723] [INFO] [AscendProfiler_ProfilingParser:44] FwkApiDbParser finish.
[2026-09-30-16:44:54.724] [INFO] [AscendProfiler_ProfilingParser:82] MemoryDbParser start.
[2026-09-30-16:44:54.724] [INFO] [AscendProfiler_ProfilingParser:95] MemoryDbParser finish.
[2026-09-30-16:44:54.725] [INFO] [AscendProfiler_ProfilingParser:33] GCRecordDbParser start.
[2026-09-30-16:44:54.725] [INFO] [AscendProfiler_ProfilingParser:41] GCRecordDbParser finish.
[2026-09-30-16:44:54.725] [INFO] [AscendProfiler_ProfilingParser:36] StepInfoDbParser start.
[2026-09-30-16:44:54.758] [INFO] [AscendProfiler_ProfilingParser:43] StepInfoDbParser finish.
[2026-09-30-16:44:54.759] [INFO] [AscendProfiler_ProfilingParser:80] CommunicationDbParser start.
[2026-09-30-16:44:54.760] [INFO] [AscendProfiler_ProfilingParser:88] CommunicationDbParser finish.
[2026-09-30-16:44:54.761] [INFO] [AscendProfiler_ProfilingParser:74] TraceStepTimeDbParser start.
[2026-09-30-16:44:54.802] [INFO] [AscendProfiler_ProfilingParser:83] TraceStepTimeDbParser finish.
[2026-09-30-16:44:54.803] [INFO] [AscendProfiler_ProfilingParser:64] DbParser finish.
[2026-09-30-16:44:55.304] [INFO] [AscendProfiler_ProfilingParser:473] ============================================================
[2026-09-30-16:44:55.304] [INFO] [AscendProfiler_ProfilingParser:474] Task execution completed
[2026-09-30-16:44:55.304] [INFO] [AscendProfiler_ProfilingParser:475] ============================================================
[2026-09-30-16:44:55.305] [INFO] [AscendProfiler_ProfilingParser:478] torch_op                  | PTHREAD         | Succeed    | 0.258s | deps: None
[2026-09-30-16:44:55.305] [INFO] [AscendProfiler_ProfilingParser:478] task_queue                | PTHREAD         | Succeed    | 0.253s | deps: None
[2026-09-30-16:44:55.305] [INFO] [AscendProfiler_ProfilingParser:478] trace_prepare             | SUB_PROCESS     | Succeed    | 0.483s | deps: torch_op, task_queue
[2026-09-30-16:44:55.305] [INFO] [AscendProfiler_ProfilingParser:478] build_tree                | PTHREAD         | Succeed    | 0.244s | deps: torch_op, task_queue
[2026-09-30-16:44:55.305] [INFO] [AscendProfiler_ProfilingParser:478] export                    | SUB_PROCESS     | Succeed    | 4.078s | deps: None
[2026-09-30-16:44:55.305] [INFO] [AscendProfiler_ProfilingParser:478] timeline                  | PTHREAD|NON_BLOCKING | Succeed    | 2.926s | deps: None
[2026-09-30-16:44:55.305] [INFO] [AscendProfiler_ProfilingParser:478] relation                  | PTHREAD         | Succeed    | 0.186s | deps: task_queue, timeline
[2026-09-30-16:44:55.305] [INFO] [AscendProfiler_ProfilingParser:478] memory_prepare            | PTHREAD         | Succeed    | 0.085s | deps: build_tree, task_queue, torch_op
[2026-09-30-16:44:55.305] [INFO] [AscendProfiler_ProfilingParser:478] analyze                   | SUB_PROCESS     | Succeed    | 1.066s | deps: timeline
[2026-09-30-16:44:55.305] [INFO] [AscendProfiler_ProfilingParser:478] operator                  | SUB_PROCESS     | Succeed    | 0.276s | deps: build_tree, timeline, relation, torch_op
[2026-09-30-16:44:55.305] [INFO] [AscendProfiler_ProfilingParser:478] trace                     | SUB_PROCESS     | Succeed    | 0.399s | deps: build_tree, trace_prepare, timeline, task_queue, torch_op
[2026-09-30-16:44:55.306] [INFO] [AscendProfiler_ProfilingParser:478] kernel                    | SUB_PROCESS     | Succeed    | 0.252s | deps: build_tree, export, relation
[2026-09-30-16:44:55.306] [INFO] [AscendProfiler_ProfilingParser:478] step_time                 | SUB_PROCESS     | Succeed    | 0.287s | deps: build_tree, timeline, relation, torch_op
[2026-09-30-16:44:55.306] [INFO] [AscendProfiler_ProfilingParser:478] memory                    | SUB_PROCESS     | Succeed    | 0.067s | deps: export, memory_prepare
[2026-09-30-16:44:55.306] [INFO] [AscendProfiler_ProfilingParser:478] integrate                 | SUB_PROCESS     | Succeed    | 0.143s | deps: export
[2026-09-30-16:44:55.306] [INFO] [AscendProfiler_ProfilingParser:478] communication             | SUB_PROCESS     | Succeed    | 0.057s | deps: build_tree, analyze, relation
[2026-09-30-16:44:55.306] [INFO] [AscendProfiler_ProfilingParser:478] db_prepare                | PTHREAD         | Succeed    | 0.309s | deps: torch_op, task_queue
[2026-09-30-16:44:55.306] [INFO] [AscendProfiler_ProfilingParser:478] torch_db                  | PTHREAD         | Succeed    | 0.311s | deps: export, memory_prepare, build_tree, analyze, db_prepare
