ninja: no work to do.
[W930 12:07:34.522318204 NPUCachingAllocator.cpp:202] Warning: The current CANN and HDK(driver) versions require processing for 32 padding size, with memory allocation. (function operator())
t1-d4096-signed0 [29.299, 30.084, 29.453]
t1-d4096-signed1 [30.1, 29.325, 30.06]
t2-d4096-signed0 [32.339, 32.481, 32.311]
t2-d4096-signed1 [32.321, 32.246, 32.374]
t4-d4096-signed0 [32.158, 33.328, 32.122]
t4-d4096-signed1 [33.315, 32.175, 33.249]
t17-d4096-signed0 [35.201, 35.372, 35.227]
t17-d4096-signed1 [34.842, 34.858, 34.966]
t128-d4096-signed0 [67.31, 67.444, 67.218]
t128-d4096-signed1 [67.016, 67.464, 67.202]
t257-d4096-signed0 [91.519, 91.611, 91.723]
t257-d4096-signed1 [94.825, 95.018, 95.122]
t512-d4096-signed0 [146.466, 146.386, 146.793]
t512-d4096-signed1 [145.534, 145.395, 145.419]
t1-d7168-signed0 [33.184, 33.579, 33.343]
t1-d7168-signed1 [33.615, 33.415, 33.598]
t2-d7168-signed0 [36.974, 36.095, 36.815]
t2-d7168-signed1 [34.483, 36.836, 34.437]
t4-d7168-signed0 [36.288, 36.467, 36.421]
t4-d7168-signed1 [36.405, 36.32, 36.43]
t17-d7168-signed0 [37.076, 37.076, 37.044]
t17-d7168-signed1 [37.292, 37.237, 37.2]
t128-d7168-signed0 [75.753, 74.865, 76.005]
t128-d7168-signed1 [72.897, 73.9, 73.328]
t257-d7168-signed0 [107.265, 107.24, 107.424]
t257-d7168-signed1 [107.047, 107.256, 107.567]
t512-d7168-signed0 [168.075, 168.188, 168.273]
t512-d7168-signed1 [169.268, 168.948, 168.748]
