[2026-10-01-08:26:47.978] [INFO] [AscendProfiler_ProfilingParser:97] Profiler logger initialized at: /mnt/workspace/sfa-nonempty-perf-20260930/iteration-e1/screen-v2/profile-candidate-attempt-1-traces/quant-torch.bfloat16-1-chronological-False/752c3fdca26b44da9fd55f3c88dd3113_1609513_20261001082647127_ascend_pt/logs/profiler_20261001082647_1617041_ProfilingParser.log
[2026-10-01-08:26:48.029] [INFO] [AscendProfiler_ProfilingParser:100] TorchOpParser start.
[2026-10-01-08:26:48.029] [INFO] [AscendProfiler_ProfilingParser:82] TaskQueueParser start.
[2026-10-01-08:26:48.054] [INFO] [AscendProfiler_ProfilingParser:208] CANNTimelineParser start.
[2026-10-01-08:26:48.057] [INFO] [AscendProfiler_ProfilingParser:106] TorchOpParser finish.
[2026-10-01-08:26:48.059] [INFO] [AscendProfiler_ProfilingParser:88] TaskQueueParser finish.
[2026-10-01-08:26:48.082] [INFO] [AscendProfiler_ProfilingParser:62] TreeBuildParser start.
[2026-10-01-08:26:48.084] [INFO] [AscendProfiler_ProfilingParser:118] DbPreParser start.
[2026-10-01-08:26:48.086] [INFO] [AscendProfiler_ProfilingParser:129] DbPreParser finish.
[2026-10-01-08:26:48.087] [INFO] [AscendProfiler_ProfilingParser:70] TreeBuildParser finish.
[2026-10-01-08:26:48.088] [INFO] [AscendProfiler_ProfilingParser:62] MemoryPrepareParser start.
[2026-10-01-08:26:48.089] [INFO] [AscendProfiler_ProfilingParser:75] MemoryPrepareParser finish.
[2026-10-01-08:26:50.659] [INFO] [AscendProfiler_ProfilingParser:218] CANNTimelineParser finish.
[2026-10-01-08:26:50.659] [INFO] [AscendProfiler_ProfilingParser:31] RelationParser start.
[2026-10-01-08:26:50.715] [INFO] [AscendProfiler_ProfilingParser:38] RelationParser finish.
[2026-10-01-08:26:51.741] [INFO] [AscendProfiler_ProfilingParser:40] DbParser start.
[2026-10-01-08:26:51.765] [INFO] [AscendProfiler_ProfilingParser:27] BasicDbParser start.
[2026-10-01-08:26:51.780] [INFO] [AscendProfiler_ProfilingParser:40] BasicDbParser finish.
[2026-10-01-08:26:51.781] [INFO] [AscendProfiler_ProfilingParser:31] FwkApiDbParser start.
[2026-10-01-08:26:51.781] [INFO] [AscendProfiler_ProfilingParser:36] FwkApiDbParser get fwk api data finish.
[2026-10-01-08:26:51.782] [INFO] [AscendProfiler_ProfilingParser:38] FwkApiDbParser get api data for db finish.
[2026-10-01-08:26:51.798] [INFO] [AscendProfiler_ProfilingParser:40] FwkApiDbParser save api data to db finish.
[2026-10-01-08:26:51.799] [INFO] [AscendProfiler_ProfilingParser:44] FwkApiDbParser finish.
[2026-10-01-08:26:51.799] [INFO] [AscendProfiler_ProfilingParser:82] MemoryDbParser start.
[2026-10-01-08:26:51.800] [INFO] [AscendProfiler_ProfilingParser:95] MemoryDbParser finish.
[2026-10-01-08:26:51.800] [INFO] [AscendProfiler_ProfilingParser:33] GCRecordDbParser start.
[2026-10-01-08:26:51.800] [INFO] [AscendProfiler_ProfilingParser:41] GCRecordDbParser finish.
[2026-10-01-08:26:51.801] [INFO] [AscendProfiler_ProfilingParser:36] StepInfoDbParser start.
[2026-10-01-08:26:51.807] [INFO] [AscendProfiler_ProfilingParser:43] StepInfoDbParser finish.
[2026-10-01-08:26:51.808] [INFO] [AscendProfiler_ProfilingParser:80] CommunicationDbParser start.
[2026-10-01-08:26:51.809] [INFO] [AscendProfiler_ProfilingParser:88] CommunicationDbParser finish.
[2026-10-01-08:26:51.809] [INFO] [AscendProfiler_ProfilingParser:74] TraceStepTimeDbParser start.
[2026-10-01-08:26:51.815] [INFO] [AscendProfiler_ProfilingParser:83] TraceStepTimeDbParser finish.
[2026-10-01-08:26:51.815] [INFO] [AscendProfiler_ProfilingParser:64] DbParser finish.
[2026-10-01-08:26:52.316] [INFO] [AscendProfiler_ProfilingParser:473] ============================================================
[2026-10-01-08:26:52.316] [INFO] [AscendProfiler_ProfilingParser:474] Task execution completed
[2026-10-01-08:26:52.316] [INFO] [AscendProfiler_ProfilingParser:475] ============================================================
[2026-10-01-08:26:52.316] [INFO] [AscendProfiler_ProfilingParser:478] torch_op                  | PTHREAD         | Succeed    | 0.030s | deps: None
[2026-10-01-08:26:52.317] [INFO] [AscendProfiler_ProfilingParser:478] task_queue                | PTHREAD         | Succeed    | 0.030s | deps: None
[2026-10-01-08:26:52.317] [INFO] [AscendProfiler_ProfilingParser:478] trace_prepare             | SUB_PROCESS     | Succeed    | 0.033s | deps: torch_op, task_queue
[2026-10-01-08:26:52.317] [INFO] [AscendProfiler_ProfilingParser:478] build_tree                | PTHREAD         | Succeed    | 0.006s | deps: torch_op, task_queue
[2026-10-01-08:26:52.317] [INFO] [AscendProfiler_ProfilingParser:478] export                    | SUB_PROCESS     | Succeed    | 3.066s | deps: None
[2026-10-01-08:26:52.317] [INFO] [AscendProfiler_ProfilingParser:478] timeline                  | PTHREAD|NON_BLOCKING | Succeed    | 2.607s | deps: None
[2026-10-01-08:26:52.317] [INFO] [AscendProfiler_ProfilingParser:478] relation                  | PTHREAD         | Succeed    | 0.056s | deps: task_queue, timeline
[2026-10-01-08:26:52.317] [INFO] [AscendProfiler_ProfilingParser:478] memory_prepare            | PTHREAD         | Succeed    | 0.001s | deps: build_tree, task_queue, torch_op
[2026-10-01-08:26:52.317] [INFO] [AscendProfiler_ProfilingParser:478] analyze                   | SUB_PROCESS     | Succeed    | 1.058s | deps: timeline
[2026-10-01-08:26:52.317] [INFO] [AscendProfiler_ProfilingParser:478] operator                  | SUB_PROCESS     | Succeed    | 0.033s | deps: build_tree, timeline, relation, torch_op
[2026-10-01-08:26:52.317] [INFO] [AscendProfiler_ProfilingParser:478] trace                     | SUB_PROCESS     | Succeed    | 0.048s | deps: build_tree, trace_prepare, timeline, task_queue, torch_op
[2026-10-01-08:26:52.317] [INFO] [AscendProfiler_ProfilingParser:478] kernel                    | SUB_PROCESS     | Succeed    | 0.034s | deps: build_tree, export, relation
[2026-10-01-08:26:52.317] [INFO] [AscendProfiler_ProfilingParser:478] step_time                 | SUB_PROCESS     | Succeed    | 0.046s | deps: build_tree, timeline, relation, torch_op
[2026-10-01-08:26:52.318] [INFO] [AscendProfiler_ProfilingParser:478] memory                    | SUB_PROCESS     | Succeed    | 0.069s | deps: export, memory_prepare
[2026-10-01-08:26:52.318] [INFO] [AscendProfiler_ProfilingParser:478] integrate                 | SUB_PROCESS     | Succeed    | 0.047s | deps: export
[2026-10-01-08:26:52.318] [INFO] [AscendProfiler_ProfilingParser:478] communication             | SUB_PROCESS     | Succeed    | 0.033s | deps: build_tree, analyze, relation
[2026-10-01-08:26:52.318] [INFO] [AscendProfiler_ProfilingParser:478] db_prepare                | PTHREAD         | Succeed    | 0.004s | deps: torch_op, task_queue
[2026-10-01-08:26:52.318] [INFO] [AscendProfiler_ProfilingParser:478] torch_db                  | PTHREAD         | Succeed    | 0.075s | deps: export, memory_prepare, build_tree, analyze, db_prepare
