[2026-09-30-16:39:11.158] [INFO] [AscendProfiler_ProfilingParser:97] Profiler logger initialized at: /mnt/workspace/hc-pre-reduction-20260930/iteration-01/exact3-profile-candidate-eager/data/t2-d4096-signed0/752c3fdca26b44da9fd55f3c88dd3113_1236823_20260930163910436_ascend_pt/logs/profiler_20260930163911_1238596_ProfilingParser.log
[2026-09-30-16:39:11.208] [INFO] [AscendProfiler_ProfilingParser:100] TorchOpParser start.
[2026-09-30-16:39:11.208] [INFO] [AscendProfiler_ProfilingParser:82] TaskQueueParser start.
[2026-09-30-16:39:11.229] [INFO] [AscendProfiler_ProfilingParser:208] CANNTimelineParser start.
[2026-09-30-16:39:11.235] [INFO] [AscendProfiler_ProfilingParser:88] TaskQueueParser finish.
[2026-09-30-16:39:11.239] [INFO] [AscendProfiler_ProfilingParser:106] TorchOpParser finish.
[2026-09-30-16:39:11.240] [INFO] [AscendProfiler_ProfilingParser:118] DbPreParser start.
[2026-09-30-16:39:11.261] [INFO] [AscendProfiler_ProfilingParser:62] TreeBuildParser start.
[2026-09-30-16:39:11.272] [INFO] [AscendProfiler_ProfilingParser:129] DbPreParser finish.
[2026-09-30-16:39:11.274] [INFO] [AscendProfiler_ProfilingParser:70] TreeBuildParser finish.
[2026-09-30-16:39:11.275] [INFO] [AscendProfiler_ProfilingParser:62] MemoryPrepareParser start.
[2026-09-30-16:39:11.276] [INFO] [AscendProfiler_ProfilingParser:75] MemoryPrepareParser finish.
[2026-09-30-16:39:13.833] [INFO] [AscendProfiler_ProfilingParser:218] CANNTimelineParser finish.
[2026-09-30-16:39:13.855] [INFO] [AscendProfiler_ProfilingParser:31] RelationParser start.
[2026-09-30-16:39:13.887] [INFO] [AscendProfiler_ProfilingParser:38] RelationParser finish.
[2026-09-30-16:39:14.907] [INFO] [AscendProfiler_ProfilingParser:40] DbParser start.
[2026-09-30-16:39:14.909] [INFO] [AscendProfiler_ProfilingParser:27] BasicDbParser start.
[2026-09-30-16:39:14.925] [INFO] [AscendProfiler_ProfilingParser:40] BasicDbParser finish.
[2026-09-30-16:39:14.925] [INFO] [AscendProfiler_ProfilingParser:31] FwkApiDbParser start.
[2026-09-30-16:39:14.925] [INFO] [AscendProfiler_ProfilingParser:36] FwkApiDbParser get fwk api data finish.
[2026-09-30-16:39:14.927] [INFO] [AscendProfiler_ProfilingParser:38] FwkApiDbParser get api data for db finish.
[2026-09-30-16:39:14.946] [INFO] [AscendProfiler_ProfilingParser:40] FwkApiDbParser save api data to db finish.
[2026-09-30-16:39:14.946] [INFO] [AscendProfiler_ProfilingParser:44] FwkApiDbParser finish.
[2026-09-30-16:39:14.946] [INFO] [AscendProfiler_ProfilingParser:82] MemoryDbParser start.
[2026-09-30-16:39:14.947] [INFO] [AscendProfiler_ProfilingParser:95] MemoryDbParser finish.
[2026-09-30-16:39:14.947] [INFO] [AscendProfiler_ProfilingParser:33] GCRecordDbParser start.
[2026-09-30-16:39:14.948] [INFO] [AscendProfiler_ProfilingParser:41] GCRecordDbParser finish.
[2026-09-30-16:39:14.948] [INFO] [AscendProfiler_ProfilingParser:36] StepInfoDbParser start.
[2026-09-30-16:39:14.953] [INFO] [AscendProfiler_ProfilingParser:43] StepInfoDbParser finish.
[2026-09-30-16:39:14.953] [INFO] [AscendProfiler_ProfilingParser:80] CommunicationDbParser start.
[2026-09-30-16:39:14.955] [INFO] [AscendProfiler_ProfilingParser:88] CommunicationDbParser finish.
[2026-09-30-16:39:14.955] [INFO] [AscendProfiler_ProfilingParser:74] TraceStepTimeDbParser start.
[2026-09-30-16:39:14.961] [INFO] [AscendProfiler_ProfilingParser:83] TraceStepTimeDbParser finish.
[2026-09-30-16:39:14.961] [INFO] [AscendProfiler_ProfilingParser:64] DbParser finish.
[2026-09-30-16:39:15.462] [INFO] [AscendProfiler_ProfilingParser:473] ============================================================
[2026-09-30-16:39:15.462] [INFO] [AscendProfiler_ProfilingParser:474] Task execution completed
[2026-09-30-16:39:15.462] [INFO] [AscendProfiler_ProfilingParser:475] ============================================================
[2026-09-30-16:39:15.462] [INFO] [AscendProfiler_ProfilingParser:478] torch_op                  | PTHREAD         | Succeed    | 0.033s | deps: None
[2026-09-30-16:39:15.462] [INFO] [AscendProfiler_ProfilingParser:478] task_queue                | PTHREAD         | Succeed    | 0.032s | deps: None
[2026-09-30-16:39:15.463] [INFO] [AscendProfiler_ProfilingParser:478] trace_prepare             | SUB_PROCESS     | Succeed    | 0.045s | deps: torch_op, task_queue
[2026-09-30-16:39:15.463] [INFO] [AscendProfiler_ProfilingParser:478] build_tree                | PTHREAD         | Succeed    | 0.014s | deps: torch_op, task_queue
[2026-09-30-16:39:15.463] [INFO] [AscendProfiler_ProfilingParser:478] export                    | SUB_PROCESS     | Succeed    | 3.061s | deps: None
[2026-09-30-16:39:15.463] [INFO] [AscendProfiler_ProfilingParser:478] timeline                  | PTHREAD|NON_BLOCKING | Succeed    | 2.605s | deps: None
[2026-09-30-16:39:15.463] [INFO] [AscendProfiler_ProfilingParser:478] relation                  | PTHREAD         | Succeed    | 0.034s | deps: task_queue, timeline
[2026-09-30-16:39:15.463] [INFO] [AscendProfiler_ProfilingParser:478] memory_prepare            | PTHREAD         | Succeed    | 0.002s | deps: build_tree, task_queue, torch_op
[2026-09-30-16:39:15.463] [INFO] [AscendProfiler_ProfilingParser:478] analyze                   | SUB_PROCESS     | Succeed    | 1.052s | deps: timeline
[2026-09-30-16:39:15.463] [INFO] [AscendProfiler_ProfilingParser:478] operator                  | SUB_PROCESS     | Succeed    | 0.036s | deps: build_tree, timeline, relation, torch_op
[2026-09-30-16:39:15.463] [INFO] [AscendProfiler_ProfilingParser:478] trace                     | SUB_PROCESS     | Succeed    | 0.073s | deps: build_tree, trace_prepare, timeline, task_queue, torch_op
[2026-09-30-16:39:15.463] [INFO] [AscendProfiler_ProfilingParser:478] kernel                    | SUB_PROCESS     | Succeed    | 0.031s | deps: build_tree, export, relation
[2026-09-30-16:39:15.463] [INFO] [AscendProfiler_ProfilingParser:478] step_time                 | SUB_PROCESS     | Succeed    | 0.041s | deps: build_tree, timeline, relation, torch_op
[2026-09-30-16:39:15.463] [INFO] [AscendProfiler_ProfilingParser:478] memory                    | SUB_PROCESS     | Succeed    | 0.058s | deps: export, memory_prepare
[2026-09-30-16:39:15.463] [INFO] [AscendProfiler_ProfilingParser:478] integrate                 | SUB_PROCESS     | Succeed    | 0.038s | deps: export
[2026-09-30-16:39:15.464] [INFO] [AscendProfiler_ProfilingParser:478] communication             | SUB_PROCESS     | Succeed    | 0.031s | deps: build_tree, analyze, relation
[2026-09-30-16:39:15.464] [INFO] [AscendProfiler_ProfilingParser:478] db_prepare                | PTHREAD         | Succeed    | 0.033s | deps: torch_op, task_queue
[2026-09-30-16:39:15.464] [INFO] [AscendProfiler_ProfilingParser:478] torch_db                  | PTHREAD         | Succeed    | 0.055s | deps: export, memory_prepare, build_tree, analyze, db_prepare
