[2026-09-30-13:59:55.384] [INFO] [AscendProfiler_ProfilingParser:97] Profiler logger initialized at: /mnt/workspace/hc-pre-reduction-20260930/iteration-01/profile-v2-baseline-q1/data/t1-d4096-signed0/752c3fdca26b44da9fd55f3c88dd3113_1043930_20260930135954613_ascend_pt/logs/profiler_20260930135955_1043987_ProfilingParser.log
[2026-09-30-13:59:55.435] [INFO] [AscendProfiler_ProfilingParser:100] TorchOpParser start.
[2026-09-30-13:59:55.436] [INFO] [AscendProfiler_ProfilingParser:82] TaskQueueParser start.
[2026-09-30-13:59:55.455] [INFO] [AscendProfiler_ProfilingParser:208] CANNTimelineParser start.
[2026-09-30-13:59:55.457] [INFO] [AscendProfiler_ProfilingParser:88] TaskQueueParser finish.
[2026-09-30-13:59:55.458] [INFO] [AscendProfiler_ProfilingParser:106] TorchOpParser finish.
[2026-09-30-13:59:55.476] [INFO] [AscendProfiler_ProfilingParser:62] TreeBuildParser start.
[2026-09-30-13:59:55.477] [INFO] [AscendProfiler_ProfilingParser:118] DbPreParser start.
[2026-09-30-13:59:55.478] [INFO] [AscendProfiler_ProfilingParser:70] TreeBuildParser finish.
[2026-09-30-13:59:55.479] [INFO] [AscendProfiler_ProfilingParser:129] DbPreParser finish.
[2026-09-30-13:59:55.480] [INFO] [AscendProfiler_ProfilingParser:62] MemoryPrepareParser start.
[2026-09-30-13:59:55.480] [INFO] [AscendProfiler_ProfilingParser:75] MemoryPrepareParser finish.
[2026-09-30-13:59:58.059] [INFO] [AscendProfiler_ProfilingParser:218] CANNTimelineParser finish.
[2026-09-30-13:59:58.078] [INFO] [AscendProfiler_ProfilingParser:31] RelationParser start.
[2026-09-30-13:59:58.104] [INFO] [AscendProfiler_ProfilingParser:38] RelationParser finish.
[2026-09-30-13:59:59.129] [INFO] [AscendProfiler_ProfilingParser:40] DbParser start.
[2026-09-30-13:59:59.149] [INFO] [AscendProfiler_ProfilingParser:27] BasicDbParser start.
[2026-09-30-13:59:59.164] [INFO] [AscendProfiler_ProfilingParser:40] BasicDbParser finish.
[2026-09-30-13:59:59.164] [INFO] [AscendProfiler_ProfilingParser:31] FwkApiDbParser start.
[2026-09-30-13:59:59.165] [INFO] [AscendProfiler_ProfilingParser:36] FwkApiDbParser get fwk api data finish.
[2026-09-30-13:59:59.165] [ERROR] [AscendProfiler_ProfilingParser:117] Failed to find node launch str id
[2026-09-30-13:59:59.165] [INFO] [AscendProfiler_ProfilingParser:38] FwkApiDbParser get api data for db finish.
[2026-09-30-13:59:59.175] [INFO] [AscendProfiler_ProfilingParser:40] FwkApiDbParser save api data to db finish.
[2026-09-30-13:59:59.175] [INFO] [AscendProfiler_ProfilingParser:44] FwkApiDbParser finish.
[2026-09-30-13:59:59.176] [INFO] [AscendProfiler_ProfilingParser:82] MemoryDbParser start.
[2026-09-30-13:59:59.176] [INFO] [AscendProfiler_ProfilingParser:95] MemoryDbParser finish.
[2026-09-30-13:59:59.177] [INFO] [AscendProfiler_ProfilingParser:33] GCRecordDbParser start.
[2026-09-30-13:59:59.177] [INFO] [AscendProfiler_ProfilingParser:41] GCRecordDbParser finish.
[2026-09-30-13:59:59.177] [INFO] [AscendProfiler_ProfilingParser:36] StepInfoDbParser start.
[2026-09-30-13:59:59.183] [INFO] [AscendProfiler_ProfilingParser:43] StepInfoDbParser finish.
[2026-09-30-13:59:59.184] [INFO] [AscendProfiler_ProfilingParser:80] CommunicationDbParser start.
[2026-09-30-13:59:59.185] [INFO] [AscendProfiler_ProfilingParser:88] CommunicationDbParser finish.
[2026-09-30-13:59:59.185] [INFO] [AscendProfiler_ProfilingParser:74] TraceStepTimeDbParser start.
[2026-09-30-13:59:59.191] [INFO] [AscendProfiler_ProfilingParser:83] TraceStepTimeDbParser finish.
[2026-09-30-13:59:59.191] [INFO] [AscendProfiler_ProfilingParser:64] DbParser finish.
[2026-09-30-13:59:59.692] [INFO] [AscendProfiler_ProfilingParser:473] ============================================================
[2026-09-30-13:59:59.692] [INFO] [AscendProfiler_ProfilingParser:474] Task execution completed
[2026-09-30-13:59:59.692] [INFO] [AscendProfiler_ProfilingParser:475] ============================================================
[2026-09-30-13:59:59.692] [INFO] [AscendProfiler_ProfilingParser:478] torch_op                  | PTHREAD         | Succeed    | 0.023s | deps: None
[2026-09-30-13:59:59.692] [INFO] [AscendProfiler_ProfilingParser:478] task_queue                | PTHREAD         | Succeed    | 0.022s | deps: None
[2026-09-30-13:59:59.692] [INFO] [AscendProfiler_ProfilingParser:478] trace_prepare             | SUB_PROCESS     | Succeed    | 0.025s | deps: torch_op, task_queue
[2026-09-30-13:59:59.692] [INFO] [AscendProfiler_ProfilingParser:478] build_tree                | PTHREAD         | Succeed    | 0.003s | deps: torch_op, task_queue
[2026-09-30-13:59:59.692] [INFO] [AscendProfiler_ProfilingParser:478] export                    | SUB_PROCESS     | Succeed    | 3.058s | deps: None
[2026-09-30-13:59:59.692] [INFO] [AscendProfiler_ProfilingParser:478] timeline                  | PTHREAD|NON_BLOCKING | Succeed    | 2.605s | deps: None
[2026-09-30-13:59:59.693] [INFO] [AscendProfiler_ProfilingParser:478] relation                  | PTHREAD         | Succeed    | 0.028s | deps: task_queue, timeline
[2026-09-30-13:59:59.693] [INFO] [AscendProfiler_ProfilingParser:478] memory_prepare            | PTHREAD         | Succeed    | 0.002s | deps: build_tree, task_queue, torch_op
[2026-09-30-13:59:59.693] [INFO] [AscendProfiler_ProfilingParser:478] analyze                   | SUB_PROCESS     | Succeed    | 1.050s | deps: timeline
[2026-09-30-13:59:59.693] [INFO] [AscendProfiler_ProfilingParser:478] operator                  | SUB_PROCESS     | Succeed    | 0.024s | deps: build_tree, timeline, relation, torch_op
[2026-09-30-13:59:59.693] [INFO] [AscendProfiler_ProfilingParser:478] trace                     | SUB_PROCESS     | Succeed    | 0.037s | deps: build_tree, trace_prepare, timeline, task_queue, torch_op
[2026-09-30-13:59:59.693] [INFO] [AscendProfiler_ProfilingParser:478] kernel                    | SUB_PROCESS     | Succeed    | 0.034s | deps: build_tree, export, relation
[2026-09-30-13:59:59.693] [INFO] [AscendProfiler_ProfilingParser:478] step_time                 | SUB_PROCESS     | Succeed    | 0.032s | deps: build_tree, timeline, relation, torch_op
[2026-09-30-13:59:59.693] [INFO] [AscendProfiler_ProfilingParser:478] memory                    | SUB_PROCESS     | Succeed    | 0.028s | deps: export, memory_prepare
[2026-09-30-13:59:59.693] [INFO] [AscendProfiler_ProfilingParser:478] integrate                 | SUB_PROCESS     | Succeed    | 0.053s | deps: export
[2026-09-30-13:59:59.693] [INFO] [AscendProfiler_ProfilingParser:478] communication             | SUB_PROCESS     | Succeed    | 0.029s | deps: build_tree, analyze, relation
[2026-09-30-13:59:59.693] [INFO] [AscendProfiler_ProfilingParser:478] db_prepare                | PTHREAD         | Succeed    | 0.003s | deps: torch_op, task_queue
[2026-09-30-13:59:59.693] [INFO] [AscendProfiler_ProfilingParser:478] torch_db                  | PTHREAD         | Succeed    | 0.063s | deps: export, memory_prepare, build_tree, analyze, db_prepare
