[1/2] /usr/bin/g++-13 -MMD -MF probe.o.d -DTORCH_EXTENSION_NAME=hc_pre_reduction_probe -DTORCH_API_INCLUDE_EXTENSION_H -I/mnt/workspace/hc-pre-reduction-20260930/baseline/csrc -I/mnt/workspace/mhc-validation-20260930/venv/lib/python3.12/site-packages -I/mnt/workspace/mhc-validation-20260930/Ascend/cann-9.1.0/include -I/mnt/workspace/mhc-validation-20260930/venv/lib/python3.12/site-packages/torch_npu/include -isystem /mnt/workspace/mhc-validation-20260930/venv/lib/python3.12/site-packages/torch/include -isystem /mnt/workspace/mhc-validation-20260930/venv/lib/python3.12/site-packages/torch/include/torch/csrc/api/include -isystem /home/developer/.local/share/uv/python/cpython-3.12.14-linux-aarch64-gnu/include/python3.12 -fPIC -std=c++17 -O2 -c /mnt/workspace/hc-pre-reduction-20260930/probe.cpp -o probe.o 
In file included from /mnt/workspace/hc-pre-reduction-20260930/probe.cpp:21:
/mnt/workspace/hc-pre-reduction-20260930/probe.cpp: In function ‘std::tuple<at::Tensor, at::Tensor, at::Tensor, at::Tensor> run_hc_pre_fusion(const at::Tensor&, const at::Tensor&, const at::Tensor&, const at::Tensor&, const std::optional<at::Tensor>&, int64_t, int64_t, double, double)’:
/mnt/workspace/hc-pre-reduction-20260930/baseline/csrc/aclnn_torch_adapter/op_api_common.h:743:22: warning: narrowing conversion of ‘workspace_size’ from ‘uint64_t’ {aka ‘long unsigned int’} to ‘long int’ [-Wnarrowing]
  743 |           at::empty({workspace_size}, options.dtype(kByte));                  \
      |                      ^~~~~~~~~~~~~~
/mnt/workspace/hc-pre-reduction-20260930/probe.cpp:123:5: note: in expansion of macro ‘EXEC_NPU_CMD’
  123 |     EXEC_NPU_CMD(aclnnHcPre, x, hc_fn, hc_scale, hc_base, pre_mix, hc_mult, hc_sinkhorn_iters, hc_eps, norm_eps,
      |     ^~~~~~~~~~~~
/mnt/workspace/hc-pre-reduction-20260930/baseline/csrc/aclnn_torch_adapter/op_api_common.h:743:22: warning: narrowing conversion of ‘workspace_size’ from ‘uint64_t’ {aka ‘long unsigned int’} to ‘long int’ [-Wnarrowing]
  743 |           at::empty({workspace_size}, options.dtype(kByte));                  \
      |                      ^~~~~~~~~~~~~~
/mnt/workspace/hc-pre-reduction-20260930/probe.cpp:123:5: note: in expansion of macro ‘EXEC_NPU_CMD’
  123 |     EXEC_NPU_CMD(aclnnHcPre, x, hc_fn, hc_scale, hc_base, pre_mix, hc_mult, hc_sinkhorn_iters, hc_eps, norm_eps,
      |     ^~~~~~~~~~~~
[2/2] /usr/bin/g++-13 probe.o NPUBridge.o NPUStorageImpl.o -shared -L/mnt/workspace/mhc-validation-20260930/venv/lib/python3.12/site-packages/torch_npu/lib -ltorch_npu -L/mnt/workspace/mhc-validation-20260930/Ascend/cann-9.1.0/lib64 -lascendcl -L/mnt/workspace/mhc-validation-20260930/venv/lib/python3.12/site-packages/torch/lib -lc10 -ltorch_cpu -ltorch -ltorch_python -o hc_pre_reduction_probe.so
[W930 12:04:49.504553665 NPUCachingAllocator.cpp:202] Warning: The current CANN and HDK(driver) versions require processing for 32 padding size, with memory allocation. (function operator())
t1-d4096-signed0 [205.02, 204.02, 205.58]
t1-d4096-signed1 [220.51, 221.53, 217.54]
t2-d4096-signed0 [228.41, 227.67, 224.77]
t2-d4096-signed1 [220.73, 223.15, 223.26]
t4-d4096-signed0 [221.05, 227.05, 246.41]
t4-d4096-signed1 [227.25, 226.96, 234.28]
t17-d4096-signed0 [222.85, 217.38, 217.71]
t17-d4096-signed1 [214.05, 211.57, 256.87]
t128-d4096-signed0 [229.96, 218.51, 220.32]
t128-d4096-signed1 [215.6, 256.81, 238.65]
t257-d4096-signed0 [213.58, 223.49, 221.73]
t257-d4096-signed1 [212.98, 217.42, 225.31]
t512-d4096-signed0 [261.87, 260.71, 261.6]
t512-d4096-signed1 [253.62, 267.25, 266.08]
t1-d7168-signed0 [210.72, 290.38, 289.21]
t1-d7168-signed1 [280.77, 219.39, 218.36]
t2-d7168-signed0 [213.11, 213.75, 213.58]
t2-d7168-signed1 [213.77, 215.1, 218.94]
t4-d7168-signed0 [211.88, 214.26, 210.75]
t4-d7168-signed1 [209.31, 212.29, 216.81]
t17-d7168-signed0 [216.69, 214.72, 213.02]
t17-d7168-signed1 [218.67, 218.57, 216.19]
t128-d7168-signed0 [212.88, 217.18, 215.32]
t128-d7168-signed1 [220.3, 221.07, 220.56]
t257-d7168-signed0 [229.79, 233.86, 229.29]
t257-d7168-signed1 [221.96, 222.34, 222.53]
t512-d7168-signed0 [283.89, 299.31, 296.77]
t512-d7168-signed1 [297.27, 294.75, 317.43]
