[2026-10-01-09:02:02.543] [INFO] [AscendProfiler_ProfilingParser:97] Profiler logger initialized at: /mnt/workspace/sfa-nonempty-perf-20260930/iteration-e2/screen-v1/profile-control-attempt-1-traces/quant-torch.bfloat16-1-chronological-True/752c3fdca26b44da9fd55f3c88dd3113_1623583_20261001090201585_ascend_pt/logs/profiler_20261001090202_1631368_ProfilingParser.log
[2026-10-01-09:02:02.594] [INFO] [AscendProfiler_ProfilingParser:100] TorchOpParser start.
[2026-10-01-09:02:02.595] [INFO] [AscendProfiler_ProfilingParser:82] TaskQueueParser start.
[2026-10-01-09:02:02.621] [INFO] [AscendProfiler_ProfilingParser:208] CANNTimelineParser start.
[2026-10-01-09:02:02.624] [INFO] [AscendProfiler_ProfilingParser:106] TorchOpParser finish.
[2026-10-01-09:02:02.626] [INFO] [AscendProfiler_ProfilingParser:88] TaskQueueParser finish.
[2026-10-01-09:02:02.626] [INFO] [AscendProfiler_ProfilingParser:62] TreeBuildParser start.
[2026-10-01-09:02:02.627] [INFO] [AscendProfiler_ProfilingParser:118] DbPreParser start.
[2026-10-01-09:02:02.653] [INFO] [AscendProfiler_ProfilingParser:70] TreeBuildParser finish.
[2026-10-01-09:02:02.655] [INFO] [AscendProfiler_ProfilingParser:129] DbPreParser finish.
[2026-10-01-09:02:02.656] [INFO] [AscendProfiler_ProfilingParser:62] MemoryPrepareParser start.
[2026-10-01-09:02:02.657] [INFO] [AscendProfiler_ProfilingParser:75] MemoryPrepareParser finish.
[2026-10-01-09:02:05.125] [INFO] [AscendProfiler_ProfilingParser:218] CANNTimelineParser finish.
[2026-10-01-09:02:05.176] [INFO] [AscendProfiler_ProfilingParser:31] RelationParser start.
[2026-10-01-09:02:05.184] [INFO] [AscendProfiler_ProfilingParser:38] RelationParser finish.
[2026-10-01-09:02:06.209] [INFO] [AscendProfiler_ProfilingParser:40] DbParser start.
[2026-10-01-09:02:06.210] [INFO] [AscendProfiler_ProfilingParser:27] BasicDbParser start.
[2026-10-01-09:02:06.223] [INFO] [AscendProfiler_ProfilingParser:40] BasicDbParser finish.
[2026-10-01-09:02:06.224] [INFO] [AscendProfiler_ProfilingParser:31] FwkApiDbParser start.
[2026-10-01-09:02:06.224] [INFO] [AscendProfiler_ProfilingParser:36] FwkApiDbParser get fwk api data finish.
[2026-10-01-09:02:06.225] [INFO] [AscendProfiler_ProfilingParser:38] FwkApiDbParser get api data for db finish.
[2026-10-01-09:02:06.238] [INFO] [AscendProfiler_ProfilingParser:40] FwkApiDbParser save api data to db finish.
[2026-10-01-09:02:06.238] [INFO] [AscendProfiler_ProfilingParser:44] FwkApiDbParser finish.
[2026-10-01-09:02:06.239] [INFO] [AscendProfiler_ProfilingParser:82] MemoryDbParser start.
[2026-10-01-09:02:06.239] [INFO] [AscendProfiler_ProfilingParser:95] MemoryDbParser finish.
[2026-10-01-09:02:06.240] [INFO] [AscendProfiler_ProfilingParser:33] GCRecordDbParser start.
[2026-10-01-09:02:06.240] [INFO] [AscendProfiler_ProfilingParser:41] GCRecordDbParser finish.
[2026-10-01-09:02:06.240] [INFO] [AscendProfiler_ProfilingParser:36] StepInfoDbParser start.
[2026-10-01-09:02:06.247] [INFO] [AscendProfiler_ProfilingParser:43] StepInfoDbParser finish.
[2026-10-01-09:02:06.247] [INFO] [AscendProfiler_ProfilingParser:80] CommunicationDbParser start.
[2026-10-01-09:02:06.248] [INFO] [AscendProfiler_ProfilingParser:88] CommunicationDbParser finish.
[2026-10-01-09:02:06.249] [INFO] [AscendProfiler_ProfilingParser:74] TraceStepTimeDbParser start.
[2026-10-01-09:02:06.254] [INFO] [AscendProfiler_ProfilingParser:83] TraceStepTimeDbParser finish.
[2026-10-01-09:02:06.255] [INFO] [AscendProfiler_ProfilingParser:64] DbParser finish.
[2026-10-01-09:02:06.767] [INFO] [AscendProfiler_ProfilingParser:473] ============================================================
[2026-10-01-09:02:06.767] [INFO] [AscendProfiler_ProfilingParser:474] Task execution completed
[2026-10-01-09:02:06.767] [INFO] [AscendProfiler_ProfilingParser:475] ============================================================
[2026-10-01-09:02:06.767] [INFO] [AscendProfiler_ProfilingParser:478] torch_op                  | PTHREAD         | Succeed    | 0.031s | deps: None
[2026-10-01-09:02:06.767] [INFO] [AscendProfiler_ProfilingParser:478] task_queue                | PTHREAD         | Succeed    | 0.031s | deps: None
[2026-10-01-09:02:06.767] [INFO] [AscendProfiler_ProfilingParser:478] trace_prepare             | SUB_PROCESS     | Succeed    | 0.035s | deps: torch_op, task_queue
[2026-10-01-09:02:06.768] [INFO] [AscendProfiler_ProfilingParser:478] build_tree                | PTHREAD         | Succeed    | 0.028s | deps: torch_op, task_queue
[2026-10-01-09:02:06.768] [INFO] [AscendProfiler_ProfilingParser:478] export                    | SUB_PROCESS     | Succeed    | 3.066s | deps: None
[2026-10-01-09:02:06.768] [INFO] [AscendProfiler_ProfilingParser:478] timeline                  | PTHREAD|NON_BLOCKING | Succeed    | 2.505s | deps: None
[2026-10-01-09:02:06.768] [INFO] [AscendProfiler_ProfilingParser:478] relation                  | PTHREAD         | Succeed    | 0.009s | deps: task_queue, timeline
[2026-10-01-09:02:06.768] [INFO] [AscendProfiler_ProfilingParser:478] memory_prepare            | PTHREAD         | Succeed    | 0.003s | deps: build_tree, task_queue, torch_op
[2026-10-01-09:02:06.768] [INFO] [AscendProfiler_ProfilingParser:478] analyze                   | SUB_PROCESS     | Succeed    | 1.057s | deps: timeline
[2026-10-01-09:02:06.768] [INFO] [AscendProfiler_ProfilingParser:478] operator                  | SUB_PROCESS     | Succeed    | 0.051s | deps: build_tree, timeline, relation, torch_op
[2026-10-01-09:02:06.768] [INFO] [AscendProfiler_ProfilingParser:478] trace                     | SUB_PROCESS     | Succeed    | 0.086s | deps: build_tree, trace_prepare, timeline, task_queue, torch_op
[2026-10-01-09:02:06.768] [INFO] [AscendProfiler_ProfilingParser:478] kernel                    | SUB_PROCESS     | Succeed    | 0.050s | deps: build_tree, export, relation
[2026-10-01-09:02:06.768] [INFO] [AscendProfiler_ProfilingParser:478] step_time                 | SUB_PROCESS     | Succeed    | 0.038s | deps: build_tree, timeline, relation, torch_op
[2026-10-01-09:02:06.768] [INFO] [AscendProfiler_ProfilingParser:478] memory                    | SUB_PROCESS     | Succeed    | 0.074s | deps: export, memory_prepare
[2026-10-01-09:02:06.768] [INFO] [AscendProfiler_ProfilingParser:478] integrate                 | SUB_PROCESS     | Succeed    | 0.039s | deps: export
[2026-10-01-09:02:06.769] [INFO] [AscendProfiler_ProfilingParser:478] communication             | SUB_PROCESS     | Succeed    | 0.036s | deps: build_tree, analyze, relation
[2026-10-01-09:02:06.769] [INFO] [AscendProfiler_ProfilingParser:478] db_prepare                | PTHREAD         | Succeed    | 0.030s | deps: torch_op, task_queue
[2026-10-01-09:02:06.769] [INFO] [AscendProfiler_ProfilingParser:478] torch_db                  | PTHREAD         | Succeed    | 0.047s | deps: export, memory_prepare, build_tree, analyze, db_prepare
