[2026-10-01-07:21:26.454] [INFO] [AscendProfiler_ProfilingParser:97] Profiler logger initialized at: /mnt/workspace/sfa-nonempty-perf-20260930/iteration-e1/screen-v1/profile-control-attempt-1-traces/native-torch.float16-1-indexer-False/752c3fdca26b44da9fd55f3c88dd3113_1574286_20261001072125574_ascend_pt/logs/profiler_20261001072126_1574341_ProfilingParser.log
[2026-10-01-07:21:26.503] [INFO] [AscendProfiler_ProfilingParser:100] TorchOpParser start.
[2026-10-01-07:21:26.504] [INFO] [AscendProfiler_ProfilingParser:82] TaskQueueParser start.
[2026-10-01-07:21:26.520] [INFO] [AscendProfiler_ProfilingParser:208] CANNTimelineParser start.
[2026-10-01-07:21:26.523] [INFO] [AscendProfiler_ProfilingParser:88] TaskQueueParser finish.
[2026-10-01-07:21:26.524] [INFO] [AscendProfiler_ProfilingParser:106] TorchOpParser finish.
[2026-10-01-07:21:26.525] [INFO] [AscendProfiler_ProfilingParser:118] DbPreParser start.
[2026-10-01-07:21:26.526] [INFO] [AscendProfiler_ProfilingParser:62] TreeBuildParser start.
[2026-10-01-07:21:26.544] [INFO] [AscendProfiler_ProfilingParser:129] DbPreParser finish.
[2026-10-01-07:21:26.545] [INFO] [AscendProfiler_ProfilingParser:70] TreeBuildParser finish.
[2026-10-01-07:21:26.546] [INFO] [AscendProfiler_ProfilingParser:62] MemoryPrepareParser start.
[2026-10-01-07:21:26.547] [INFO] [AscendProfiler_ProfilingParser:75] MemoryPrepareParser finish.
[2026-10-01-07:21:29.125] [INFO] [AscendProfiler_ProfilingParser:218] CANNTimelineParser finish.
[2026-10-01-07:21:29.157] [INFO] [AscendProfiler_ProfilingParser:31] RelationParser start.
[2026-10-01-07:21:29.164] [INFO] [AscendProfiler_ProfilingParser:38] RelationParser finish.
[2026-10-01-07:21:30.188] [INFO] [AscendProfiler_ProfilingParser:40] DbParser start.
[2026-10-01-07:21:30.207] [INFO] [AscendProfiler_ProfilingParser:27] BasicDbParser start.
[2026-10-01-07:21:30.222] [INFO] [AscendProfiler_ProfilingParser:40] BasicDbParser finish.
[2026-10-01-07:21:30.222] [INFO] [AscendProfiler_ProfilingParser:31] FwkApiDbParser start.
[2026-10-01-07:21:30.223] [INFO] [AscendProfiler_ProfilingParser:36] FwkApiDbParser get fwk api data finish.
[2026-10-01-07:21:30.223] [INFO] [AscendProfiler_ProfilingParser:38] FwkApiDbParser get api data for db finish.
[2026-10-01-07:21:30.239] [INFO] [AscendProfiler_ProfilingParser:40] FwkApiDbParser save api data to db finish.
[2026-10-01-07:21:30.239] [INFO] [AscendProfiler_ProfilingParser:44] FwkApiDbParser finish.
[2026-10-01-07:21:30.239] [INFO] [AscendProfiler_ProfilingParser:82] MemoryDbParser start.
[2026-10-01-07:21:30.240] [INFO] [AscendProfiler_ProfilingParser:95] MemoryDbParser finish.
[2026-10-01-07:21:30.240] [INFO] [AscendProfiler_ProfilingParser:33] GCRecordDbParser start.
[2026-10-01-07:21:30.240] [INFO] [AscendProfiler_ProfilingParser:41] GCRecordDbParser finish.
[2026-10-01-07:21:30.241] [INFO] [AscendProfiler_ProfilingParser:36] StepInfoDbParser start.
[2026-10-01-07:21:30.248] [INFO] [AscendProfiler_ProfilingParser:43] StepInfoDbParser finish.
[2026-10-01-07:21:30.248] [INFO] [AscendProfiler_ProfilingParser:80] CommunicationDbParser start.
[2026-10-01-07:21:30.249] [INFO] [AscendProfiler_ProfilingParser:88] CommunicationDbParser finish.
[2026-10-01-07:21:30.250] [INFO] [AscendProfiler_ProfilingParser:74] TraceStepTimeDbParser start.
[2026-10-01-07:21:30.256] [INFO] [AscendProfiler_ProfilingParser:83] TraceStepTimeDbParser finish.
[2026-10-01-07:21:30.256] [INFO] [AscendProfiler_ProfilingParser:64] DbParser finish.
[2026-10-01-07:21:30.757] [INFO] [AscendProfiler_ProfilingParser:473] ============================================================
[2026-10-01-07:21:30.757] [INFO] [AscendProfiler_ProfilingParser:474] Task execution completed
[2026-10-01-07:21:30.757] [INFO] [AscendProfiler_ProfilingParser:475] ============================================================
[2026-10-01-07:21:30.757] [INFO] [AscendProfiler_ProfilingParser:478] torch_op                  | PTHREAD         | Succeed    | 0.022s | deps: None
[2026-10-01-07:21:30.757] [INFO] [AscendProfiler_ProfilingParser:478] task_queue                | PTHREAD         | Succeed    | 0.021s | deps: None
[2026-10-01-07:21:30.758] [INFO] [AscendProfiler_ProfilingParser:478] trace_prepare             | SUB_PROCESS     | Succeed    | 0.025s | deps: torch_op, task_queue
[2026-10-01-07:21:30.758] [INFO] [AscendProfiler_ProfilingParser:478] build_tree                | PTHREAD         | Succeed    | 0.020s | deps: torch_op, task_queue
[2026-10-01-07:21:30.758] [INFO] [AscendProfiler_ProfilingParser:478] export                    | SUB_PROCESS     | Succeed    | 3.057s | deps: None
[2026-10-01-07:21:30.758] [INFO] [AscendProfiler_ProfilingParser:478] timeline                  | PTHREAD|NON_BLOCKING | Succeed    | 2.606s | deps: None
[2026-10-01-07:21:30.758] [INFO] [AscendProfiler_ProfilingParser:478] relation                  | PTHREAD         | Succeed    | 0.009s | deps: task_queue, timeline
[2026-10-01-07:21:30.758] [INFO] [AscendProfiler_ProfilingParser:478] memory_prepare            | PTHREAD         | Succeed    | 0.002s | deps: build_tree, task_queue, torch_op
[2026-10-01-07:21:30.758] [INFO] [AscendProfiler_ProfilingParser:478] analyze                   | SUB_PROCESS     | Succeed    | 1.047s | deps: timeline
[2026-10-01-07:21:30.758] [INFO] [AscendProfiler_ProfilingParser:478] operator                  | SUB_PROCESS     | Succeed    | 0.024s | deps: build_tree, timeline, relation, torch_op
[2026-10-01-07:21:30.758] [INFO] [AscendProfiler_ProfilingParser:478] trace                     | SUB_PROCESS     | Succeed    | 0.032s | deps: build_tree, trace_prepare, timeline, task_queue, torch_op
[2026-10-01-07:21:30.758] [INFO] [AscendProfiler_ProfilingParser:478] kernel                    | SUB_PROCESS     | Succeed    | 0.029s | deps: build_tree, export, relation
[2026-10-01-07:21:30.758] [INFO] [AscendProfiler_ProfilingParser:478] step_time                 | SUB_PROCESS     | Succeed    | 0.029s | deps: build_tree, timeline, relation, torch_op
[2026-10-01-07:21:30.758] [INFO] [AscendProfiler_ProfilingParser:478] memory                    | SUB_PROCESS     | Succeed    | 0.044s | deps: export, memory_prepare
[2026-10-01-07:21:30.758] [INFO] [AscendProfiler_ProfilingParser:478] integrate                 | SUB_PROCESS     | Succeed    | 0.029s | deps: export
[2026-10-01-07:21:30.759] [INFO] [AscendProfiler_ProfilingParser:478] communication             | SUB_PROCESS     | Succeed    | 0.028s | deps: build_tree, analyze, relation
[2026-10-01-07:21:30.759] [INFO] [AscendProfiler_ProfilingParser:478] db_prepare                | PTHREAD         | Succeed    | 0.020s | deps: torch_op, task_queue
[2026-10-01-07:21:30.759] [INFO] [AscendProfiler_ProfilingParser:478] torch_db                  | PTHREAD         | Succeed    | 0.069s | deps: export, memory_prepare, build_tree, analyze, db_prepare
