[2026-10-01-08:26:14.449] [INFO] [AscendProfiler_ProfilingParser:97] Profiler logger initialized at: /mnt/workspace/sfa-nonempty-perf-20260930/iteration-e1/screen-v2/profile-candidate-attempt-1-traces/quant-torch.float16-32-indexer-False/752c3fdca26b44da9fd55f3c88dd3113_1609513_20261001082613485_ascend_pt/logs/profiler_20261001082614_1615294_ProfilingParser.log
[2026-10-01-08:26:14.501] [INFO] [AscendProfiler_ProfilingParser:100] TorchOpParser start.
[2026-10-01-08:26:14.502] [INFO] [AscendProfiler_ProfilingParser:82] TaskQueueParser start.
[2026-10-01-08:26:14.527] [INFO] [AscendProfiler_ProfilingParser:208] CANNTimelineParser start.
[2026-10-01-08:26:14.530] [INFO] [AscendProfiler_ProfilingParser:106] TorchOpParser finish.
[2026-10-01-08:26:14.531] [INFO] [AscendProfiler_ProfilingParser:88] TaskQueueParser finish.
[2026-10-01-08:26:14.557] [INFO] [AscendProfiler_ProfilingParser:62] TreeBuildParser start.
[2026-10-01-08:26:14.558] [INFO] [AscendProfiler_ProfilingParser:118] DbPreParser start.
[2026-10-01-08:26:14.560] [INFO] [AscendProfiler_ProfilingParser:70] TreeBuildParser finish.
[2026-10-01-08:26:14.561] [INFO] [AscendProfiler_ProfilingParser:129] DbPreParser finish.
[2026-10-01-08:26:14.562] [INFO] [AscendProfiler_ProfilingParser:62] MemoryPrepareParser start.
[2026-10-01-08:26:14.563] [INFO] [AscendProfiler_ProfilingParser:75] MemoryPrepareParser finish.
[2026-10-01-08:26:17.131] [INFO] [AscendProfiler_ProfilingParser:218] CANNTimelineParser finish.
[2026-10-01-08:26:17.132] [INFO] [AscendProfiler_ProfilingParser:31] RelationParser start.
[2026-10-01-08:26:17.188] [INFO] [AscendProfiler_ProfilingParser:38] RelationParser finish.
[2026-10-01-08:26:18.215] [INFO] [AscendProfiler_ProfilingParser:40] DbParser start.
[2026-10-01-08:26:18.240] [INFO] [AscendProfiler_ProfilingParser:27] BasicDbParser start.
[2026-10-01-08:26:18.255] [INFO] [AscendProfiler_ProfilingParser:40] BasicDbParser finish.
[2026-10-01-08:26:18.256] [INFO] [AscendProfiler_ProfilingParser:31] FwkApiDbParser start.
[2026-10-01-08:26:18.256] [INFO] [AscendProfiler_ProfilingParser:36] FwkApiDbParser get fwk api data finish.
[2026-10-01-08:26:18.257] [INFO] [AscendProfiler_ProfilingParser:38] FwkApiDbParser get api data for db finish.
[2026-10-01-08:26:18.272] [INFO] [AscendProfiler_ProfilingParser:40] FwkApiDbParser save api data to db finish.
[2026-10-01-08:26:18.272] [INFO] [AscendProfiler_ProfilingParser:44] FwkApiDbParser finish.
[2026-10-01-08:26:18.273] [INFO] [AscendProfiler_ProfilingParser:82] MemoryDbParser start.
[2026-10-01-08:26:18.273] [INFO] [AscendProfiler_ProfilingParser:95] MemoryDbParser finish.
[2026-10-01-08:26:18.274] [INFO] [AscendProfiler_ProfilingParser:33] GCRecordDbParser start.
[2026-10-01-08:26:18.274] [INFO] [AscendProfiler_ProfilingParser:41] GCRecordDbParser finish.
[2026-10-01-08:26:18.274] [INFO] [AscendProfiler_ProfilingParser:36] StepInfoDbParser start.
[2026-10-01-08:26:18.280] [INFO] [AscendProfiler_ProfilingParser:43] StepInfoDbParser finish.
[2026-10-01-08:26:18.280] [INFO] [AscendProfiler_ProfilingParser:80] CommunicationDbParser start.
[2026-10-01-08:26:18.282] [INFO] [AscendProfiler_ProfilingParser:88] CommunicationDbParser finish.
[2026-10-01-08:26:18.282] [INFO] [AscendProfiler_ProfilingParser:74] TraceStepTimeDbParser start.
[2026-10-01-08:26:18.288] [INFO] [AscendProfiler_ProfilingParser:83] TraceStepTimeDbParser finish.
[2026-10-01-08:26:18.288] [INFO] [AscendProfiler_ProfilingParser:64] DbParser finish.
[2026-10-01-08:26:18.789] [INFO] [AscendProfiler_ProfilingParser:473] ============================================================
[2026-10-01-08:26:18.789] [INFO] [AscendProfiler_ProfilingParser:474] Task execution completed
[2026-10-01-08:26:18.790] [INFO] [AscendProfiler_ProfilingParser:475] ============================================================
[2026-10-01-08:26:18.790] [INFO] [AscendProfiler_ProfilingParser:478] torch_op                  | PTHREAD         | Succeed    | 0.031s | deps: None
[2026-10-01-08:26:18.790] [INFO] [AscendProfiler_ProfilingParser:478] task_queue                | PTHREAD         | Succeed    | 0.030s | deps: None
[2026-10-01-08:26:18.790] [INFO] [AscendProfiler_ProfilingParser:478] trace_prepare             | SUB_PROCESS     | Succeed    | 0.036s | deps: torch_op, task_queue
[2026-10-01-08:26:18.790] [INFO] [AscendProfiler_ProfilingParser:478] build_tree                | PTHREAD         | Succeed    | 0.006s | deps: torch_op, task_queue
[2026-10-01-08:26:18.790] [INFO] [AscendProfiler_ProfilingParser:478] export                    | SUB_PROCESS     | Succeed    | 3.066s | deps: None
[2026-10-01-08:26:18.790] [INFO] [AscendProfiler_ProfilingParser:478] timeline                  | PTHREAD|NON_BLOCKING | Succeed    | 2.606s | deps: None
[2026-10-01-08:26:18.790] [INFO] [AscendProfiler_ProfilingParser:478] relation                  | PTHREAD         | Succeed    | 0.057s | deps: task_queue, timeline
[2026-10-01-08:26:18.790] [INFO] [AscendProfiler_ProfilingParser:478] memory_prepare            | PTHREAD         | Succeed    | 0.002s | deps: build_tree, task_queue, torch_op
[2026-10-01-08:26:18.790] [INFO] [AscendProfiler_ProfilingParser:478] analyze                   | SUB_PROCESS     | Succeed    | 1.058s | deps: timeline
[2026-10-01-08:26:18.790] [INFO] [AscendProfiler_ProfilingParser:478] operator                  | SUB_PROCESS     | Succeed    | 0.034s | deps: build_tree, timeline, relation, torch_op
[2026-10-01-08:26:18.791] [INFO] [AscendProfiler_ProfilingParser:478] trace                     | SUB_PROCESS     | Succeed    | 0.048s | deps: build_tree, trace_prepare, timeline, task_queue, torch_op
[2026-10-01-08:26:18.791] [INFO] [AscendProfiler_ProfilingParser:478] kernel                    | SUB_PROCESS     | Succeed    | 0.034s | deps: build_tree, export, relation
[2026-10-01-08:26:18.791] [INFO] [AscendProfiler_ProfilingParser:478] step_time                 | SUB_PROCESS     | Succeed    | 0.047s | deps: build_tree, timeline, relation, torch_op
[2026-10-01-08:26:18.791] [INFO] [AscendProfiler_ProfilingParser:478] memory                    | SUB_PROCESS     | Succeed    | 0.068s | deps: export, memory_prepare
[2026-10-01-08:26:18.791] [INFO] [AscendProfiler_ProfilingParser:478] integrate                 | SUB_PROCESS     | Succeed    | 0.046s | deps: export
[2026-10-01-08:26:18.791] [INFO] [AscendProfiler_ProfilingParser:478] communication             | SUB_PROCESS     | Succeed    | 0.034s | deps: build_tree, analyze, relation
[2026-10-01-08:26:18.791] [INFO] [AscendProfiler_ProfilingParser:478] db_prepare                | PTHREAD         | Succeed    | 0.005s | deps: torch_op, task_queue
[2026-10-01-08:26:18.791] [INFO] [AscendProfiler_ProfilingParser:478] torch_db                  | PTHREAD         | Succeed    | 0.075s | deps: export, memory_prepare, build_tree, analyze, db_prepare
