[2026-09-30-16:41:47.789] [INFO] [AscendProfiler_ProfilingParser:97] Profiler logger initialized at: /mnt/workspace/hc-pre-reduction-20260930/iteration-01/exact3-profile-peeled-probe/data/t2-d7168-signed0/752c3fdca26b44da9fd55f3c88dd3113_1243799_20260930164147040_ascend_pt/logs/profiler_20260930164147_1245000_ProfilingParser.log
[2026-09-30-16:41:47.839] [INFO] [AscendProfiler_ProfilingParser:100] TorchOpParser start.
[2026-09-30-16:41:47.840] [INFO] [AscendProfiler_ProfilingParser:82] TaskQueueParser start.
[2026-09-30-16:41:47.862] [INFO] [AscendProfiler_ProfilingParser:208] CANNTimelineParser start.
[2026-09-30-16:41:47.865] [INFO] [AscendProfiler_ProfilingParser:88] TaskQueueParser finish.
[2026-09-30-16:41:47.865] [INFO] [AscendProfiler_ProfilingParser:106] TorchOpParser finish.
[2026-09-30-16:41:47.866] [INFO] [AscendProfiler_ProfilingParser:118] DbPreParser start.
[2026-09-30-16:41:47.867] [INFO] [AscendProfiler_ProfilingParser:62] TreeBuildParser start.
[2026-09-30-16:41:47.890] [INFO] [AscendProfiler_ProfilingParser:129] DbPreParser finish.
[2026-09-30-16:41:47.890] [INFO] [AscendProfiler_ProfilingParser:70] TreeBuildParser finish.
[2026-09-30-16:41:47.891] [INFO] [AscendProfiler_ProfilingParser:62] MemoryPrepareParser start.
[2026-09-30-16:41:47.892] [INFO] [AscendProfiler_ProfilingParser:75] MemoryPrepareParser finish.
[2026-09-30-16:41:50.468] [INFO] [AscendProfiler_ProfilingParser:218] CANNTimelineParser finish.
[2026-09-30-16:41:50.469] [INFO] [AscendProfiler_ProfilingParser:31] RelationParser start.
[2026-09-30-16:41:50.519] [INFO] [AscendProfiler_ProfilingParser:38] RelationParser finish.
[2026-09-30-16:41:51.564] [INFO] [AscendProfiler_ProfilingParser:40] DbParser start.
[2026-09-30-16:41:51.566] [INFO] [AscendProfiler_ProfilingParser:27] BasicDbParser start.
[2026-09-30-16:41:51.579] [INFO] [AscendProfiler_ProfilingParser:40] BasicDbParser finish.
[2026-09-30-16:41:51.580] [INFO] [AscendProfiler_ProfilingParser:31] FwkApiDbParser start.
[2026-09-30-16:41:51.580] [INFO] [AscendProfiler_ProfilingParser:36] FwkApiDbParser get fwk api data finish.
[2026-09-30-16:41:51.580] [ERROR] [AscendProfiler_ProfilingParser:117] Failed to find node launch str id
[2026-09-30-16:41:51.580] [INFO] [AscendProfiler_ProfilingParser:38] FwkApiDbParser get api data for db finish.
[2026-09-30-16:41:51.590] [INFO] [AscendProfiler_ProfilingParser:40] FwkApiDbParser save api data to db finish.
[2026-09-30-16:41:51.590] [INFO] [AscendProfiler_ProfilingParser:44] FwkApiDbParser finish.
[2026-09-30-16:41:51.591] [INFO] [AscendProfiler_ProfilingParser:82] MemoryDbParser start.
[2026-09-30-16:41:51.591] [INFO] [AscendProfiler_ProfilingParser:95] MemoryDbParser finish.
[2026-09-30-16:41:51.592] [INFO] [AscendProfiler_ProfilingParser:33] GCRecordDbParser start.
[2026-09-30-16:41:51.592] [INFO] [AscendProfiler_ProfilingParser:41] GCRecordDbParser finish.
[2026-09-30-16:41:51.592] [INFO] [AscendProfiler_ProfilingParser:36] StepInfoDbParser start.
[2026-09-30-16:41:51.598] [INFO] [AscendProfiler_ProfilingParser:43] StepInfoDbParser finish.
[2026-09-30-16:41:51.598] [INFO] [AscendProfiler_ProfilingParser:80] CommunicationDbParser start.
[2026-09-30-16:41:51.599] [INFO] [AscendProfiler_ProfilingParser:88] CommunicationDbParser finish.
[2026-09-30-16:41:51.600] [INFO] [AscendProfiler_ProfilingParser:74] TraceStepTimeDbParser start.
[2026-09-30-16:41:51.606] [INFO] [AscendProfiler_ProfilingParser:83] TraceStepTimeDbParser finish.
[2026-09-30-16:41:51.606] [INFO] [AscendProfiler_ProfilingParser:64] DbParser finish.
[2026-09-30-16:41:52.118] [INFO] [AscendProfiler_ProfilingParser:473] ============================================================
[2026-09-30-16:41:52.118] [INFO] [AscendProfiler_ProfilingParser:474] Task execution completed
[2026-09-30-16:41:52.118] [INFO] [AscendProfiler_ProfilingParser:475] ============================================================
[2026-09-30-16:41:52.118] [INFO] [AscendProfiler_ProfilingParser:478] torch_op                  | PTHREAD         | Succeed    | 0.027s | deps: None
[2026-09-30-16:41:52.118] [INFO] [AscendProfiler_ProfilingParser:478] task_queue                | PTHREAD         | Succeed    | 0.026s | deps: None
[2026-09-30-16:41:52.118] [INFO] [AscendProfiler_ProfilingParser:478] trace_prepare             | SUB_PROCESS     | Succeed    | 0.030s | deps: torch_op, task_queue
[2026-09-30-16:41:52.118] [INFO] [AscendProfiler_ProfilingParser:478] build_tree                | PTHREAD         | Succeed    | 0.025s | deps: torch_op, task_queue
[2026-09-30-16:41:52.118] [INFO] [AscendProfiler_ProfilingParser:478] export                    | SUB_PROCESS     | Succeed    | 3.062s | deps: None
[2026-09-30-16:41:52.118] [INFO] [AscendProfiler_ProfilingParser:478] timeline                  | PTHREAD|NON_BLOCKING | Succeed    | 2.607s | deps: None
[2026-09-30-16:41:52.118] [INFO] [AscendProfiler_ProfilingParser:478] relation                  | PTHREAD         | Succeed    | 0.051s | deps: task_queue, timeline
[2026-09-30-16:41:52.119] [INFO] [AscendProfiler_ProfilingParser:478] memory_prepare            | PTHREAD         | Succeed    | 0.001s | deps: build_tree, task_queue, torch_op
[2026-09-30-16:41:52.119] [INFO] [AscendProfiler_ProfilingParser:478] analyze                   | SUB_PROCESS     | Succeed    | 1.053s | deps: timeline
[2026-09-30-16:41:52.119] [INFO] [AscendProfiler_ProfilingParser:478] operator                  | SUB_PROCESS     | Succeed    | 0.028s | deps: build_tree, timeline, relation, torch_op
[2026-09-30-16:41:52.119] [INFO] [AscendProfiler_ProfilingParser:478] trace                     | SUB_PROCESS     | Succeed    | 0.042s | deps: build_tree, trace_prepare, timeline, task_queue, torch_op
[2026-09-30-16:41:52.119] [INFO] [AscendProfiler_ProfilingParser:478] kernel                    | SUB_PROCESS     | Succeed    | 0.035s | deps: build_tree, export, relation
[2026-09-30-16:41:52.119] [INFO] [AscendProfiler_ProfilingParser:478] step_time                 | SUB_PROCESS     | Succeed    | 0.041s | deps: build_tree, timeline, relation, torch_op
[2026-09-30-16:41:52.119] [INFO] [AscendProfiler_ProfilingParser:478] memory                    | SUB_PROCESS     | Succeed    | 0.042s | deps: export, memory_prepare
[2026-09-30-16:41:52.119] [INFO] [AscendProfiler_ProfilingParser:478] integrate                 | SUB_PROCESS     | Succeed    | 0.064s | deps: export
[2026-09-30-16:41:52.119] [INFO] [AscendProfiler_ProfilingParser:478] communication             | SUB_PROCESS     | Succeed    | 0.030s | deps: build_tree, analyze, relation
[2026-09-30-16:41:52.119] [INFO] [AscendProfiler_ProfilingParser:478] db_prepare                | PTHREAD         | Succeed    | 0.025s | deps: torch_op, task_queue
[2026-09-30-16:41:52.119] [INFO] [AscendProfiler_ProfilingParser:478] torch_db                  | PTHREAD         | Succeed    | 0.043s | deps: export, memory_prepare, build_tree, analyze, db_prepare
