[2026-10-01-07:25:56.128] [INFO] [AscendProfiler_ProfilingParser:97] Profiler logger initialized at: /mnt/workspace/sfa-nonempty-perf-20260930/iteration-e1/screen-v1/profile-candidate-attempt-1-traces/native-torch.float16-32-chronological-True/752c3fdca26b44da9fd55f3c88dd3113_1583559_20261001072555283_ascend_pt/logs/profiler_20261001072556_1585649_ProfilingParser.log
[2026-10-01-07:25:56.179] [INFO] [AscendProfiler_ProfilingParser:100] TorchOpParser start.
[2026-10-01-07:25:56.180] [INFO] [AscendProfiler_ProfilingParser:82] TaskQueueParser start.
[2026-10-01-07:25:56.201] [INFO] [AscendProfiler_ProfilingParser:208] CANNTimelineParser start.
[2026-10-01-07:25:56.203] [INFO] [AscendProfiler_ProfilingParser:106] TorchOpParser finish.
[2026-10-01-07:25:56.204] [INFO] [AscendProfiler_ProfilingParser:88] TaskQueueParser finish.
[2026-10-01-07:25:56.205] [INFO] [AscendProfiler_ProfilingParser:118] DbPreParser start.
[2026-10-01-07:25:56.205] [INFO] [AscendProfiler_ProfilingParser:62] TreeBuildParser start.
[2026-10-01-07:25:56.226] [INFO] [AscendProfiler_ProfilingParser:129] DbPreParser finish.
[2026-10-01-07:25:56.228] [INFO] [AscendProfiler_ProfilingParser:70] TreeBuildParser finish.
[2026-10-01-07:25:56.228] [INFO] [AscendProfiler_ProfilingParser:62] MemoryPrepareParser start.
[2026-10-01-07:25:56.229] [INFO] [AscendProfiler_ProfilingParser:75] MemoryPrepareParser finish.
[2026-10-01-07:25:57.804] [INFO] [AscendProfiler_ProfilingParser:218] CANNTimelineParser finish.
[2026-10-01-07:25:57.805] [INFO] [AscendProfiler_ProfilingParser:31] RelationParser start.
[2026-10-01-07:25:57.852] [INFO] [AscendProfiler_ProfilingParser:38] RelationParser finish.
[2026-10-01-07:25:58.877] [INFO] [AscendProfiler_ProfilingParser:40] DbParser start.
[2026-10-01-07:25:58.899] [INFO] [AscendProfiler_ProfilingParser:27] BasicDbParser start.
[2026-10-01-07:25:58.914] [INFO] [AscendProfiler_ProfilingParser:40] BasicDbParser finish.
[2026-10-01-07:25:58.914] [INFO] [AscendProfiler_ProfilingParser:31] FwkApiDbParser start.
[2026-10-01-07:25:58.914] [INFO] [AscendProfiler_ProfilingParser:36] FwkApiDbParser get fwk api data finish.
[2026-10-01-07:25:58.915] [INFO] [AscendProfiler_ProfilingParser:38] FwkApiDbParser get api data for db finish.
[2026-10-01-07:25:58.930] [INFO] [AscendProfiler_ProfilingParser:40] FwkApiDbParser save api data to db finish.
[2026-10-01-07:25:58.930] [INFO] [AscendProfiler_ProfilingParser:44] FwkApiDbParser finish.
[2026-10-01-07:25:58.931] [INFO] [AscendProfiler_ProfilingParser:82] MemoryDbParser start.
[2026-10-01-07:25:58.931] [INFO] [AscendProfiler_ProfilingParser:95] MemoryDbParser finish.
[2026-10-01-07:25:58.932] [INFO] [AscendProfiler_ProfilingParser:33] GCRecordDbParser start.
[2026-10-01-07:25:58.932] [INFO] [AscendProfiler_ProfilingParser:41] GCRecordDbParser finish.
[2026-10-01-07:25:58.933] [INFO] [AscendProfiler_ProfilingParser:36] StepInfoDbParser start.
[2026-10-01-07:25:58.939] [INFO] [AscendProfiler_ProfilingParser:43] StepInfoDbParser finish.
[2026-10-01-07:25:58.940] [INFO] [AscendProfiler_ProfilingParser:80] CommunicationDbParser start.
[2026-10-01-07:25:58.941] [INFO] [AscendProfiler_ProfilingParser:88] CommunicationDbParser finish.
[2026-10-01-07:25:58.942] [INFO] [AscendProfiler_ProfilingParser:74] TraceStepTimeDbParser start.
[2026-10-01-07:25:58.947] [INFO] [AscendProfiler_ProfilingParser:83] TraceStepTimeDbParser finish.
[2026-10-01-07:25:58.947] [INFO] [AscendProfiler_ProfilingParser:64] DbParser finish.
[2026-10-01-07:25:59.448] [INFO] [AscendProfiler_ProfilingParser:473] ============================================================
[2026-10-01-07:25:59.448] [INFO] [AscendProfiler_ProfilingParser:474] Task execution completed
[2026-10-01-07:25:59.448] [INFO] [AscendProfiler_ProfilingParser:475] ============================================================
[2026-10-01-07:25:59.448] [INFO] [AscendProfiler_ProfilingParser:478] torch_op                  | PTHREAD         | Succeed    | 0.025s | deps: None
[2026-10-01-07:25:59.448] [INFO] [AscendProfiler_ProfilingParser:478] task_queue                | PTHREAD         | Succeed    | 0.025s | deps: None
[2026-10-01-07:25:59.448] [INFO] [AscendProfiler_ProfilingParser:478] trace_prepare             | SUB_PROCESS     | Succeed    | 0.027s | deps: torch_op, task_queue
[2026-10-01-07:25:59.448] [INFO] [AscendProfiler_ProfilingParser:478] build_tree                | PTHREAD         | Succeed    | 0.023s | deps: torch_op, task_queue
[2026-10-01-07:25:59.449] [INFO] [AscendProfiler_ProfilingParser:478] export                    | SUB_PROCESS     | Succeed    | 2.056s | deps: None
[2026-10-01-07:25:59.449] [INFO] [AscendProfiler_ProfilingParser:478] timeline                  | PTHREAD|NON_BLOCKING | Succeed    | 1.605s | deps: None
[2026-10-01-07:25:59.449] [INFO] [AscendProfiler_ProfilingParser:478] relation                  | PTHREAD         | Succeed    | 0.048s | deps: task_queue, timeline
[2026-10-01-07:25:59.449] [INFO] [AscendProfiler_ProfilingParser:478] memory_prepare            | PTHREAD         | Succeed    | 0.001s | deps: build_tree, task_queue, torch_op
[2026-10-01-07:25:59.449] [INFO] [AscendProfiler_ProfilingParser:478] analyze                   | SUB_PROCESS     | Succeed    | 1.052s | deps: timeline
[2026-10-01-07:25:59.449] [INFO] [AscendProfiler_ProfilingParser:478] operator                  | SUB_PROCESS     | Succeed    | 0.028s | deps: build_tree, timeline, relation, torch_op
[2026-10-01-07:25:59.449] [INFO] [AscendProfiler_ProfilingParser:478] trace                     | SUB_PROCESS     | Succeed    | 0.040s | deps: build_tree, trace_prepare, timeline, task_queue, torch_op
[2026-10-01-07:25:59.449] [INFO] [AscendProfiler_ProfilingParser:478] kernel                    | SUB_PROCESS     | Succeed    | 0.036s | deps: build_tree, export, relation
[2026-10-01-07:25:59.449] [INFO] [AscendProfiler_ProfilingParser:478] step_time                 | SUB_PROCESS     | Succeed    | 0.037s | deps: build_tree, timeline, relation, torch_op
[2026-10-01-07:25:59.449] [INFO] [AscendProfiler_ProfilingParser:478] memory                    | SUB_PROCESS     | Succeed    | 0.056s | deps: export, memory_prepare
[2026-10-01-07:25:59.449] [INFO] [AscendProfiler_ProfilingParser:478] integrate                 | SUB_PROCESS     | Succeed    | 0.033s | deps: export
[2026-10-01-07:25:59.449] [INFO] [AscendProfiler_ProfilingParser:478] communication             | SUB_PROCESS     | Succeed    | 0.030s | deps: build_tree, analyze, relation
[2026-10-01-07:25:59.450] [INFO] [AscendProfiler_ProfilingParser:478] db_prepare                | PTHREAD         | Succeed    | 0.023s | deps: torch_op, task_queue
[2026-10-01-07:25:59.450] [INFO] [AscendProfiler_ProfilingParser:478] torch_db                  | PTHREAD         | Succeed    | 0.071s | deps: export, memory_prepare, build_tree, analyze, db_prepare
