[2026-10-01-08:59:19.039] [INFO] [AscendProfiler_ProfilingParser:97] Profiler logger initialized at: /mnt/workspace/sfa-nonempty-perf-20260930/iteration-e2/screen-v1/profile-control-attempt-1-traces/native-torch.float16-1-indexer-False/752c3fdca26b44da9fd55f3c88dd3113_1623583_20261001085918150_ascend_pt/logs/profiler_20261001085919_1623640_ProfilingParser.log
[2026-10-01-08:59:19.089] [INFO] [AscendProfiler_ProfilingParser:100] TorchOpParser start.
[2026-10-01-08:59:19.090] [INFO] [AscendProfiler_ProfilingParser:82] TaskQueueParser start.
[2026-10-01-08:59:19.107] [INFO] [AscendProfiler_ProfilingParser:208] CANNTimelineParser start.
[2026-10-01-08:59:19.110] [INFO] [AscendProfiler_ProfilingParser:106] TorchOpParser finish.
[2026-10-01-08:59:19.112] [INFO] [AscendProfiler_ProfilingParser:88] TaskQueueParser finish.
[2026-10-01-08:59:19.112] [INFO] [AscendProfiler_ProfilingParser:62] TreeBuildParser start.
[2026-10-01-08:59:19.113] [INFO] [AscendProfiler_ProfilingParser:118] DbPreParser start.
[2026-10-01-08:59:19.131] [INFO] [AscendProfiler_ProfilingParser:129] DbPreParser finish.
[2026-10-01-08:59:19.133] [INFO] [AscendProfiler_ProfilingParser:70] TreeBuildParser finish.
[2026-10-01-08:59:19.133] [INFO] [AscendProfiler_ProfilingParser:62] MemoryPrepareParser start.
[2026-10-01-08:59:19.134] [INFO] [AscendProfiler_ProfilingParser:75] MemoryPrepareParser finish.
[2026-10-01-08:59:20.610] [INFO] [AscendProfiler_ProfilingParser:218] CANNTimelineParser finish.
[2026-10-01-08:59:20.644] [INFO] [AscendProfiler_ProfilingParser:31] RelationParser start.
[2026-10-01-08:59:20.651] [INFO] [AscendProfiler_ProfilingParser:38] RelationParser finish.
[2026-10-01-08:59:21.677] [INFO] [AscendProfiler_ProfilingParser:40] DbParser start.
[2026-10-01-08:59:21.679] [INFO] [AscendProfiler_ProfilingParser:27] BasicDbParser start.
[2026-10-01-08:59:21.692] [INFO] [AscendProfiler_ProfilingParser:40] BasicDbParser finish.
[2026-10-01-08:59:21.693] [INFO] [AscendProfiler_ProfilingParser:31] FwkApiDbParser start.
[2026-10-01-08:59:21.693] [INFO] [AscendProfiler_ProfilingParser:36] FwkApiDbParser get fwk api data finish.
[2026-10-01-08:59:21.694] [INFO] [AscendProfiler_ProfilingParser:38] FwkApiDbParser get api data for db finish.
[2026-10-01-08:59:21.709] [INFO] [AscendProfiler_ProfilingParser:40] FwkApiDbParser save api data to db finish.
[2026-10-01-08:59:21.709] [INFO] [AscendProfiler_ProfilingParser:44] FwkApiDbParser finish.
[2026-10-01-08:59:21.710] [INFO] [AscendProfiler_ProfilingParser:82] MemoryDbParser start.
[2026-10-01-08:59:21.710] [INFO] [AscendProfiler_ProfilingParser:95] MemoryDbParser finish.
[2026-10-01-08:59:21.711] [INFO] [AscendProfiler_ProfilingParser:33] GCRecordDbParser start.
[2026-10-01-08:59:21.711] [INFO] [AscendProfiler_ProfilingParser:41] GCRecordDbParser finish.
[2026-10-01-08:59:21.711] [INFO] [AscendProfiler_ProfilingParser:36] StepInfoDbParser start.
[2026-10-01-08:59:21.718] [INFO] [AscendProfiler_ProfilingParser:43] StepInfoDbParser finish.
[2026-10-01-08:59:21.719] [INFO] [AscendProfiler_ProfilingParser:80] CommunicationDbParser start.
[2026-10-01-08:59:21.720] [INFO] [AscendProfiler_ProfilingParser:88] CommunicationDbParser finish.
[2026-10-01-08:59:21.720] [INFO] [AscendProfiler_ProfilingParser:74] TraceStepTimeDbParser start.
[2026-10-01-08:59:21.726] [INFO] [AscendProfiler_ProfilingParser:83] TraceStepTimeDbParser finish.
[2026-10-01-08:59:21.727] [INFO] [AscendProfiler_ProfilingParser:64] DbParser finish.
[2026-10-01-08:59:22.227] [INFO] [AscendProfiler_ProfilingParser:473] ============================================================
[2026-10-01-08:59:22.227] [INFO] [AscendProfiler_ProfilingParser:474] Task execution completed
[2026-10-01-08:59:22.227] [INFO] [AscendProfiler_ProfilingParser:475] ============================================================
[2026-10-01-08:59:22.228] [INFO] [AscendProfiler_ProfilingParser:478] torch_op                  | PTHREAD         | Succeed    | 0.022s | deps: None
[2026-10-01-08:59:22.228] [INFO] [AscendProfiler_ProfilingParser:478] task_queue                | PTHREAD         | Succeed    | 0.023s | deps: None
[2026-10-01-08:59:22.228] [INFO] [AscendProfiler_ProfilingParser:478] trace_prepare             | SUB_PROCESS     | Succeed    | 0.026s | deps: torch_op, task_queue
[2026-10-01-08:59:22.228] [INFO] [AscendProfiler_ProfilingParser:478] build_tree                | PTHREAD         | Succeed    | 0.021s | deps: torch_op, task_queue
[2026-10-01-08:59:22.228] [INFO] [AscendProfiler_ProfilingParser:478] export                    | SUB_PROCESS     | Succeed    | 2.054s | deps: None
[2026-10-01-08:59:22.228] [INFO] [AscendProfiler_ProfilingParser:478] timeline                  | PTHREAD|NON_BLOCKING | Succeed    | 1.504s | deps: None
[2026-10-01-08:59:22.228] [INFO] [AscendProfiler_ProfilingParser:478] relation                  | PTHREAD         | Succeed    | 0.009s | deps: task_queue, timeline
[2026-10-01-08:59:22.228] [INFO] [AscendProfiler_ProfilingParser:478] memory_prepare            | PTHREAD         | Succeed    | 0.001s | deps: build_tree, task_queue, torch_op
[2026-10-01-08:59:22.228] [INFO] [AscendProfiler_ProfilingParser:478] analyze                   | SUB_PROCESS     | Succeed    | 1.049s | deps: timeline
[2026-10-01-08:59:22.228] [INFO] [AscendProfiler_ProfilingParser:478] operator                  | SUB_PROCESS     | Succeed    | 0.032s | deps: build_tree, timeline, relation, torch_op
[2026-10-01-08:59:22.228] [INFO] [AscendProfiler_ProfilingParser:478] trace                     | SUB_PROCESS     | Succeed    | 0.057s | deps: build_tree, trace_prepare, timeline, task_queue, torch_op
[2026-10-01-08:59:22.228] [INFO] [AscendProfiler_ProfilingParser:478] kernel                    | SUB_PROCESS     | Succeed    | 0.030s | deps: build_tree, export, relation
[2026-10-01-08:59:22.229] [INFO] [AscendProfiler_ProfilingParser:478] step_time                 | SUB_PROCESS     | Succeed    | 0.027s | deps: build_tree, timeline, relation, torch_op
[2026-10-01-08:59:22.229] [INFO] [AscendProfiler_ProfilingParser:478] memory                    | SUB_PROCESS     | Succeed    | 0.046s | deps: export, memory_prepare
[2026-10-01-08:59:22.229] [INFO] [AscendProfiler_ProfilingParser:478] integrate                 | SUB_PROCESS     | Succeed    | 0.028s | deps: export
[2026-10-01-08:59:22.229] [INFO] [AscendProfiler_ProfilingParser:478] communication             | SUB_PROCESS     | Succeed    | 0.028s | deps: build_tree, analyze, relation
[2026-10-01-08:59:22.229] [INFO] [AscendProfiler_ProfilingParser:478] db_prepare                | PTHREAD         | Succeed    | 0.020s | deps: torch_op, task_queue
[2026-10-01-08:59:22.229] [INFO] [AscendProfiler_ProfilingParser:478] torch_db                  | PTHREAD         | Succeed    | 0.051s | deps: export, memory_prepare, build_tree, analyze, db_prepare
