[2026-10-01-09:00:44.087] [INFO] [AscendProfiler_ProfilingParser:97] Profiler logger initialized at: /mnt/workspace/sfa-nonempty-perf-20260930/iteration-e2/screen-v1/profile-control-attempt-1-traces/native-torch.bfloat16-32-chronological-False/752c3fdca26b44da9fd55f3c88dd3113_1623583_20261001090043109_ascend_pt/logs/profiler_20261001090044_1627631_ProfilingParser.log
[2026-10-01-09:00:44.137] [INFO] [AscendProfiler_ProfilingParser:100] TorchOpParser start.
[2026-10-01-09:00:44.138] [INFO] [AscendProfiler_ProfilingParser:82] TaskQueueParser start.
[2026-10-01-09:00:44.163] [INFO] [AscendProfiler_ProfilingParser:208] CANNTimelineParser start.
[2026-10-01-09:00:44.166] [INFO] [AscendProfiler_ProfilingParser:106] TorchOpParser finish.
[2026-10-01-09:00:44.167] [INFO] [AscendProfiler_ProfilingParser:88] TaskQueueParser finish.
[2026-10-01-09:00:44.168] [INFO] [AscendProfiler_ProfilingParser:62] TreeBuildParser start.
[2026-10-01-09:00:44.169] [INFO] [AscendProfiler_ProfilingParser:118] DbPreParser start.
[2026-10-01-09:00:44.196] [INFO] [AscendProfiler_ProfilingParser:70] TreeBuildParser finish.
[2026-10-01-09:00:44.197] [INFO] [AscendProfiler_ProfilingParser:129] DbPreParser finish.
[2026-10-01-09:00:44.198] [INFO] [AscendProfiler_ProfilingParser:62] MemoryPrepareParser start.
[2026-10-01-09:00:44.199] [INFO] [AscendProfiler_ProfilingParser:75] MemoryPrepareParser finish.
[2026-10-01-09:00:45.766] [INFO] [AscendProfiler_ProfilingParser:218] CANNTimelineParser finish.
[2026-10-01-09:00:45.816] [INFO] [AscendProfiler_ProfilingParser:31] RelationParser start.
[2026-10-01-09:00:45.824] [INFO] [AscendProfiler_ProfilingParser:38] RelationParser finish.
[2026-10-01-09:00:46.848] [INFO] [AscendProfiler_ProfilingParser:40] DbParser start.
[2026-10-01-09:00:46.850] [INFO] [AscendProfiler_ProfilingParser:27] BasicDbParser start.
[2026-10-01-09:00:46.866] [INFO] [AscendProfiler_ProfilingParser:40] BasicDbParser finish.
[2026-10-01-09:00:46.866] [INFO] [AscendProfiler_ProfilingParser:31] FwkApiDbParser start.
[2026-10-01-09:00:46.866] [INFO] [AscendProfiler_ProfilingParser:36] FwkApiDbParser get fwk api data finish.
[2026-10-01-09:00:46.867] [INFO] [AscendProfiler_ProfilingParser:38] FwkApiDbParser get api data for db finish.
[2026-10-01-09:00:46.883] [INFO] [AscendProfiler_ProfilingParser:40] FwkApiDbParser save api data to db finish.
[2026-10-01-09:00:46.883] [INFO] [AscendProfiler_ProfilingParser:44] FwkApiDbParser finish.
[2026-10-01-09:00:46.883] [INFO] [AscendProfiler_ProfilingParser:82] MemoryDbParser start.
[2026-10-01-09:00:46.884] [INFO] [AscendProfiler_ProfilingParser:95] MemoryDbParser finish.
[2026-10-01-09:00:46.884] [INFO] [AscendProfiler_ProfilingParser:33] GCRecordDbParser start.
[2026-10-01-09:00:46.884] [INFO] [AscendProfiler_ProfilingParser:41] GCRecordDbParser finish.
[2026-10-01-09:00:46.885] [INFO] [AscendProfiler_ProfilingParser:36] StepInfoDbParser start.
[2026-10-01-09:00:46.892] [INFO] [AscendProfiler_ProfilingParser:43] StepInfoDbParser finish.
[2026-10-01-09:00:46.892] [INFO] [AscendProfiler_ProfilingParser:80] CommunicationDbParser start.
[2026-10-01-09:00:46.893] [INFO] [AscendProfiler_ProfilingParser:88] CommunicationDbParser finish.
[2026-10-01-09:00:46.894] [INFO] [AscendProfiler_ProfilingParser:74] TraceStepTimeDbParser start.
[2026-10-01-09:00:46.899] [INFO] [AscendProfiler_ProfilingParser:83] TraceStepTimeDbParser finish.
[2026-10-01-09:00:46.900] [INFO] [AscendProfiler_ProfilingParser:64] DbParser finish.
[2026-10-01-09:00:47.401] [INFO] [AscendProfiler_ProfilingParser:473] ============================================================
[2026-10-01-09:00:47.401] [INFO] [AscendProfiler_ProfilingParser:474] Task execution completed
[2026-10-01-09:00:47.401] [INFO] [AscendProfiler_ProfilingParser:475] ============================================================
[2026-10-01-09:00:47.402] [INFO] [AscendProfiler_ProfilingParser:478] torch_op                  | PTHREAD         | Succeed    | 0.031s | deps: None
[2026-10-01-09:00:47.402] [INFO] [AscendProfiler_ProfilingParser:478] task_queue                | PTHREAD         | Succeed    | 0.030s | deps: None
[2026-10-01-09:00:47.402] [INFO] [AscendProfiler_ProfilingParser:478] trace_prepare             | SUB_PROCESS     | Succeed    | 0.034s | deps: torch_op, task_queue
[2026-10-01-09:00:47.402] [INFO] [AscendProfiler_ProfilingParser:478] build_tree                | PTHREAD         | Succeed    | 0.030s | deps: torch_op, task_queue
[2026-10-01-09:00:47.402] [INFO] [AscendProfiler_ProfilingParser:478] export                    | SUB_PROCESS     | Succeed    | 2.062s | deps: None
[2026-10-01-09:00:47.402] [INFO] [AscendProfiler_ProfilingParser:478] timeline                  | PTHREAD|NON_BLOCKING | Succeed    | 1.604s | deps: None
[2026-10-01-09:00:47.402] [INFO] [AscendProfiler_ProfilingParser:478] relation                  | PTHREAD         | Succeed    | 0.009s | deps: task_queue, timeline
[2026-10-01-09:00:47.402] [INFO] [AscendProfiler_ProfilingParser:478] memory_prepare            | PTHREAD         | Succeed    | 0.002s | deps: build_tree, task_queue, torch_op
[2026-10-01-09:00:47.402] [INFO] [AscendProfiler_ProfilingParser:478] analyze                   | SUB_PROCESS     | Succeed    | 1.057s | deps: timeline
[2026-10-01-09:00:47.402] [INFO] [AscendProfiler_ProfilingParser:478] operator                  | SUB_PROCESS     | Succeed    | 0.048s | deps: build_tree, timeline, relation, torch_op
[2026-10-01-09:00:47.402] [INFO] [AscendProfiler_ProfilingParser:478] trace                     | SUB_PROCESS     | Succeed    | 0.082s | deps: build_tree, trace_prepare, timeline, task_queue, torch_op
[2026-10-01-09:00:47.402] [INFO] [AscendProfiler_ProfilingParser:478] kernel                    | SUB_PROCESS     | Succeed    | 0.049s | deps: build_tree, export, relation
[2026-10-01-09:00:47.403] [INFO] [AscendProfiler_ProfilingParser:478] step_time                 | SUB_PROCESS     | Succeed    | 0.036s | deps: build_tree, timeline, relation, torch_op
[2026-10-01-09:00:47.403] [INFO] [AscendProfiler_ProfilingParser:478] memory                    | SUB_PROCESS     | Succeed    | 0.073s | deps: export, memory_prepare
[2026-10-01-09:00:47.403] [INFO] [AscendProfiler_ProfilingParser:478] integrate                 | SUB_PROCESS     | Succeed    | 0.038s | deps: export
[2026-10-01-09:00:47.403] [INFO] [AscendProfiler_ProfilingParser:478] communication             | SUB_PROCESS     | Succeed    | 0.035s | deps: build_tree, analyze, relation
[2026-10-01-09:00:47.403] [INFO] [AscendProfiler_ProfilingParser:478] db_prepare                | PTHREAD         | Succeed    | 0.030s | deps: torch_op, task_queue
[2026-10-01-09:00:47.403] [INFO] [AscendProfiler_ProfilingParser:478] torch_db                  | PTHREAD         | Succeed    | 0.053s | deps: export, memory_prepare, build_tree, analyze, db_prepare
