[2026-10-01-08:26:53.974] [INFO] [AscendProfiler_ProfilingParser:97] Profiler logger initialized at: /mnt/workspace/sfa-nonempty-perf-20260930/iteration-e1/screen-v2/profile-candidate-attempt-1-traces/quant-torch.bfloat16-1-chronological-True/752c3fdca26b44da9fd55f3c88dd3113_1609513_20261001082653130_ascend_pt/logs/profiler_20261001082653_1617340_ProfilingParser.log
[2026-10-01-08:26:54.024] [INFO] [AscendProfiler_ProfilingParser:100] TorchOpParser start.
[2026-10-01-08:26:54.025] [INFO] [AscendProfiler_ProfilingParser:82] TaskQueueParser start.
[2026-10-01-08:26:54.049] [INFO] [AscendProfiler_ProfilingParser:208] CANNTimelineParser start.
[2026-10-01-08:26:54.052] [INFO] [AscendProfiler_ProfilingParser:106] TorchOpParser finish.
[2026-10-01-08:26:54.053] [INFO] [AscendProfiler_ProfilingParser:88] TaskQueueParser finish.
[2026-10-01-08:26:54.078] [INFO] [AscendProfiler_ProfilingParser:62] TreeBuildParser start.
[2026-10-01-08:26:54.080] [INFO] [AscendProfiler_ProfilingParser:118] DbPreParser start.
[2026-10-01-08:26:54.081] [INFO] [AscendProfiler_ProfilingParser:70] TreeBuildParser finish.
[2026-10-01-08:26:54.083] [INFO] [AscendProfiler_ProfilingParser:129] DbPreParser finish.
[2026-10-01-08:26:54.083] [INFO] [AscendProfiler_ProfilingParser:62] MemoryPrepareParser start.
[2026-10-01-08:26:54.084] [INFO] [AscendProfiler_ProfilingParser:75] MemoryPrepareParser finish.
[2026-10-01-08:26:55.552] [INFO] [AscendProfiler_ProfilingParser:218] CANNTimelineParser finish.
[2026-10-01-08:26:55.553] [INFO] [AscendProfiler_ProfilingParser:31] RelationParser start.
[2026-10-01-08:26:55.609] [INFO] [AscendProfiler_ProfilingParser:38] RelationParser finish.
[2026-10-01-08:26:56.633] [INFO] [AscendProfiler_ProfilingParser:40] DbParser start.
[2026-10-01-08:26:56.658] [INFO] [AscendProfiler_ProfilingParser:27] BasicDbParser start.
[2026-10-01-08:26:56.672] [INFO] [AscendProfiler_ProfilingParser:40] BasicDbParser finish.
[2026-10-01-08:26:56.673] [INFO] [AscendProfiler_ProfilingParser:31] FwkApiDbParser start.
[2026-10-01-08:26:56.673] [INFO] [AscendProfiler_ProfilingParser:36] FwkApiDbParser get fwk api data finish.
[2026-10-01-08:26:56.674] [INFO] [AscendProfiler_ProfilingParser:38] FwkApiDbParser get api data for db finish.
[2026-10-01-08:26:56.690] [INFO] [AscendProfiler_ProfilingParser:40] FwkApiDbParser save api data to db finish.
[2026-10-01-08:26:56.690] [INFO] [AscendProfiler_ProfilingParser:44] FwkApiDbParser finish.
[2026-10-01-08:26:56.690] [INFO] [AscendProfiler_ProfilingParser:82] MemoryDbParser start.
[2026-10-01-08:26:56.691] [INFO] [AscendProfiler_ProfilingParser:95] MemoryDbParser finish.
[2026-10-01-08:26:56.691] [INFO] [AscendProfiler_ProfilingParser:33] GCRecordDbParser start.
[2026-10-01-08:26:56.692] [INFO] [AscendProfiler_ProfilingParser:41] GCRecordDbParser finish.
[2026-10-01-08:26:56.692] [INFO] [AscendProfiler_ProfilingParser:36] StepInfoDbParser start.
[2026-10-01-08:26:56.698] [INFO] [AscendProfiler_ProfilingParser:43] StepInfoDbParser finish.
[2026-10-01-08:26:56.698] [INFO] [AscendProfiler_ProfilingParser:80] CommunicationDbParser start.
[2026-10-01-08:26:56.700] [INFO] [AscendProfiler_ProfilingParser:88] CommunicationDbParser finish.
[2026-10-01-08:26:56.700] [INFO] [AscendProfiler_ProfilingParser:74] TraceStepTimeDbParser start.
[2026-10-01-08:26:56.706] [INFO] [AscendProfiler_ProfilingParser:83] TraceStepTimeDbParser finish.
[2026-10-01-08:26:56.707] [INFO] [AscendProfiler_ProfilingParser:64] DbParser finish.
[2026-10-01-08:26:57.213] [INFO] [AscendProfiler_ProfilingParser:473] ============================================================
[2026-10-01-08:26:57.213] [INFO] [AscendProfiler_ProfilingParser:474] Task execution completed
[2026-10-01-08:26:57.214] [INFO] [AscendProfiler_ProfilingParser:475] ============================================================
[2026-10-01-08:26:57.214] [INFO] [AscendProfiler_ProfilingParser:478] torch_op                  | PTHREAD         | Succeed    | 0.030s | deps: None
[2026-10-01-08:26:57.214] [INFO] [AscendProfiler_ProfilingParser:478] task_queue                | PTHREAD         | Succeed    | 0.030s | deps: None
[2026-10-01-08:26:57.214] [INFO] [AscendProfiler_ProfilingParser:478] trace_prepare             | SUB_PROCESS     | Succeed    | 0.034s | deps: torch_op, task_queue
[2026-10-01-08:26:57.214] [INFO] [AscendProfiler_ProfilingParser:478] build_tree                | PTHREAD         | Succeed    | 0.004s | deps: torch_op, task_queue
[2026-10-01-08:26:57.214] [INFO] [AscendProfiler_ProfilingParser:478] export                    | SUB_PROCESS     | Succeed    | 2.061s | deps: None
[2026-10-01-08:26:57.214] [INFO] [AscendProfiler_ProfilingParser:478] timeline                  | PTHREAD|NON_BLOCKING | Succeed    | 1.504s | deps: None
[2026-10-01-08:26:57.214] [INFO] [AscendProfiler_ProfilingParser:478] relation                  | PTHREAD         | Succeed    | 0.057s | deps: task_queue, timeline
[2026-10-01-08:26:57.214] [INFO] [AscendProfiler_ProfilingParser:478] memory_prepare            | PTHREAD         | Succeed    | 0.002s | deps: build_tree, task_queue, torch_op
[2026-10-01-08:26:57.214] [INFO] [AscendProfiler_ProfilingParser:478] analyze                   | SUB_PROCESS     | Succeed    | 1.056s | deps: timeline
[2026-10-01-08:26:57.214] [INFO] [AscendProfiler_ProfilingParser:478] operator                  | SUB_PROCESS     | Succeed    | 0.032s | deps: build_tree, timeline, relation, torch_op
[2026-10-01-08:26:57.215] [INFO] [AscendProfiler_ProfilingParser:478] trace                     | SUB_PROCESS     | Succeed    | 0.048s | deps: build_tree, trace_prepare, timeline, task_queue, torch_op
[2026-10-01-08:26:57.215] [INFO] [AscendProfiler_ProfilingParser:478] kernel                    | SUB_PROCESS     | Succeed    | 0.033s | deps: build_tree, export, relation
[2026-10-01-08:26:57.215] [INFO] [AscendProfiler_ProfilingParser:478] step_time                 | SUB_PROCESS     | Succeed    | 0.047s | deps: build_tree, timeline, relation, torch_op
[2026-10-01-08:26:57.215] [INFO] [AscendProfiler_ProfilingParser:478] memory                    | SUB_PROCESS     | Succeed    | 0.069s | deps: export, memory_prepare
[2026-10-01-08:26:57.215] [INFO] [AscendProfiler_ProfilingParser:478] integrate                 | SUB_PROCESS     | Succeed    | 0.047s | deps: export
[2026-10-01-08:26:57.215] [INFO] [AscendProfiler_ProfilingParser:478] communication             | SUB_PROCESS     | Succeed    | 0.033s | deps: build_tree, analyze, relation
[2026-10-01-08:26:57.215] [INFO] [AscendProfiler_ProfilingParser:478] db_prepare                | PTHREAD         | Succeed    | 0.004s | deps: torch_op, task_queue
[2026-10-01-08:26:57.215] [INFO] [AscendProfiler_ProfilingParser:478] torch_db                  | PTHREAD         | Succeed    | 0.074s | deps: export, memory_prepare, build_tree, analyze, db_prepare
