[2026-10-01-09:05:23.426] [INFO] [AscendProfiler_ProfilingParser:97] Profiler logger initialized at: /mnt/workspace/sfa-nonempty-perf-20260930/iteration-e2/screen-v1/profile-candidate-attempt-1-traces/quant-torch.bfloat16-1-indexer-True/752c3fdca26b44da9fd55f3c88dd3113_1632884_20261001090522475_ascend_pt/logs/profiler_20261001090523_1640058_ProfilingParser.log
[2026-10-01-09:05:23.478] [INFO] [AscendProfiler_ProfilingParser:100] TorchOpParser start.
[2026-10-01-09:05:23.478] [INFO] [AscendProfiler_ProfilingParser:82] TaskQueueParser start.
[2026-10-01-09:05:23.507] [INFO] [AscendProfiler_ProfilingParser:208] CANNTimelineParser start.
[2026-10-01-09:05:23.510] [INFO] [AscendProfiler_ProfilingParser:106] TorchOpParser finish.
[2026-10-01-09:05:23.511] [INFO] [AscendProfiler_ProfilingParser:88] TaskQueueParser finish.
[2026-10-01-09:05:23.540] [INFO] [AscendProfiler_ProfilingParser:62] TreeBuildParser start.
[2026-10-01-09:05:23.541] [INFO] [AscendProfiler_ProfilingParser:118] DbPreParser start.
[2026-10-01-09:05:23.543] [INFO] [AscendProfiler_ProfilingParser:70] TreeBuildParser finish.
[2026-10-01-09:05:23.544] [INFO] [AscendProfiler_ProfilingParser:129] DbPreParser finish.
[2026-10-01-09:05:23.545] [INFO] [AscendProfiler_ProfilingParser:62] MemoryPrepareParser start.
[2026-10-01-09:05:23.546] [INFO] [AscendProfiler_ProfilingParser:75] MemoryPrepareParser finish.
[2026-10-01-09:05:25.011] [INFO] [AscendProfiler_ProfilingParser:218] CANNTimelineParser finish.
[2026-10-01-09:05:25.038] [INFO] [AscendProfiler_ProfilingParser:31] RelationParser start.
[2026-10-01-09:05:25.074] [INFO] [AscendProfiler_ProfilingParser:38] RelationParser finish.
[2026-10-01-09:05:26.071] [INFO] [AscendProfiler_ProfilingParser:40] DbParser start.
[2026-10-01-09:05:26.101] [INFO] [AscendProfiler_ProfilingParser:27] BasicDbParser start.
[2026-10-01-09:05:26.115] [INFO] [AscendProfiler_ProfilingParser:40] BasicDbParser finish.
[2026-10-01-09:05:26.115] [INFO] [AscendProfiler_ProfilingParser:31] FwkApiDbParser start.
[2026-10-01-09:05:26.116] [INFO] [AscendProfiler_ProfilingParser:36] FwkApiDbParser get fwk api data finish.
[2026-10-01-09:05:26.116] [INFO] [AscendProfiler_ProfilingParser:38] FwkApiDbParser get api data for db finish.
[2026-10-01-09:05:26.131] [INFO] [AscendProfiler_ProfilingParser:40] FwkApiDbParser save api data to db finish.
[2026-10-01-09:05:26.131] [INFO] [AscendProfiler_ProfilingParser:44] FwkApiDbParser finish.
[2026-10-01-09:05:26.131] [INFO] [AscendProfiler_ProfilingParser:82] MemoryDbParser start.
[2026-10-01-09:05:26.132] [INFO] [AscendProfiler_ProfilingParser:95] MemoryDbParser finish.
[2026-10-01-09:05:26.132] [INFO] [AscendProfiler_ProfilingParser:33] GCRecordDbParser start.
[2026-10-01-09:05:26.132] [INFO] [AscendProfiler_ProfilingParser:41] GCRecordDbParser finish.
[2026-10-01-09:05:26.133] [INFO] [AscendProfiler_ProfilingParser:36] StepInfoDbParser start.
[2026-10-01-09:05:26.139] [INFO] [AscendProfiler_ProfilingParser:43] StepInfoDbParser finish.
[2026-10-01-09:05:26.140] [INFO] [AscendProfiler_ProfilingParser:80] CommunicationDbParser start.
[2026-10-01-09:05:26.141] [INFO] [AscendProfiler_ProfilingParser:88] CommunicationDbParser finish.
[2026-10-01-09:05:26.141] [INFO] [AscendProfiler_ProfilingParser:74] TraceStepTimeDbParser start.
[2026-10-01-09:05:26.147] [INFO] [AscendProfiler_ProfilingParser:83] TraceStepTimeDbParser finish.
[2026-10-01-09:05:26.147] [INFO] [AscendProfiler_ProfilingParser:64] DbParser finish.
[2026-10-01-09:05:26.662] [INFO] [AscendProfiler_ProfilingParser:473] ============================================================
[2026-10-01-09:05:26.662] [INFO] [AscendProfiler_ProfilingParser:474] Task execution completed
[2026-10-01-09:05:26.662] [INFO] [AscendProfiler_ProfilingParser:475] ============================================================
[2026-10-01-09:05:26.662] [INFO] [AscendProfiler_ProfilingParser:478] torch_op                  | PTHREAD         | Succeed    | 0.034s | deps: None
[2026-10-01-09:05:26.662] [INFO] [AscendProfiler_ProfilingParser:478] task_queue                | PTHREAD         | Succeed    | 0.034s | deps: None
[2026-10-01-09:05:26.662] [INFO] [AscendProfiler_ProfilingParser:478] trace_prepare             | SUB_PROCESS     | Succeed    | 0.037s | deps: torch_op, task_queue
[2026-10-01-09:05:26.663] [INFO] [AscendProfiler_ProfilingParser:478] build_tree                | PTHREAD         | Succeed    | 0.005s | deps: torch_op, task_queue
[2026-10-01-09:05:26.663] [INFO] [AscendProfiler_ProfilingParser:478] export                    | SUB_PROCESS     | Succeed    | 2.065s | deps: None
[2026-10-01-09:05:26.663] [INFO] [AscendProfiler_ProfilingParser:478] timeline                  | PTHREAD|NON_BLOCKING | Succeed    | 1.505s | deps: None
[2026-10-01-09:05:26.663] [INFO] [AscendProfiler_ProfilingParser:478] relation                  | PTHREAD         | Succeed    | 0.038s | deps: task_queue, timeline
[2026-10-01-09:05:26.663] [INFO] [AscendProfiler_ProfilingParser:478] memory_prepare            | PTHREAD         | Succeed    | 0.001s | deps: build_tree, task_queue, torch_op
[2026-10-01-09:05:26.663] [INFO] [AscendProfiler_ProfilingParser:478] analyze                   | SUB_PROCESS     | Succeed    | 1.059s | deps: timeline
[2026-10-01-09:05:26.663] [INFO] [AscendProfiler_ProfilingParser:478] operator                  | SUB_PROCESS     | Succeed    | 0.036s | deps: build_tree, timeline, relation, torch_op
[2026-10-01-09:05:26.663] [INFO] [AscendProfiler_ProfilingParser:478] trace                     | SUB_PROCESS     | Succeed    | 0.092s | deps: build_tree, trace_prepare, timeline, task_queue, torch_op
[2026-10-01-09:05:26.663] [INFO] [AscendProfiler_ProfilingParser:478] kernel                    | SUB_PROCESS     | Succeed    | 0.039s | deps: build_tree, export, relation
[2026-10-01-09:05:26.663] [INFO] [AscendProfiler_ProfilingParser:478] step_time                 | SUB_PROCESS     | Succeed    | 0.056s | deps: build_tree, timeline, relation, torch_op
[2026-10-01-09:05:26.663] [INFO] [AscendProfiler_ProfilingParser:478] memory                    | SUB_PROCESS     | Succeed    | 0.082s | deps: export, memory_prepare
[2026-10-01-09:05:26.663] [INFO] [AscendProfiler_ProfilingParser:478] integrate                 | SUB_PROCESS     | Succeed    | 0.055s | deps: export
[2026-10-01-09:05:26.663] [INFO] [AscendProfiler_ProfilingParser:478] communication             | SUB_PROCESS     | Succeed    | 0.039s | deps: build_tree, analyze, relation
[2026-10-01-09:05:26.664] [INFO] [AscendProfiler_ProfilingParser:478] db_prepare                | PTHREAD         | Succeed    | 0.005s | deps: torch_op, task_queue
[2026-10-01-09:05:26.664] [INFO] [AscendProfiler_ProfilingParser:478] torch_db                  | PTHREAD         | Succeed    | 0.078s | deps: export, memory_prepare, build_tree, analyze, db_prepare
