[2026-09-30-13:48:24.040] [INFO] [AscendProfiler_ProfilingParser:97] Profiler logger initialized at: /mnt/workspace/hc-pre-reduction-20260930/iteration-01/profile-candidate-q1/data/t512-d7168-signed0/752c3fdca26b44da9fd55f3c88dd3113_1039137_20260930134823313_ascend_pt/logs/profiler_20260930134824_1039782_ProfilingParser.log
[2026-09-30-13:48:24.090] [INFO] [AscendProfiler_ProfilingParser:100] TorchOpParser start.
[2026-09-30-13:48:24.091] [INFO] [AscendProfiler_ProfilingParser:82] TaskQueueParser start.
[2026-09-30-13:48:24.110] [INFO] [AscendProfiler_ProfilingParser:208] CANNTimelineParser start.
[2026-09-30-13:48:24.111] [INFO] [AscendProfiler_ProfilingParser:106] TorchOpParser finish.
[2026-09-30-13:48:24.112] [INFO] [AscendProfiler_ProfilingParser:88] TaskQueueParser finish.
[2026-09-30-13:48:24.112] [INFO] [AscendProfiler_ProfilingParser:62] TreeBuildParser start.
[2026-09-30-13:48:24.131] [INFO] [AscendProfiler_ProfilingParser:118] DbPreParser start.
[2026-09-30-13:48:24.132] [ERROR] [AscendProfiler_ProfilingParser:93] Get torch op tree node failed, the torch op data is empty.
[2026-09-30-13:48:24.132] [INFO] [AscendProfiler_ProfilingParser:70] TreeBuildParser finish.
[2026-09-30-13:48:24.133] [INFO] [AscendProfiler_ProfilingParser:62] MemoryPrepareParser start.
[2026-09-30-13:48:24.133] [ERROR] [AscendProfiler_ProfilingParser:208] Get fwk api data failed, framework data is empty.
[2026-09-30-13:48:24.133] [INFO] [AscendProfiler_ProfilingParser:129] DbPreParser finish.
[2026-09-30-13:48:24.134] [INFO] [AscendProfiler_ProfilingParser:75] MemoryPrepareParser finish.
[2026-09-30-13:48:26.715] [INFO] [AscendProfiler_ProfilingParser:218] CANNTimelineParser finish.
[2026-09-30-13:48:26.753] [INFO] [AscendProfiler_ProfilingParser:31] RelationParser start.
[2026-09-30-13:48:26.761] [INFO] [AscendProfiler_ProfilingParser:38] RelationParser finish.
[2026-09-30-13:48:27.803] [INFO] [AscendProfiler_ProfilingParser:40] DbParser start.
[2026-09-30-13:48:27.805] [INFO] [AscendProfiler_ProfilingParser:27] BasicDbParser start.
[2026-09-30-13:48:27.820] [INFO] [AscendProfiler_ProfilingParser:40] BasicDbParser finish.
[2026-09-30-13:48:27.821] [INFO] [AscendProfiler_ProfilingParser:31] FwkApiDbParser start.
[2026-09-30-13:48:27.821] [INFO] [AscendProfiler_ProfilingParser:36] FwkApiDbParser get fwk api data finish.
[2026-09-30-13:48:27.821] [INFO] [AscendProfiler_ProfilingParser:38] FwkApiDbParser get api data for db finish.
[2026-09-30-13:48:27.824] [INFO] [AscendProfiler_ProfilingParser:40] FwkApiDbParser save api data to db finish.
[2026-09-30-13:48:27.824] [INFO] [AscendProfiler_ProfilingParser:44] FwkApiDbParser finish.
[2026-09-30-13:48:27.824] [INFO] [AscendProfiler_ProfilingParser:82] MemoryDbParser start.
[2026-09-30-13:48:27.825] [INFO] [AscendProfiler_ProfilingParser:95] MemoryDbParser finish.
[2026-09-30-13:48:27.825] [INFO] [AscendProfiler_ProfilingParser:33] GCRecordDbParser start.
[2026-09-30-13:48:27.825] [INFO] [AscendProfiler_ProfilingParser:41] GCRecordDbParser finish.
[2026-09-30-13:48:27.826] [INFO] [AscendProfiler_ProfilingParser:36] StepInfoDbParser start.
[2026-09-30-13:48:27.826] [INFO] [AscendProfiler_ProfilingParser:43] StepInfoDbParser finish.
[2026-09-30-13:48:27.827] [INFO] [AscendProfiler_ProfilingParser:80] CommunicationDbParser start.
[2026-09-30-13:48:27.828] [INFO] [AscendProfiler_ProfilingParser:88] CommunicationDbParser finish.
[2026-09-30-13:48:27.828] [INFO] [AscendProfiler_ProfilingParser:74] TraceStepTimeDbParser start.
[2026-09-30-13:48:27.835] [INFO] [AscendProfiler_ProfilingParser:83] TraceStepTimeDbParser finish.
[2026-09-30-13:48:27.835] [INFO] [AscendProfiler_ProfilingParser:64] DbParser finish.
[2026-09-30-13:48:28.344] [INFO] [AscendProfiler_ProfilingParser:473] ============================================================
[2026-09-30-13:48:28.344] [INFO] [AscendProfiler_ProfilingParser:474] Task execution completed
[2026-09-30-13:48:28.344] [INFO] [AscendProfiler_ProfilingParser:475] ============================================================
[2026-09-30-13:48:28.345] [INFO] [AscendProfiler_ProfilingParser:478] torch_op                  | PTHREAD         | Succeed    | 0.022s | deps: None
[2026-09-30-13:48:28.345] [INFO] [AscendProfiler_ProfilingParser:478] task_queue                | PTHREAD         | Succeed    | 0.022s | deps: None
[2026-09-30-13:48:28.345] [INFO] [AscendProfiler_ProfilingParser:478] trace_prepare             | SUB_PROCESS     | Succeed    | 0.025s | deps: torch_op, task_queue
[2026-09-30-13:48:28.345] [INFO] [AscendProfiler_ProfilingParser:478] build_tree                | PTHREAD         | Succeed    | 0.020s | deps: torch_op, task_queue
[2026-09-30-13:48:28.345] [INFO] [AscendProfiler_ProfilingParser:478] export                    | SUB_PROCESS     | Succeed    | 3.058s | deps: None
[2026-09-30-13:48:28.345] [INFO] [AscendProfiler_ProfilingParser:478] timeline                  | PTHREAD|NON_BLOCKING | Succeed    | 2.606s | deps: None
[2026-09-30-13:48:28.345] [INFO] [AscendProfiler_ProfilingParser:478] relation                  | PTHREAD         | Succeed    | 0.009s | deps: task_queue, timeline
[2026-09-30-13:48:28.345] [INFO] [AscendProfiler_ProfilingParser:478] memory_prepare            | PTHREAD         | Succeed    | 0.002s | deps: build_tree, task_queue, torch_op
[2026-09-30-13:48:28.345] [INFO] [AscendProfiler_ProfilingParser:478] analyze                   | SUB_PROCESS     | Succeed    | 1.050s | deps: timeline
[2026-09-30-13:48:28.345] [INFO] [AscendProfiler_ProfilingParser:478] operator                  | SUB_PROCESS     | Succeed    | 0.025s | deps: build_tree, timeline, relation, torch_op
[2026-09-30-13:48:28.345] [INFO] [AscendProfiler_ProfilingParser:478] trace                     | SUB_PROCESS     | Succeed    | 0.038s | deps: build_tree, trace_prepare, timeline, task_queue, torch_op
[2026-09-30-13:48:28.345] [INFO] [AscendProfiler_ProfilingParser:478] kernel                    | SUB_PROCESS     | Succeed    | 0.035s | deps: build_tree, export, relation
[2026-09-30-13:48:28.346] [INFO] [AscendProfiler_ProfilingParser:478] step_time                 | SUB_PROCESS     | Succeed    | 0.036s | deps: build_tree, timeline, relation, torch_op
[2026-09-30-13:48:28.346] [INFO] [AscendProfiler_ProfilingParser:478] memory                    | SUB_PROCESS     | Succeed    | 0.029s | deps: export, memory_prepare
[2026-09-30-13:48:28.346] [INFO] [AscendProfiler_ProfilingParser:478] integrate                 | SUB_PROCESS     | Succeed    | 0.053s | deps: export
[2026-09-30-13:48:28.346] [INFO] [AscendProfiler_ProfilingParser:478] communication             | SUB_PROCESS     | Succeed    | 0.028s | deps: build_tree, analyze, relation
[2026-09-30-13:48:28.346] [INFO] [AscendProfiler_ProfilingParser:478] db_prepare                | PTHREAD         | Succeed    | 0.003s | deps: torch_op, task_queue
[2026-09-30-13:48:28.346] [INFO] [AscendProfiler_ProfilingParser:478] torch_db                  | PTHREAD         | Succeed    | 0.033s | deps: export, memory_prepare, build_tree, analyze, db_prepare
