[2026-10-01-09:04:33.442] [INFO] [AscendProfiler_ProfilingParser:97] Profiler logger initialized at: /mnt/workspace/sfa-nonempty-perf-20260930/iteration-e2/screen-v1/profile-candidate-attempt-1-traces/quant-torch.float16-1-indexer-False/752c3fdca26b44da9fd55f3c88dd3113_1632884_20261001090432478_ascend_pt/logs/profiler_20261001090433_1637501_ProfilingParser.log
[2026-10-01-09:04:33.493] [INFO] [AscendProfiler_ProfilingParser:100] TorchOpParser start.
[2026-10-01-09:04:33.493] [INFO] [AscendProfiler_ProfilingParser:82] TaskQueueParser start.
[2026-10-01-09:04:33.521] [INFO] [AscendProfiler_ProfilingParser:208] CANNTimelineParser start.
[2026-10-01-09:04:33.525] [INFO] [AscendProfiler_ProfilingParser:106] TorchOpParser finish.
[2026-10-01-09:04:33.526] [INFO] [AscendProfiler_ProfilingParser:88] TaskQueueParser finish.
[2026-10-01-09:04:33.554] [INFO] [AscendProfiler_ProfilingParser:62] TreeBuildParser start.
[2026-10-01-09:04:33.555] [INFO] [AscendProfiler_ProfilingParser:118] DbPreParser start.
[2026-10-01-09:04:33.557] [INFO] [AscendProfiler_ProfilingParser:70] TreeBuildParser finish.
[2026-10-01-09:04:33.558] [INFO] [AscendProfiler_ProfilingParser:62] MemoryPrepareParser start.
[2026-10-01-09:04:33.559] [INFO] [AscendProfiler_ProfilingParser:129] DbPreParser finish.
[2026-10-01-09:04:33.560] [INFO] [AscendProfiler_ProfilingParser:75] MemoryPrepareParser finish.
[2026-10-01-09:04:35.024] [INFO] [AscendProfiler_ProfilingParser:218] CANNTimelineParser finish.
[2026-10-01-09:04:35.052] [INFO] [AscendProfiler_ProfilingParser:31] RelationParser start.
[2026-10-01-09:04:35.088] [INFO] [AscendProfiler_ProfilingParser:38] RelationParser finish.
[2026-10-01-09:04:36.084] [INFO] [AscendProfiler_ProfilingParser:40] DbParser start.
[2026-10-01-09:04:36.114] [INFO] [AscendProfiler_ProfilingParser:27] BasicDbParser start.
[2026-10-01-09:04:36.128] [INFO] [AscendProfiler_ProfilingParser:40] BasicDbParser finish.
[2026-10-01-09:04:36.128] [INFO] [AscendProfiler_ProfilingParser:31] FwkApiDbParser start.
[2026-10-01-09:04:36.128] [INFO] [AscendProfiler_ProfilingParser:36] FwkApiDbParser get fwk api data finish.
[2026-10-01-09:04:36.129] [INFO] [AscendProfiler_ProfilingParser:38] FwkApiDbParser get api data for db finish.
[2026-10-01-09:04:36.144] [INFO] [AscendProfiler_ProfilingParser:40] FwkApiDbParser save api data to db finish.
[2026-10-01-09:04:36.144] [INFO] [AscendProfiler_ProfilingParser:44] FwkApiDbParser finish.
[2026-10-01-09:04:36.145] [INFO] [AscendProfiler_ProfilingParser:82] MemoryDbParser start.
[2026-10-01-09:04:36.145] [INFO] [AscendProfiler_ProfilingParser:95] MemoryDbParser finish.
[2026-10-01-09:04:36.146] [INFO] [AscendProfiler_ProfilingParser:33] GCRecordDbParser start.
[2026-10-01-09:04:36.146] [INFO] [AscendProfiler_ProfilingParser:41] GCRecordDbParser finish.
[2026-10-01-09:04:36.146] [INFO] [AscendProfiler_ProfilingParser:36] StepInfoDbParser start.
[2026-10-01-09:04:36.152] [INFO] [AscendProfiler_ProfilingParser:43] StepInfoDbParser finish.
[2026-10-01-09:04:36.152] [INFO] [AscendProfiler_ProfilingParser:80] CommunicationDbParser start.
[2026-10-01-09:04:36.153] [INFO] [AscendProfiler_ProfilingParser:88] CommunicationDbParser finish.
[2026-10-01-09:04:36.154] [INFO] [AscendProfiler_ProfilingParser:74] TraceStepTimeDbParser start.
[2026-10-01-09:04:36.159] [INFO] [AscendProfiler_ProfilingParser:83] TraceStepTimeDbParser finish.
[2026-10-01-09:04:36.159] [INFO] [AscendProfiler_ProfilingParser:64] DbParser finish.
[2026-10-01-09:04:36.673] [INFO] [AscendProfiler_ProfilingParser:473] ============================================================
[2026-10-01-09:04:36.673] [INFO] [AscendProfiler_ProfilingParser:474] Task execution completed
[2026-10-01-09:04:36.674] [INFO] [AscendProfiler_ProfilingParser:475] ============================================================
[2026-10-01-09:04:36.674] [INFO] [AscendProfiler_ProfilingParser:478] torch_op                  | PTHREAD         | Succeed    | 0.034s | deps: None
[2026-10-01-09:04:36.674] [INFO] [AscendProfiler_ProfilingParser:478] task_queue                | PTHREAD         | Succeed    | 0.033s | deps: None
[2026-10-01-09:04:36.674] [INFO] [AscendProfiler_ProfilingParser:478] trace_prepare             | SUB_PROCESS     | Succeed    | 0.037s | deps: torch_op, task_queue
[2026-10-01-09:04:36.674] [INFO] [AscendProfiler_ProfilingParser:478] build_tree                | PTHREAD         | Succeed    | 0.004s | deps: torch_op, task_queue
[2026-10-01-09:04:36.674] [INFO] [AscendProfiler_ProfilingParser:478] export                    | SUB_PROCESS     | Succeed    | 2.065s | deps: None
[2026-10-01-09:04:36.674] [INFO] [AscendProfiler_ProfilingParser:478] timeline                  | PTHREAD|NON_BLOCKING | Succeed    | 1.504s | deps: None
[2026-10-01-09:04:36.674] [INFO] [AscendProfiler_ProfilingParser:478] relation                  | PTHREAD         | Succeed    | 0.038s | deps: task_queue, timeline
[2026-10-01-09:04:36.674] [INFO] [AscendProfiler_ProfilingParser:478] memory_prepare            | PTHREAD         | Succeed    | 0.003s | deps: build_tree, task_queue, torch_op
[2026-10-01-09:04:36.674] [INFO] [AscendProfiler_ProfilingParser:478] analyze                   | SUB_PROCESS     | Succeed    | 1.059s | deps: timeline
[2026-10-01-09:04:36.674] [INFO] [AscendProfiler_ProfilingParser:478] operator                  | SUB_PROCESS     | Succeed    | 0.041s | deps: build_tree, timeline, relation, torch_op
[2026-10-01-09:04:36.675] [INFO] [AscendProfiler_ProfilingParser:478] trace                     | SUB_PROCESS     | Succeed    | 0.095s | deps: build_tree, trace_prepare, timeline, task_queue, torch_op
[2026-10-01-09:04:36.675] [INFO] [AscendProfiler_ProfilingParser:478] kernel                    | SUB_PROCESS     | Succeed    | 0.039s | deps: build_tree, export, relation
[2026-10-01-09:04:36.675] [INFO] [AscendProfiler_ProfilingParser:478] step_time                 | SUB_PROCESS     | Succeed    | 0.059s | deps: build_tree, timeline, relation, torch_op
[2026-10-01-09:04:36.675] [INFO] [AscendProfiler_ProfilingParser:478] memory                    | SUB_PROCESS     | Succeed    | 0.081s | deps: export, memory_prepare
[2026-10-01-09:04:36.675] [INFO] [AscendProfiler_ProfilingParser:478] integrate                 | SUB_PROCESS     | Succeed    | 0.055s | deps: export
[2026-10-01-09:04:36.675] [INFO] [AscendProfiler_ProfilingParser:478] communication             | SUB_PROCESS     | Succeed    | 0.039s | deps: build_tree, analyze, relation
[2026-10-01-09:04:36.675] [INFO] [AscendProfiler_ProfilingParser:478] db_prepare                | PTHREAD         | Succeed    | 0.005s | deps: torch_op, task_queue
[2026-10-01-09:04:36.675] [INFO] [AscendProfiler_ProfilingParser:478] torch_db                  | PTHREAD         | Succeed    | 0.076s | deps: export, memory_prepare, build_tree, analyze, db_prepare
