[2026-10-01-09:05:07.927] [INFO] [AscendProfiler_ProfilingParser:97] Profiler logger initialized at: /mnt/workspace/sfa-nonempty-perf-20260930/iteration-e2/screen-v1/profile-candidate-attempt-1-traces/quant-torch.float16-32-chronological-False/752c3fdca26b44da9fd55f3c88dd3113_1632884_20261001090506961_ascend_pt/logs/profiler_20261001090507_1639205_ProfilingParser.log
[2026-10-01-09:05:07.977] [INFO] [AscendProfiler_ProfilingParser:100] TorchOpParser start.
[2026-10-01-09:05:07.978] [INFO] [AscendProfiler_ProfilingParser:82] TaskQueueParser start.
[2026-10-01-09:05:08.006] [INFO] [AscendProfiler_ProfilingParser:208] CANNTimelineParser start.
[2026-10-01-09:05:08.010] [INFO] [AscendProfiler_ProfilingParser:106] TorchOpParser finish.
[2026-10-01-09:05:08.011] [INFO] [AscendProfiler_ProfilingParser:88] TaskQueueParser finish.
[2026-10-01-09:05:08.039] [INFO] [AscendProfiler_ProfilingParser:62] TreeBuildParser start.
[2026-10-01-09:05:08.040] [INFO] [AscendProfiler_ProfilingParser:118] DbPreParser start.
[2026-10-01-09:05:08.042] [INFO] [AscendProfiler_ProfilingParser:70] TreeBuildParser finish.
[2026-10-01-09:05:08.043] [INFO] [AscendProfiler_ProfilingParser:62] MemoryPrepareParser start.
[2026-10-01-09:05:08.044] [INFO] [AscendProfiler_ProfilingParser:129] DbPreParser finish.
[2026-10-01-09:05:08.045] [INFO] [AscendProfiler_ProfilingParser:75] MemoryPrepareParser finish.
[2026-10-01-09:05:09.510] [INFO] [AscendProfiler_ProfilingParser:218] CANNTimelineParser finish.
[2026-10-01-09:05:09.538] [INFO] [AscendProfiler_ProfilingParser:31] RelationParser start.
[2026-10-01-09:05:09.574] [INFO] [AscendProfiler_ProfilingParser:38] RelationParser finish.
[2026-10-01-09:05:10.570] [INFO] [AscendProfiler_ProfilingParser:40] DbParser start.
[2026-10-01-09:05:10.601] [INFO] [AscendProfiler_ProfilingParser:27] BasicDbParser start.
[2026-10-01-09:05:10.615] [INFO] [AscendProfiler_ProfilingParser:40] BasicDbParser finish.
[2026-10-01-09:05:10.615] [INFO] [AscendProfiler_ProfilingParser:31] FwkApiDbParser start.
[2026-10-01-09:05:10.615] [INFO] [AscendProfiler_ProfilingParser:36] FwkApiDbParser get fwk api data finish.
[2026-10-01-09:05:10.616] [INFO] [AscendProfiler_ProfilingParser:38] FwkApiDbParser get api data for db finish.
[2026-10-01-09:05:10.631] [INFO] [AscendProfiler_ProfilingParser:40] FwkApiDbParser save api data to db finish.
[2026-10-01-09:05:10.631] [INFO] [AscendProfiler_ProfilingParser:44] FwkApiDbParser finish.
[2026-10-01-09:05:10.631] [INFO] [AscendProfiler_ProfilingParser:82] MemoryDbParser start.
[2026-10-01-09:05:10.632] [INFO] [AscendProfiler_ProfilingParser:95] MemoryDbParser finish.
[2026-10-01-09:05:10.632] [INFO] [AscendProfiler_ProfilingParser:33] GCRecordDbParser start.
[2026-10-01-09:05:10.632] [INFO] [AscendProfiler_ProfilingParser:41] GCRecordDbParser finish.
[2026-10-01-09:05:10.633] [INFO] [AscendProfiler_ProfilingParser:36] StepInfoDbParser start.
[2026-10-01-09:05:10.640] [INFO] [AscendProfiler_ProfilingParser:43] StepInfoDbParser finish.
[2026-10-01-09:05:10.640] [INFO] [AscendProfiler_ProfilingParser:80] CommunicationDbParser start.
[2026-10-01-09:05:10.641] [INFO] [AscendProfiler_ProfilingParser:88] CommunicationDbParser finish.
[2026-10-01-09:05:10.642] [INFO] [AscendProfiler_ProfilingParser:74] TraceStepTimeDbParser start.
[2026-10-01-09:05:10.648] [INFO] [AscendProfiler_ProfilingParser:83] TraceStepTimeDbParser finish.
[2026-10-01-09:05:10.648] [INFO] [AscendProfiler_ProfilingParser:64] DbParser finish.
[2026-10-01-09:05:11.162] [INFO] [AscendProfiler_ProfilingParser:473] ============================================================
[2026-10-01-09:05:11.162] [INFO] [AscendProfiler_ProfilingParser:474] Task execution completed
[2026-10-01-09:05:11.162] [INFO] [AscendProfiler_ProfilingParser:475] ============================================================
[2026-10-01-09:05:11.162] [INFO] [AscendProfiler_ProfilingParser:478] torch_op                  | PTHREAD         | Succeed    | 0.033s | deps: None
[2026-10-01-09:05:11.163] [INFO] [AscendProfiler_ProfilingParser:478] task_queue                | PTHREAD         | Succeed    | 0.034s | deps: None
[2026-10-01-09:05:11.163] [INFO] [AscendProfiler_ProfilingParser:478] trace_prepare             | SUB_PROCESS     | Succeed    | 0.037s | deps: torch_op, task_queue
[2026-10-01-09:05:11.163] [INFO] [AscendProfiler_ProfilingParser:478] build_tree                | PTHREAD         | Succeed    | 0.004s | deps: torch_op, task_queue
[2026-10-01-09:05:11.163] [INFO] [AscendProfiler_ProfilingParser:478] export                    | SUB_PROCESS     | Succeed    | 2.065s | deps: None
[2026-10-01-09:05:11.163] [INFO] [AscendProfiler_ProfilingParser:478] timeline                  | PTHREAD|NON_BLOCKING | Succeed    | 1.505s | deps: None
[2026-10-01-09:05:11.163] [INFO] [AscendProfiler_ProfilingParser:478] relation                  | PTHREAD         | Succeed    | 0.038s | deps: task_queue, timeline
[2026-10-01-09:05:11.163] [INFO] [AscendProfiler_ProfilingParser:478] memory_prepare            | PTHREAD         | Succeed    | 0.003s | deps: build_tree, task_queue, torch_op
[2026-10-01-09:05:11.163] [INFO] [AscendProfiler_ProfilingParser:478] analyze                   | SUB_PROCESS     | Succeed    | 1.059s | deps: timeline
[2026-10-01-09:05:11.163] [INFO] [AscendProfiler_ProfilingParser:478] operator                  | SUB_PROCESS     | Succeed    | 0.037s | deps: build_tree, timeline, relation, torch_op
[2026-10-01-09:05:11.163] [INFO] [AscendProfiler_ProfilingParser:478] trace                     | SUB_PROCESS     | Succeed    | 0.092s | deps: build_tree, trace_prepare, timeline, task_queue, torch_op
[2026-10-01-09:05:11.163] [INFO] [AscendProfiler_ProfilingParser:478] kernel                    | SUB_PROCESS     | Succeed    | 0.038s | deps: build_tree, export, relation
[2026-10-01-09:05:11.163] [INFO] [AscendProfiler_ProfilingParser:478] step_time                 | SUB_PROCESS     | Succeed    | 0.056s | deps: build_tree, timeline, relation, torch_op
[2026-10-01-09:05:11.164] [INFO] [AscendProfiler_ProfilingParser:478] memory                    | SUB_PROCESS     | Succeed    | 0.086s | deps: export, memory_prepare
[2026-10-01-09:05:11.164] [INFO] [AscendProfiler_ProfilingParser:478] integrate                 | SUB_PROCESS     | Succeed    | 0.058s | deps: export
[2026-10-01-09:05:11.164] [INFO] [AscendProfiler_ProfilingParser:478] communication             | SUB_PROCESS     | Succeed    | 0.039s | deps: build_tree, analyze, relation
[2026-10-01-09:05:11.164] [INFO] [AscendProfiler_ProfilingParser:478] db_prepare                | PTHREAD         | Succeed    | 0.005s | deps: torch_op, task_queue
[2026-10-01-09:05:11.164] [INFO] [AscendProfiler_ProfilingParser:478] torch_db                  | PTHREAD         | Succeed    | 0.079s | deps: export, memory_prepare, build_tree, analyze, db_prepare
