[2026-09-30-16:38:18.210] [INFO] [AscendProfiler_ProfilingParser:97] Profiler logger initialized at: /mnt/workspace/hc-pre-reduction-20260930/iteration-01/exact3-profile-baseline-probe/data/t2-d4096-signed0/752c3fdca26b44da9fd55f3c88dd3113_1234497_20260930163817474_ascend_pt/logs/profiler_20260930163818_1236273_ProfilingParser.log
[2026-09-30-16:38:18.260] [INFO] [AscendProfiler_ProfilingParser:100] TorchOpParser start.
[2026-09-30-16:38:18.260] [INFO] [AscendProfiler_ProfilingParser:82] TaskQueueParser start.
[2026-09-30-16:38:18.283] [INFO] [AscendProfiler_ProfilingParser:208] CANNTimelineParser start.
[2026-09-30-16:38:18.285] [INFO] [AscendProfiler_ProfilingParser:88] TaskQueueParser finish.
[2026-09-30-16:38:18.286] [INFO] [AscendProfiler_ProfilingParser:106] TorchOpParser finish.
[2026-09-30-16:38:18.286] [INFO] [AscendProfiler_ProfilingParser:118] DbPreParser start.
[2026-09-30-16:38:18.287] [INFO] [AscendProfiler_ProfilingParser:62] TreeBuildParser start.
[2026-09-30-16:38:18.311] [INFO] [AscendProfiler_ProfilingParser:70] TreeBuildParser finish.
[2026-09-30-16:38:18.312] [INFO] [AscendProfiler_ProfilingParser:129] DbPreParser finish.
[2026-09-30-16:38:18.313] [INFO] [AscendProfiler_ProfilingParser:62] MemoryPrepareParser start.
[2026-09-30-16:38:18.313] [INFO] [AscendProfiler_ProfilingParser:75] MemoryPrepareParser finish.
[2026-09-30-16:38:20.886] [INFO] [AscendProfiler_ProfilingParser:218] CANNTimelineParser finish.
[2026-09-30-16:38:20.887] [INFO] [AscendProfiler_ProfilingParser:31] RelationParser start.
[2026-09-30-16:38:20.942] [INFO] [AscendProfiler_ProfilingParser:38] RelationParser finish.
[2026-09-30-16:38:21.963] [INFO] [AscendProfiler_ProfilingParser:40] DbParser start.
[2026-09-30-16:38:21.964] [INFO] [AscendProfiler_ProfilingParser:27] BasicDbParser start.
[2026-09-30-16:38:21.979] [INFO] [AscendProfiler_ProfilingParser:40] BasicDbParser finish.
[2026-09-30-16:38:21.979] [INFO] [AscendProfiler_ProfilingParser:31] FwkApiDbParser start.
[2026-09-30-16:38:21.979] [INFO] [AscendProfiler_ProfilingParser:36] FwkApiDbParser get fwk api data finish.
[2026-09-30-16:38:21.980] [ERROR] [AscendProfiler_ProfilingParser:117] Failed to find node launch str id
[2026-09-30-16:38:21.980] [INFO] [AscendProfiler_ProfilingParser:38] FwkApiDbParser get api data for db finish.
[2026-09-30-16:38:21.989] [INFO] [AscendProfiler_ProfilingParser:40] FwkApiDbParser save api data to db finish.
[2026-09-30-16:38:21.989] [INFO] [AscendProfiler_ProfilingParser:44] FwkApiDbParser finish.
[2026-09-30-16:38:21.990] [INFO] [AscendProfiler_ProfilingParser:82] MemoryDbParser start.
[2026-09-30-16:38:21.990] [INFO] [AscendProfiler_ProfilingParser:95] MemoryDbParser finish.
[2026-09-30-16:38:21.990] [INFO] [AscendProfiler_ProfilingParser:33] GCRecordDbParser start.
[2026-09-30-16:38:21.991] [INFO] [AscendProfiler_ProfilingParser:41] GCRecordDbParser finish.
[2026-09-30-16:38:21.991] [INFO] [AscendProfiler_ProfilingParser:36] StepInfoDbParser start.
[2026-09-30-16:38:21.997] [INFO] [AscendProfiler_ProfilingParser:43] StepInfoDbParser finish.
[2026-09-30-16:38:21.997] [INFO] [AscendProfiler_ProfilingParser:80] CommunicationDbParser start.
[2026-09-30-16:38:21.998] [INFO] [AscendProfiler_ProfilingParser:88] CommunicationDbParser finish.
[2026-09-30-16:38:21.999] [INFO] [AscendProfiler_ProfilingParser:74] TraceStepTimeDbParser start.
[2026-09-30-16:38:22.004] [INFO] [AscendProfiler_ProfilingParser:83] TraceStepTimeDbParser finish.
[2026-09-30-16:38:22.004] [INFO] [AscendProfiler_ProfilingParser:64] DbParser finish.
[2026-09-30-16:38:22.506] [INFO] [AscendProfiler_ProfilingParser:473] ============================================================
[2026-09-30-16:38:22.507] [INFO] [AscendProfiler_ProfilingParser:474] Task execution completed
[2026-09-30-16:38:22.507] [INFO] [AscendProfiler_ProfilingParser:475] ============================================================
[2026-09-30-16:38:22.507] [INFO] [AscendProfiler_ProfilingParser:478] torch_op                  | PTHREAD         | Succeed    | 0.027s | deps: None
[2026-09-30-16:38:22.507] [INFO] [AscendProfiler_ProfilingParser:478] task_queue                | PTHREAD         | Succeed    | 0.025s | deps: None
[2026-09-30-16:38:22.507] [INFO] [AscendProfiler_ProfilingParser:478] trace_prepare             | SUB_PROCESS     | Succeed    | 0.031s | deps: torch_op, task_queue
[2026-09-30-16:38:22.507] [INFO] [AscendProfiler_ProfilingParser:478] build_tree                | PTHREAD         | Succeed    | 0.026s | deps: torch_op, task_queue
[2026-09-30-16:38:22.507] [INFO] [AscendProfiler_ProfilingParser:478] export                    | SUB_PROCESS     | Succeed    | 3.063s | deps: None
[2026-09-30-16:38:22.507] [INFO] [AscendProfiler_ProfilingParser:478] timeline                  | PTHREAD|NON_BLOCKING | Succeed    | 2.605s | deps: None
[2026-09-30-16:38:22.507] [INFO] [AscendProfiler_ProfilingParser:478] relation                  | PTHREAD         | Succeed    | 0.056s | deps: task_queue, timeline
[2026-09-30-16:38:22.507] [INFO] [AscendProfiler_ProfilingParser:478] memory_prepare            | PTHREAD         | Succeed    | 0.001s | deps: build_tree, task_queue, torch_op
[2026-09-30-16:38:22.507] [INFO] [AscendProfiler_ProfilingParser:478] analyze                   | SUB_PROCESS     | Succeed    | 1.054s | deps: timeline
[2026-09-30-16:38:22.508] [INFO] [AscendProfiler_ProfilingParser:478] operator                  | SUB_PROCESS     | Succeed    | 0.033s | deps: build_tree, timeline, relation, torch_op
[2026-09-30-16:38:22.508] [INFO] [AscendProfiler_ProfilingParser:478] trace                     | SUB_PROCESS     | Succeed    | 0.082s | deps: build_tree, trace_prepare, timeline, task_queue, torch_op
[2026-09-30-16:38:22.508] [INFO] [AscendProfiler_ProfilingParser:478] kernel                    | SUB_PROCESS     | Succeed    | 0.043s | deps: build_tree, export, relation
[2026-09-30-16:38:22.508] [INFO] [AscendProfiler_ProfilingParser:478] step_time                 | SUB_PROCESS     | Succeed    | 0.049s | deps: build_tree, timeline, relation, torch_op
[2026-09-30-16:38:22.508] [INFO] [AscendProfiler_ProfilingParser:478] memory                    | SUB_PROCESS     | Succeed    | 0.031s | deps: export, memory_prepare
[2026-09-30-16:38:22.508] [INFO] [AscendProfiler_ProfilingParser:478] integrate                 | SUB_PROCESS     | Succeed    | 0.063s | deps: export
[2026-09-30-16:38:22.508] [INFO] [AscendProfiler_ProfilingParser:478] communication             | SUB_PROCESS     | Succeed    | 0.030s | deps: build_tree, analyze, relation
[2026-09-30-16:38:22.508] [INFO] [AscendProfiler_ProfilingParser:478] db_prepare                | PTHREAD         | Succeed    | 0.027s | deps: torch_op, task_queue
[2026-09-30-16:38:22.508] [INFO] [AscendProfiler_ProfilingParser:478] torch_db                  | PTHREAD         | Succeed    | 0.042s | deps: export, memory_prepare, build_tree, analyze, db_prepare
