[2026-10-01-07:21:50.852] [INFO] [AscendProfiler_ProfilingParser:97] Profiler logger initialized at: /mnt/workspace/sfa-nonempty-perf-20260930/iteration-e1/screen-v1/profile-control-attempt-1-traces/native-torch.float16-32-indexer-False/752c3fdca26b44da9fd55f3c88dd3113_1574286_20261001072149985_ascend_pt/logs/profiler_20261001072150_1575477_ProfilingParser.log
[2026-10-01-07:21:50.904] [INFO] [AscendProfiler_ProfilingParser:100] TorchOpParser start.
[2026-10-01-07:21:50.905] [INFO] [AscendProfiler_ProfilingParser:82] TaskQueueParser start.
[2026-10-01-07:21:50.927] [INFO] [AscendProfiler_ProfilingParser:208] CANNTimelineParser start.
[2026-10-01-07:21:50.930] [INFO] [AscendProfiler_ProfilingParser:106] TorchOpParser finish.
[2026-10-01-07:21:50.932] [INFO] [AscendProfiler_ProfilingParser:88] TaskQueueParser finish.
[2026-10-01-07:21:50.932] [INFO] [AscendProfiler_ProfilingParser:118] DbPreParser start.
[2026-10-01-07:21:50.933] [INFO] [AscendProfiler_ProfilingParser:62] TreeBuildParser start.
[2026-10-01-07:21:50.957] [INFO] [AscendProfiler_ProfilingParser:129] DbPreParser finish.
[2026-10-01-07:21:50.959] [INFO] [AscendProfiler_ProfilingParser:70] TreeBuildParser finish.
[2026-10-01-07:21:50.960] [INFO] [AscendProfiler_ProfilingParser:62] MemoryPrepareParser start.
[2026-10-01-07:21:50.960] [INFO] [AscendProfiler_ProfilingParser:75] MemoryPrepareParser finish.
[2026-10-01-07:21:53.533] [INFO] [AscendProfiler_ProfilingParser:218] CANNTimelineParser finish.
[2026-10-01-07:21:53.577] [INFO] [AscendProfiler_ProfilingParser:31] RelationParser start.
[2026-10-01-07:21:53.585] [INFO] [AscendProfiler_ProfilingParser:38] RelationParser finish.
[2026-10-01-07:21:54.610] [INFO] [AscendProfiler_ProfilingParser:40] DbParser start.
[2026-10-01-07:21:54.632] [INFO] [AscendProfiler_ProfilingParser:27] BasicDbParser start.
[2026-10-01-07:21:54.647] [INFO] [AscendProfiler_ProfilingParser:40] BasicDbParser finish.
[2026-10-01-07:21:54.648] [INFO] [AscendProfiler_ProfilingParser:31] FwkApiDbParser start.
[2026-10-01-07:21:54.648] [INFO] [AscendProfiler_ProfilingParser:36] FwkApiDbParser get fwk api data finish.
[2026-10-01-07:21:54.649] [INFO] [AscendProfiler_ProfilingParser:38] FwkApiDbParser get api data for db finish.
[2026-10-01-07:21:54.666] [INFO] [AscendProfiler_ProfilingParser:40] FwkApiDbParser save api data to db finish.
[2026-10-01-07:21:54.666] [INFO] [AscendProfiler_ProfilingParser:44] FwkApiDbParser finish.
[2026-10-01-07:21:54.666] [INFO] [AscendProfiler_ProfilingParser:82] MemoryDbParser start.
[2026-10-01-07:21:54.667] [INFO] [AscendProfiler_ProfilingParser:95] MemoryDbParser finish.
[2026-10-01-07:21:54.667] [INFO] [AscendProfiler_ProfilingParser:33] GCRecordDbParser start.
[2026-10-01-07:21:54.668] [INFO] [AscendProfiler_ProfilingParser:41] GCRecordDbParser finish.
[2026-10-01-07:21:54.668] [INFO] [AscendProfiler_ProfilingParser:36] StepInfoDbParser start.
[2026-10-01-07:21:54.674] [INFO] [AscendProfiler_ProfilingParser:43] StepInfoDbParser finish.
[2026-10-01-07:21:54.675] [INFO] [AscendProfiler_ProfilingParser:80] CommunicationDbParser start.
[2026-10-01-07:21:54.676] [INFO] [AscendProfiler_ProfilingParser:88] CommunicationDbParser finish.
[2026-10-01-07:21:54.676] [INFO] [AscendProfiler_ProfilingParser:74] TraceStepTimeDbParser start.
[2026-10-01-07:21:54.682] [INFO] [AscendProfiler_ProfilingParser:83] TraceStepTimeDbParser finish.
[2026-10-01-07:21:54.682] [INFO] [AscendProfiler_ProfilingParser:64] DbParser finish.
[2026-10-01-07:21:55.183] [INFO] [AscendProfiler_ProfilingParser:473] ============================================================
[2026-10-01-07:21:55.183] [INFO] [AscendProfiler_ProfilingParser:474] Task execution completed
[2026-10-01-07:21:55.183] [INFO] [AscendProfiler_ProfilingParser:475] ============================================================
[2026-10-01-07:21:55.184] [INFO] [AscendProfiler_ProfilingParser:478] torch_op                  | PTHREAD         | Succeed    | 0.027s | deps: None
[2026-10-01-07:21:55.184] [INFO] [AscendProfiler_ProfilingParser:478] task_queue                | PTHREAD         | Succeed    | 0.028s | deps: None
[2026-10-01-07:21:55.184] [INFO] [AscendProfiler_ProfilingParser:478] trace_prepare             | SUB_PROCESS     | Succeed    | 0.032s | deps: torch_op, task_queue
[2026-10-01-07:21:55.184] [INFO] [AscendProfiler_ProfilingParser:478] build_tree                | PTHREAD         | Succeed    | 0.027s | deps: torch_op, task_queue
[2026-10-01-07:21:55.184] [INFO] [AscendProfiler_ProfilingParser:478] export                    | SUB_PROCESS     | Succeed    | 3.063s | deps: None
[2026-10-01-07:21:55.184] [INFO] [AscendProfiler_ProfilingParser:478] timeline                  | PTHREAD|NON_BLOCKING | Succeed    | 2.607s | deps: None
[2026-10-01-07:21:55.184] [INFO] [AscendProfiler_ProfilingParser:478] relation                  | PTHREAD         | Succeed    | 0.009s | deps: task_queue, timeline
[2026-10-01-07:21:55.184] [INFO] [AscendProfiler_ProfilingParser:478] memory_prepare            | PTHREAD         | Succeed    | 0.002s | deps: build_tree, task_queue, torch_op
[2026-10-01-07:21:55.184] [INFO] [AscendProfiler_ProfilingParser:478] analyze                   | SUB_PROCESS     | Succeed    | 1.055s | deps: timeline
[2026-10-01-07:21:55.184] [INFO] [AscendProfiler_ProfilingParser:478] operator                  | SUB_PROCESS     | Succeed    | 0.032s | deps: build_tree, timeline, relation, torch_op
[2026-10-01-07:21:55.184] [INFO] [AscendProfiler_ProfilingParser:478] trace                     | SUB_PROCESS     | Succeed    | 0.045s | deps: build_tree, trace_prepare, timeline, task_queue, torch_op
[2026-10-01-07:21:55.185] [INFO] [AscendProfiler_ProfilingParser:478] kernel                    | SUB_PROCESS     | Succeed    | 0.047s | deps: build_tree, export, relation
[2026-10-01-07:21:55.185] [INFO] [AscendProfiler_ProfilingParser:478] step_time                 | SUB_PROCESS     | Succeed    | 0.043s | deps: build_tree, timeline, relation, torch_op
[2026-10-01-07:21:55.185] [INFO] [AscendProfiler_ProfilingParser:478] memory                    | SUB_PROCESS     | Succeed    | 0.068s | deps: export, memory_prepare
[2026-10-01-07:21:55.185] [INFO] [AscendProfiler_ProfilingParser:478] integrate                 | SUB_PROCESS     | Succeed    | 0.040s | deps: export
[2026-10-01-07:21:55.185] [INFO] [AscendProfiler_ProfilingParser:478] communication             | SUB_PROCESS     | Succeed    | 0.031s | deps: build_tree, analyze, relation
[2026-10-01-07:21:55.185] [INFO] [AscendProfiler_ProfilingParser:478] db_prepare                | PTHREAD         | Succeed    | 0.026s | deps: torch_op, task_queue
[2026-10-01-07:21:55.185] [INFO] [AscendProfiler_ProfilingParser:478] torch_db                  | PTHREAD         | Succeed    | 0.073s | deps: export, memory_prepare, build_tree, analyze, db_prepare
