[2026-10-01-08:22:25.581] [INFO] [AscendProfiler_ProfilingParser:97] Profiler logger initialized at: /mnt/workspace/sfa-nonempty-perf-20260930/iteration-e1/screen-v2/profile-control-attempt-1-traces/quant-torch.float16-1-chronological-False/752c3fdca26b44da9fd55f3c88dd3113_1600137_20261001082224713_ascend_pt/logs/profiler_20261001082225_1605400_ProfilingParser.log
[2026-10-01-08:22:25.631] [INFO] [AscendProfiler_ProfilingParser:100] TorchOpParser start.
[2026-10-01-08:22:25.632] [INFO] [AscendProfiler_ProfilingParser:82] TaskQueueParser start.
[2026-10-01-08:22:25.656] [INFO] [AscendProfiler_ProfilingParser:208] CANNTimelineParser start.
[2026-10-01-08:22:25.659] [INFO] [AscendProfiler_ProfilingParser:106] TorchOpParser finish.
[2026-10-01-08:22:25.660] [INFO] [AscendProfiler_ProfilingParser:88] TaskQueueParser finish.
[2026-10-01-08:22:25.661] [INFO] [AscendProfiler_ProfilingParser:62] TreeBuildParser start.
[2026-10-01-08:22:25.685] [INFO] [AscendProfiler_ProfilingParser:118] DbPreParser start.
[2026-10-01-08:22:25.687] [INFO] [AscendProfiler_ProfilingParser:70] TreeBuildParser finish.
[2026-10-01-08:22:25.688] [INFO] [AscendProfiler_ProfilingParser:129] DbPreParser finish.
[2026-10-01-08:22:25.689] [INFO] [AscendProfiler_ProfilingParser:62] MemoryPrepareParser start.
[2026-10-01-08:22:25.690] [INFO] [AscendProfiler_ProfilingParser:75] MemoryPrepareParser finish.
[2026-10-01-08:22:28.161] [INFO] [AscendProfiler_ProfilingParser:218] CANNTimelineParser finish.
[2026-10-01-08:22:28.184] [INFO] [AscendProfiler_ProfilingParser:31] RelationParser start.
[2026-10-01-08:22:28.215] [INFO] [AscendProfiler_ProfilingParser:38] RelationParser finish.
[2026-10-01-08:22:29.216] [INFO] [AscendProfiler_ProfilingParser:40] DbParser start.
[2026-10-01-08:22:29.240] [INFO] [AscendProfiler_ProfilingParser:27] BasicDbParser start.
[2026-10-01-08:22:29.255] [INFO] [AscendProfiler_ProfilingParser:40] BasicDbParser finish.
[2026-10-01-08:22:29.256] [INFO] [AscendProfiler_ProfilingParser:31] FwkApiDbParser start.
[2026-10-01-08:22:29.256] [INFO] [AscendProfiler_ProfilingParser:36] FwkApiDbParser get fwk api data finish.
[2026-10-01-08:22:29.257] [INFO] [AscendProfiler_ProfilingParser:38] FwkApiDbParser get api data for db finish.
[2026-10-01-08:22:29.273] [INFO] [AscendProfiler_ProfilingParser:40] FwkApiDbParser save api data to db finish.
[2026-10-01-08:22:29.273] [INFO] [AscendProfiler_ProfilingParser:44] FwkApiDbParser finish.
[2026-10-01-08:22:29.274] [INFO] [AscendProfiler_ProfilingParser:82] MemoryDbParser start.
[2026-10-01-08:22:29.274] [INFO] [AscendProfiler_ProfilingParser:95] MemoryDbParser finish.
[2026-10-01-08:22:29.275] [INFO] [AscendProfiler_ProfilingParser:33] GCRecordDbParser start.
[2026-10-01-08:22:29.275] [INFO] [AscendProfiler_ProfilingParser:41] GCRecordDbParser finish.
[2026-10-01-08:22:29.275] [INFO] [AscendProfiler_ProfilingParser:36] StepInfoDbParser start.
[2026-10-01-08:22:29.282] [INFO] [AscendProfiler_ProfilingParser:43] StepInfoDbParser finish.
[2026-10-01-08:22:29.283] [INFO] [AscendProfiler_ProfilingParser:80] CommunicationDbParser start.
[2026-10-01-08:22:29.284] [INFO] [AscendProfiler_ProfilingParser:88] CommunicationDbParser finish.
[2026-10-01-08:22:29.285] [INFO] [AscendProfiler_ProfilingParser:74] TraceStepTimeDbParser start.
[2026-10-01-08:22:29.290] [INFO] [AscendProfiler_ProfilingParser:83] TraceStepTimeDbParser finish.
[2026-10-01-08:22:29.291] [INFO] [AscendProfiler_ProfilingParser:64] DbParser finish.
[2026-10-01-08:22:29.791] [INFO] [AscendProfiler_ProfilingParser:473] ============================================================
[2026-10-01-08:22:29.792] [INFO] [AscendProfiler_ProfilingParser:474] Task execution completed
[2026-10-01-08:22:29.792] [INFO] [AscendProfiler_ProfilingParser:475] ============================================================
[2026-10-01-08:22:29.792] [INFO] [AscendProfiler_ProfilingParser:478] torch_op                  | PTHREAD         | Succeed    | 0.029s | deps: None
[2026-10-01-08:22:29.792] [INFO] [AscendProfiler_ProfilingParser:478] task_queue                | PTHREAD         | Succeed    | 0.029s | deps: None
[2026-10-01-08:22:29.792] [INFO] [AscendProfiler_ProfilingParser:478] trace_prepare             | SUB_PROCESS     | Succeed    | 0.033s | deps: torch_op, task_queue
[2026-10-01-08:22:29.792] [INFO] [AscendProfiler_ProfilingParser:478] build_tree                | PTHREAD         | Succeed    | 0.028s | deps: torch_op, task_queue
[2026-10-01-08:22:29.792] [INFO] [AscendProfiler_ProfilingParser:478] export                    | SUB_PROCESS     | Succeed    | 3.064s | deps: None
[2026-10-01-08:22:29.792] [INFO] [AscendProfiler_ProfilingParser:478] timeline                  | PTHREAD|NON_BLOCKING | Succeed    | 2.507s | deps: None
[2026-10-01-08:22:29.792] [INFO] [AscendProfiler_ProfilingParser:478] relation                  | PTHREAD         | Succeed    | 0.033s | deps: task_queue, timeline
[2026-10-01-08:22:29.793] [INFO] [AscendProfiler_ProfilingParser:478] memory_prepare            | PTHREAD         | Succeed    | 0.001s | deps: build_tree, task_queue, torch_op
[2026-10-01-08:22:29.793] [INFO] [AscendProfiler_ProfilingParser:478] analyze                   | SUB_PROCESS     | Succeed    | 1.054s | deps: timeline
[2026-10-01-08:22:29.793] [INFO] [AscendProfiler_ProfilingParser:478] operator                  | SUB_PROCESS     | Succeed    | 0.035s | deps: build_tree, timeline, relation, torch_op
[2026-10-01-08:22:29.793] [INFO] [AscendProfiler_ProfilingParser:478] trace                     | SUB_PROCESS     | Succeed    | 0.078s | deps: build_tree, trace_prepare, timeline, task_queue, torch_op
[2026-10-01-08:22:29.793] [INFO] [AscendProfiler_ProfilingParser:478] kernel                    | SUB_PROCESS     | Succeed    | 0.045s | deps: build_tree, export, relation
[2026-10-01-08:22:29.793] [INFO] [AscendProfiler_ProfilingParser:478] step_time                 | SUB_PROCESS     | Succeed    | 0.047s | deps: build_tree, timeline, relation, torch_op
[2026-10-01-08:22:29.793] [INFO] [AscendProfiler_ProfilingParser:478] memory                    | SUB_PROCESS     | Succeed    | 0.066s | deps: export, memory_prepare
[2026-10-01-08:22:29.793] [INFO] [AscendProfiler_ProfilingParser:478] integrate                 | SUB_PROCESS     | Succeed    | 0.037s | deps: export
[2026-10-01-08:22:29.793] [INFO] [AscendProfiler_ProfilingParser:478] communication             | SUB_PROCESS     | Succeed    | 0.033s | deps: build_tree, analyze, relation
[2026-10-01-08:22:29.793] [INFO] [AscendProfiler_ProfilingParser:478] db_prepare                | PTHREAD         | Succeed    | 0.005s | deps: torch_op, task_queue
[2026-10-01-08:22:29.793] [INFO] [AscendProfiler_ProfilingParser:478] torch_db                  | PTHREAD         | Succeed    | 0.076s | deps: export, memory_prepare, build_tree, analyze, db_prepare
