[2026-10-01-08:59:24.019] [INFO] [AscendProfiler_ProfilingParser:97] Profiler logger initialized at: /mnt/workspace/sfa-nonempty-perf-20260930/iteration-e2/screen-v1/profile-control-attempt-1-traces/native-torch.float16-1-indexer-True/752c3fdca26b44da9fd55f3c88dd3113_1623583_20261001085923174_ascend_pt/logs/profiler_20261001085924_1623923_ProfilingParser.log
[2026-10-01-08:59:24.069] [INFO] [AscendProfiler_ProfilingParser:100] TorchOpParser start.
[2026-10-01-08:59:24.070] [INFO] [AscendProfiler_ProfilingParser:82] TaskQueueParser start.
[2026-10-01-08:59:24.088] [INFO] [AscendProfiler_ProfilingParser:208] CANNTimelineParser start.
[2026-10-01-08:59:24.091] [INFO] [AscendProfiler_ProfilingParser:106] TorchOpParser finish.
[2026-10-01-08:59:24.092] [INFO] [AscendProfiler_ProfilingParser:88] TaskQueueParser finish.
[2026-10-01-08:59:24.093] [INFO] [AscendProfiler_ProfilingParser:62] TreeBuildParser start.
[2026-10-01-08:59:24.093] [INFO] [AscendProfiler_ProfilingParser:118] DbPreParser start.
[2026-10-01-08:59:24.113] [INFO] [AscendProfiler_ProfilingParser:70] TreeBuildParser finish.
[2026-10-01-08:59:24.114] [INFO] [AscendProfiler_ProfilingParser:129] DbPreParser finish.
[2026-10-01-08:59:24.115] [INFO] [AscendProfiler_ProfilingParser:62] MemoryPrepareParser start.
[2026-10-01-08:59:24.116] [INFO] [AscendProfiler_ProfilingParser:75] MemoryPrepareParser finish.
[2026-10-01-08:59:26.593] [INFO] [AscendProfiler_ProfilingParser:218] CANNTimelineParser finish.
[2026-10-01-08:59:26.630] [INFO] [AscendProfiler_ProfilingParser:31] RelationParser start.
[2026-10-01-08:59:26.638] [INFO] [AscendProfiler_ProfilingParser:38] RelationParser finish.
[2026-10-01-08:59:27.664] [INFO] [AscendProfiler_ProfilingParser:40] DbParser start.
[2026-10-01-08:59:27.665] [INFO] [AscendProfiler_ProfilingParser:27] BasicDbParser start.
[2026-10-01-08:59:27.679] [INFO] [AscendProfiler_ProfilingParser:40] BasicDbParser finish.
[2026-10-01-08:59:27.679] [INFO] [AscendProfiler_ProfilingParser:31] FwkApiDbParser start.
[2026-10-01-08:59:27.680] [INFO] [AscendProfiler_ProfilingParser:36] FwkApiDbParser get fwk api data finish.
[2026-10-01-08:59:27.680] [INFO] [AscendProfiler_ProfilingParser:38] FwkApiDbParser get api data for db finish.
[2026-10-01-08:59:27.697] [INFO] [AscendProfiler_ProfilingParser:40] FwkApiDbParser save api data to db finish.
[2026-10-01-08:59:27.697] [INFO] [AscendProfiler_ProfilingParser:44] FwkApiDbParser finish.
[2026-10-01-08:59:27.698] [INFO] [AscendProfiler_ProfilingParser:82] MemoryDbParser start.
[2026-10-01-08:59:27.698] [INFO] [AscendProfiler_ProfilingParser:95] MemoryDbParser finish.
[2026-10-01-08:59:27.698] [INFO] [AscendProfiler_ProfilingParser:33] GCRecordDbParser start.
[2026-10-01-08:59:27.699] [INFO] [AscendProfiler_ProfilingParser:41] GCRecordDbParser finish.
[2026-10-01-08:59:27.699] [INFO] [AscendProfiler_ProfilingParser:36] StepInfoDbParser start.
[2026-10-01-08:59:27.705] [INFO] [AscendProfiler_ProfilingParser:43] StepInfoDbParser finish.
[2026-10-01-08:59:27.706] [INFO] [AscendProfiler_ProfilingParser:80] CommunicationDbParser start.
[2026-10-01-08:59:27.707] [INFO] [AscendProfiler_ProfilingParser:88] CommunicationDbParser finish.
[2026-10-01-08:59:27.707] [INFO] [AscendProfiler_ProfilingParser:74] TraceStepTimeDbParser start.
[2026-10-01-08:59:27.713] [INFO] [AscendProfiler_ProfilingParser:83] TraceStepTimeDbParser finish.
[2026-10-01-08:59:27.714] [INFO] [AscendProfiler_ProfilingParser:64] DbParser finish.
[2026-10-01-08:59:28.214] [INFO] [AscendProfiler_ProfilingParser:473] ============================================================
[2026-10-01-08:59:28.214] [INFO] [AscendProfiler_ProfilingParser:474] Task execution completed
[2026-10-01-08:59:28.214] [INFO] [AscendProfiler_ProfilingParser:475] ============================================================
[2026-10-01-08:59:28.215] [INFO] [AscendProfiler_ProfilingParser:478] torch_op                  | PTHREAD         | Succeed    | 0.023s | deps: None
[2026-10-01-08:59:28.215] [INFO] [AscendProfiler_ProfilingParser:478] task_queue                | PTHREAD         | Succeed    | 0.023s | deps: None
[2026-10-01-08:59:28.215] [INFO] [AscendProfiler_ProfilingParser:478] trace_prepare             | SUB_PROCESS     | Succeed    | 0.027s | deps: torch_op, task_queue
[2026-10-01-08:59:28.215] [INFO] [AscendProfiler_ProfilingParser:478] build_tree                | PTHREAD         | Succeed    | 0.021s | deps: torch_op, task_queue
[2026-10-01-08:59:28.215] [INFO] [AscendProfiler_ProfilingParser:478] export                    | SUB_PROCESS     | Succeed    | 3.059s | deps: None
[2026-10-01-08:59:28.215] [INFO] [AscendProfiler_ProfilingParser:478] timeline                  | PTHREAD|NON_BLOCKING | Succeed    | 2.506s | deps: None
[2026-10-01-08:59:28.215] [INFO] [AscendProfiler_ProfilingParser:478] relation                  | PTHREAD         | Succeed    | 0.009s | deps: task_queue, timeline
[2026-10-01-08:59:28.215] [INFO] [AscendProfiler_ProfilingParser:478] memory_prepare            | PTHREAD         | Succeed    | 0.003s | deps: build_tree, task_queue, torch_op
[2026-10-01-08:59:28.215] [INFO] [AscendProfiler_ProfilingParser:478] analyze                   | SUB_PROCESS     | Succeed    | 1.051s | deps: timeline
[2026-10-01-08:59:28.215] [INFO] [AscendProfiler_ProfilingParser:478] operator                  | SUB_PROCESS     | Succeed    | 0.040s | deps: build_tree, timeline, relation, torch_op
[2026-10-01-08:59:28.215] [INFO] [AscendProfiler_ProfilingParser:478] trace                     | SUB_PROCESS     | Succeed    | 0.067s | deps: build_tree, trace_prepare, timeline, task_queue, torch_op
[2026-10-01-08:59:28.216] [INFO] [AscendProfiler_ProfilingParser:478] kernel                    | SUB_PROCESS     | Succeed    | 0.033s | deps: build_tree, export, relation
[2026-10-01-08:59:28.216] [INFO] [AscendProfiler_ProfilingParser:478] step_time                 | SUB_PROCESS     | Succeed    | 0.033s | deps: build_tree, timeline, relation, torch_op
[2026-10-01-08:59:28.216] [INFO] [AscendProfiler_ProfilingParser:478] memory                    | SUB_PROCESS     | Succeed    | 0.050s | deps: export, memory_prepare
[2026-10-01-08:59:28.216] [INFO] [AscendProfiler_ProfilingParser:478] integrate                 | SUB_PROCESS     | Succeed    | 0.030s | deps: export
[2026-10-01-08:59:28.216] [INFO] [AscendProfiler_ProfilingParser:478] communication             | SUB_PROCESS     | Succeed    | 0.028s | deps: build_tree, analyze, relation
[2026-10-01-08:59:28.216] [INFO] [AscendProfiler_ProfilingParser:478] db_prepare                | PTHREAD         | Succeed    | 0.022s | deps: torch_op, task_queue
[2026-10-01-08:59:28.216] [INFO] [AscendProfiler_ProfilingParser:478] torch_db                  | PTHREAD         | Succeed    | 0.051s | deps: export, memory_prepare, build_tree, analyze, db_prepare
