[2026-09-30-16:38:59.466] [INFO] [AscendProfiler_ProfilingParser:97] Profiler logger initialized at: /mnt/workspace/hc-pre-reduction-20260930/iteration-01/exact3-profile-candidate-eager/data/t2-d7168-signed0/752c3fdca26b44da9fd55f3c88dd3113_1236823_20260930163858729_ascend_pt/logs/profiler_20260930163859_1238025_ProfilingParser.log
[2026-09-30-16:38:59.516] [INFO] [AscendProfiler_ProfilingParser:100] TorchOpParser start.
[2026-09-30-16:38:59.517] [INFO] [AscendProfiler_ProfilingParser:82] TaskQueueParser start.
[2026-09-30-16:38:59.538] [INFO] [AscendProfiler_ProfilingParser:208] CANNTimelineParser start.
[2026-09-30-16:38:59.543] [INFO] [AscendProfiler_ProfilingParser:88] TaskQueueParser finish.
[2026-09-30-16:38:59.548] [INFO] [AscendProfiler_ProfilingParser:106] TorchOpParser finish.
[2026-09-30-16:38:59.549] [INFO] [AscendProfiler_ProfilingParser:118] DbPreParser start.
[2026-09-30-16:38:59.569] [INFO] [AscendProfiler_ProfilingParser:62] TreeBuildParser start.
[2026-09-30-16:38:59.580] [INFO] [AscendProfiler_ProfilingParser:129] DbPreParser finish.
[2026-09-30-16:38:59.582] [INFO] [AscendProfiler_ProfilingParser:70] TreeBuildParser finish.
[2026-09-30-16:38:59.583] [INFO] [AscendProfiler_ProfilingParser:62] MemoryPrepareParser start.
[2026-09-30-16:38:59.584] [INFO] [AscendProfiler_ProfilingParser:75] MemoryPrepareParser finish.
[2026-09-30-16:39:02.143] [INFO] [AscendProfiler_ProfilingParser:218] CANNTimelineParser finish.
[2026-09-30-16:39:02.164] [INFO] [AscendProfiler_ProfilingParser:31] RelationParser start.
[2026-09-30-16:39:02.196] [INFO] [AscendProfiler_ProfilingParser:38] RelationParser finish.
[2026-09-30-16:39:03.215] [INFO] [AscendProfiler_ProfilingParser:40] DbParser start.
[2026-09-30-16:39:03.216] [INFO] [AscendProfiler_ProfilingParser:27] BasicDbParser start.
[2026-09-30-16:39:03.231] [INFO] [AscendProfiler_ProfilingParser:40] BasicDbParser finish.
[2026-09-30-16:39:03.232] [INFO] [AscendProfiler_ProfilingParser:31] FwkApiDbParser start.
[2026-09-30-16:39:03.232] [INFO] [AscendProfiler_ProfilingParser:36] FwkApiDbParser get fwk api data finish.
[2026-09-30-16:39:03.234] [INFO] [AscendProfiler_ProfilingParser:38] FwkApiDbParser get api data for db finish.
[2026-09-30-16:39:03.253] [INFO] [AscendProfiler_ProfilingParser:40] FwkApiDbParser save api data to db finish.
[2026-09-30-16:39:03.253] [INFO] [AscendProfiler_ProfilingParser:44] FwkApiDbParser finish.
[2026-09-30-16:39:03.254] [INFO] [AscendProfiler_ProfilingParser:82] MemoryDbParser start.
[2026-09-30-16:39:03.254] [INFO] [AscendProfiler_ProfilingParser:95] MemoryDbParser finish.
[2026-09-30-16:39:03.255] [INFO] [AscendProfiler_ProfilingParser:33] GCRecordDbParser start.
[2026-09-30-16:39:03.255] [INFO] [AscendProfiler_ProfilingParser:41] GCRecordDbParser finish.
[2026-09-30-16:39:03.255] [INFO] [AscendProfiler_ProfilingParser:36] StepInfoDbParser start.
[2026-09-30-16:39:03.264] [INFO] [AscendProfiler_ProfilingParser:43] StepInfoDbParser finish.
[2026-09-30-16:39:03.264] [INFO] [AscendProfiler_ProfilingParser:80] CommunicationDbParser start.
[2026-09-30-16:39:03.266] [INFO] [AscendProfiler_ProfilingParser:88] CommunicationDbParser finish.
[2026-09-30-16:39:03.266] [INFO] [AscendProfiler_ProfilingParser:74] TraceStepTimeDbParser start.
[2026-09-30-16:39:03.273] [INFO] [AscendProfiler_ProfilingParser:83] TraceStepTimeDbParser finish.
[2026-09-30-16:39:03.273] [INFO] [AscendProfiler_ProfilingParser:64] DbParser finish.
[2026-09-30-16:39:03.774] [INFO] [AscendProfiler_ProfilingParser:473] ============================================================
[2026-09-30-16:39:03.774] [INFO] [AscendProfiler_ProfilingParser:474] Task execution completed
[2026-09-30-16:39:03.775] [INFO] [AscendProfiler_ProfilingParser:475] ============================================================
[2026-09-30-16:39:03.775] [INFO] [AscendProfiler_ProfilingParser:478] torch_op                  | PTHREAD         | Succeed    | 0.032s | deps: None
[2026-09-30-16:39:03.775] [INFO] [AscendProfiler_ProfilingParser:478] task_queue                | PTHREAD         | Succeed    | 0.032s | deps: None
[2026-09-30-16:39:03.775] [INFO] [AscendProfiler_ProfilingParser:478] trace_prepare             | SUB_PROCESS     | Succeed    | 0.041s | deps: torch_op, task_queue
[2026-09-30-16:39:03.775] [INFO] [AscendProfiler_ProfilingParser:478] build_tree                | PTHREAD         | Succeed    | 0.014s | deps: torch_op, task_queue
[2026-09-30-16:39:03.775] [INFO] [AscendProfiler_ProfilingParser:478] export                    | SUB_PROCESS     | Succeed    | 3.060s | deps: None
[2026-09-30-16:39:03.775] [INFO] [AscendProfiler_ProfilingParser:478] timeline                  | PTHREAD|NON_BLOCKING | Succeed    | 2.607s | deps: None
[2026-09-30-16:39:03.775] [INFO] [AscendProfiler_ProfilingParser:478] relation                  | PTHREAD         | Succeed    | 0.034s | deps: task_queue, timeline
[2026-09-30-16:39:03.775] [INFO] [AscendProfiler_ProfilingParser:478] memory_prepare            | PTHREAD         | Succeed    | 0.002s | deps: build_tree, task_queue, torch_op
[2026-09-30-16:39:03.775] [INFO] [AscendProfiler_ProfilingParser:478] analyze                   | SUB_PROCESS     | Succeed    | 1.051s | deps: timeline
[2026-09-30-16:39:03.775] [INFO] [AscendProfiler_ProfilingParser:478] operator                  | SUB_PROCESS     | Succeed    | 0.035s | deps: build_tree, timeline, relation, torch_op
[2026-09-30-16:39:03.775] [INFO] [AscendProfiler_ProfilingParser:478] trace                     | SUB_PROCESS     | Succeed    | 0.071s | deps: build_tree, trace_prepare, timeline, task_queue, torch_op
[2026-09-30-16:39:03.776] [INFO] [AscendProfiler_ProfilingParser:478] kernel                    | SUB_PROCESS     | Succeed    | 0.036s | deps: build_tree, export, relation
[2026-09-30-16:39:03.776] [INFO] [AscendProfiler_ProfilingParser:478] step_time                 | SUB_PROCESS     | Succeed    | 0.039s | deps: build_tree, timeline, relation, torch_op
[2026-09-30-16:39:03.776] [INFO] [AscendProfiler_ProfilingParser:478] memory                    | SUB_PROCESS     | Succeed    | 0.062s | deps: export, memory_prepare
[2026-09-30-16:39:03.776] [INFO] [AscendProfiler_ProfilingParser:478] integrate                 | SUB_PROCESS     | Succeed    | 0.042s | deps: export
[2026-09-30-16:39:03.776] [INFO] [AscendProfiler_ProfilingParser:478] communication             | SUB_PROCESS     | Succeed    | 0.030s | deps: build_tree, analyze, relation
[2026-09-30-16:39:03.776] [INFO] [AscendProfiler_ProfilingParser:478] db_prepare                | PTHREAD         | Succeed    | 0.032s | deps: torch_op, task_queue
[2026-09-30-16:39:03.776] [INFO] [AscendProfiler_ProfilingParser:478] torch_db                  | PTHREAD         | Succeed    | 0.060s | deps: export, memory_prepare, build_tree, analyze, db_prepare
