[2026-10-01-07:25:51.114] [INFO] [AscendProfiler_ProfilingParser:97] Profiler logger initialized at: /mnt/workspace/sfa-nonempty-perf-20260930/iteration-e1/screen-v1/profile-candidate-attempt-1-traces/native-torch.float16-32-chronological-False/752c3fdca26b44da9fd55f3c88dd3113_1583559_20261001072550279_ascend_pt/logs/profiler_20261001072551_1585366_ProfilingParser.log
[2026-10-01-07:25:51.165] [INFO] [AscendProfiler_ProfilingParser:100] TorchOpParser start.
[2026-10-01-07:25:51.166] [INFO] [AscendProfiler_ProfilingParser:82] TaskQueueParser start.
[2026-10-01-07:25:51.186] [INFO] [AscendProfiler_ProfilingParser:208] CANNTimelineParser start.
[2026-10-01-07:25:51.189] [INFO] [AscendProfiler_ProfilingParser:106] TorchOpParser finish.
[2026-10-01-07:25:51.190] [INFO] [AscendProfiler_ProfilingParser:88] TaskQueueParser finish.
[2026-10-01-07:25:51.191] [INFO] [AscendProfiler_ProfilingParser:118] DbPreParser start.
[2026-10-01-07:25:51.192] [INFO] [AscendProfiler_ProfilingParser:62] TreeBuildParser start.
[2026-10-01-07:25:51.213] [INFO] [AscendProfiler_ProfilingParser:129] DbPreParser finish.
[2026-10-01-07:25:51.214] [INFO] [AscendProfiler_ProfilingParser:70] TreeBuildParser finish.
[2026-10-01-07:25:51.215] [INFO] [AscendProfiler_ProfilingParser:62] MemoryPrepareParser start.
[2026-10-01-07:25:51.216] [INFO] [AscendProfiler_ProfilingParser:75] MemoryPrepareParser finish.
[2026-10-01-07:25:52.789] [INFO] [AscendProfiler_ProfilingParser:218] CANNTimelineParser finish.
[2026-10-01-07:25:52.790] [INFO] [AscendProfiler_ProfilingParser:31] RelationParser start.
[2026-10-01-07:25:52.836] [INFO] [AscendProfiler_ProfilingParser:38] RelationParser finish.
[2026-10-01-07:25:53.860] [INFO] [AscendProfiler_ProfilingParser:40] DbParser start.
[2026-10-01-07:25:53.881] [INFO] [AscendProfiler_ProfilingParser:27] BasicDbParser start.
[2026-10-01-07:25:53.895] [INFO] [AscendProfiler_ProfilingParser:40] BasicDbParser finish.
[2026-10-01-07:25:53.896] [INFO] [AscendProfiler_ProfilingParser:31] FwkApiDbParser start.
[2026-10-01-07:25:53.896] [INFO] [AscendProfiler_ProfilingParser:36] FwkApiDbParser get fwk api data finish.
[2026-10-01-07:25:53.896] [INFO] [AscendProfiler_ProfilingParser:38] FwkApiDbParser get api data for db finish.
[2026-10-01-07:25:53.910] [INFO] [AscendProfiler_ProfilingParser:40] FwkApiDbParser save api data to db finish.
[2026-10-01-07:25:53.910] [INFO] [AscendProfiler_ProfilingParser:44] FwkApiDbParser finish.
[2026-10-01-07:25:53.911] [INFO] [AscendProfiler_ProfilingParser:82] MemoryDbParser start.
[2026-10-01-07:25:53.911] [INFO] [AscendProfiler_ProfilingParser:95] MemoryDbParser finish.
[2026-10-01-07:25:53.912] [INFO] [AscendProfiler_ProfilingParser:33] GCRecordDbParser start.
[2026-10-01-07:25:53.912] [INFO] [AscendProfiler_ProfilingParser:41] GCRecordDbParser finish.
[2026-10-01-07:25:53.912] [INFO] [AscendProfiler_ProfilingParser:36] StepInfoDbParser start.
[2026-10-01-07:25:53.919] [INFO] [AscendProfiler_ProfilingParser:43] StepInfoDbParser finish.
[2026-10-01-07:25:53.919] [INFO] [AscendProfiler_ProfilingParser:80] CommunicationDbParser start.
[2026-10-01-07:25:53.920] [INFO] [AscendProfiler_ProfilingParser:88] CommunicationDbParser finish.
[2026-10-01-07:25:53.921] [INFO] [AscendProfiler_ProfilingParser:74] TraceStepTimeDbParser start.
[2026-10-01-07:25:53.927] [INFO] [AscendProfiler_ProfilingParser:83] TraceStepTimeDbParser finish.
[2026-10-01-07:25:53.927] [INFO] [AscendProfiler_ProfilingParser:64] DbParser finish.
[2026-10-01-07:25:54.428] [INFO] [AscendProfiler_ProfilingParser:473] ============================================================
[2026-10-01-07:25:54.428] [INFO] [AscendProfiler_ProfilingParser:474] Task execution completed
[2026-10-01-07:25:54.428] [INFO] [AscendProfiler_ProfilingParser:475] ============================================================
[2026-10-01-07:25:54.428] [INFO] [AscendProfiler_ProfilingParser:478] torch_op                  | PTHREAD         | Succeed    | 0.025s | deps: None
[2026-10-01-07:25:54.428] [INFO] [AscendProfiler_ProfilingParser:478] task_queue                | PTHREAD         | Succeed    | 0.026s | deps: None
[2026-10-01-07:25:54.428] [INFO] [AscendProfiler_ProfilingParser:478] trace_prepare             | SUB_PROCESS     | Succeed    | 0.028s | deps: torch_op, task_queue
[2026-10-01-07:25:54.428] [INFO] [AscendProfiler_ProfilingParser:478] build_tree                | PTHREAD         | Succeed    | 0.023s | deps: torch_op, task_queue
[2026-10-01-07:25:54.428] [INFO] [AscendProfiler_ProfilingParser:478] export                    | SUB_PROCESS     | Succeed    | 2.056s | deps: None
[2026-10-01-07:25:54.429] [INFO] [AscendProfiler_ProfilingParser:478] timeline                  | PTHREAD|NON_BLOCKING | Succeed    | 1.604s | deps: None
[2026-10-01-07:25:54.429] [INFO] [AscendProfiler_ProfilingParser:478] relation                  | PTHREAD         | Succeed    | 0.047s | deps: task_queue, timeline
[2026-10-01-07:25:54.429] [INFO] [AscendProfiler_ProfilingParser:478] memory_prepare            | PTHREAD         | Succeed    | 0.001s | deps: build_tree, task_queue, torch_op
[2026-10-01-07:25:54.429] [INFO] [AscendProfiler_ProfilingParser:478] analyze                   | SUB_PROCESS     | Succeed    | 1.050s | deps: timeline
[2026-10-01-07:25:54.429] [INFO] [AscendProfiler_ProfilingParser:478] operator                  | SUB_PROCESS     | Succeed    | 0.027s | deps: build_tree, timeline, relation, torch_op
[2026-10-01-07:25:54.429] [INFO] [AscendProfiler_ProfilingParser:478] trace                     | SUB_PROCESS     | Succeed    | 0.039s | deps: build_tree, trace_prepare, timeline, task_queue, torch_op
[2026-10-01-07:25:54.429] [INFO] [AscendProfiler_ProfilingParser:478] kernel                    | SUB_PROCESS     | Succeed    | 0.040s | deps: build_tree, export, relation
[2026-10-01-07:25:54.429] [INFO] [AscendProfiler_ProfilingParser:478] step_time                 | SUB_PROCESS     | Succeed    | 0.036s | deps: build_tree, timeline, relation, torch_op
[2026-10-01-07:25:54.429] [INFO] [AscendProfiler_ProfilingParser:478] memory                    | SUB_PROCESS     | Succeed    | 0.060s | deps: export, memory_prepare
[2026-10-01-07:25:54.429] [INFO] [AscendProfiler_ProfilingParser:478] integrate                 | SUB_PROCESS     | Succeed    | 0.031s | deps: export
[2026-10-01-07:25:54.429] [INFO] [AscendProfiler_ProfilingParser:478] communication             | SUB_PROCESS     | Succeed    | 0.029s | deps: build_tree, analyze, relation
[2026-10-01-07:25:54.429] [INFO] [AscendProfiler_ProfilingParser:478] db_prepare                | PTHREAD         | Succeed    | 0.023s | deps: torch_op, task_queue
[2026-10-01-07:25:54.429] [INFO] [AscendProfiler_ProfilingParser:478] torch_db                  | PTHREAD         | Succeed    | 0.068s | deps: export, memory_prepare, build_tree, analyze, db_prepare
