[2026-10-01-07:22:54.387] [INFO] [AscendProfiler_ProfilingParser:97] Profiler logger initialized at: /mnt/workspace/sfa-nonempty-perf-20260930/iteration-e1/screen-v1/profile-control-attempt-1-traces/native-torch.bfloat16-32-chronological-False/752c3fdca26b44da9fd55f3c88dd3113_1574286_20261001072253484_ascend_pt/logs/profiler_20261001072254_1578332_ProfilingParser.log
[2026-10-01-07:22:54.438] [INFO] [AscendProfiler_ProfilingParser:100] TorchOpParser start.
[2026-10-01-07:22:54.438] [INFO] [AscendProfiler_ProfilingParser:82] TaskQueueParser start.
[2026-10-01-07:22:54.465] [INFO] [AscendProfiler_ProfilingParser:208] CANNTimelineParser start.
[2026-10-01-07:22:54.469] [INFO] [AscendProfiler_ProfilingParser:106] TorchOpParser finish.
[2026-10-01-07:22:54.470] [INFO] [AscendProfiler_ProfilingParser:88] TaskQueueParser finish.
[2026-10-01-07:22:54.471] [INFO] [AscendProfiler_ProfilingParser:118] DbPreParser start.
[2026-10-01-07:22:54.471] [INFO] [AscendProfiler_ProfilingParser:62] TreeBuildParser start.
[2026-10-01-07:22:54.500] [INFO] [AscendProfiler_ProfilingParser:129] DbPreParser finish.
[2026-10-01-07:22:54.501] [INFO] [AscendProfiler_ProfilingParser:70] TreeBuildParser finish.
[2026-10-01-07:22:54.502] [INFO] [AscendProfiler_ProfilingParser:62] MemoryPrepareParser start.
[2026-10-01-07:22:54.503] [INFO] [AscendProfiler_ProfilingParser:75] MemoryPrepareParser finish.
[2026-10-01-07:22:57.071] [INFO] [AscendProfiler_ProfilingParser:218] CANNTimelineParser finish.
[2026-10-01-07:22:57.123] [INFO] [AscendProfiler_ProfilingParser:31] RelationParser start.
[2026-10-01-07:22:57.132] [INFO] [AscendProfiler_ProfilingParser:38] RelationParser finish.
[2026-10-01-07:22:58.157] [INFO] [AscendProfiler_ProfilingParser:40] DbParser start.
[2026-10-01-07:22:58.184] [INFO] [AscendProfiler_ProfilingParser:27] BasicDbParser start.
[2026-10-01-07:22:58.198] [INFO] [AscendProfiler_ProfilingParser:40] BasicDbParser finish.
[2026-10-01-07:22:58.199] [INFO] [AscendProfiler_ProfilingParser:31] FwkApiDbParser start.
[2026-10-01-07:22:58.199] [INFO] [AscendProfiler_ProfilingParser:36] FwkApiDbParser get fwk api data finish.
[2026-10-01-07:22:58.200] [INFO] [AscendProfiler_ProfilingParser:38] FwkApiDbParser get api data for db finish.
[2026-10-01-07:22:58.216] [INFO] [AscendProfiler_ProfilingParser:40] FwkApiDbParser save api data to db finish.
[2026-10-01-07:22:58.216] [INFO] [AscendProfiler_ProfilingParser:44] FwkApiDbParser finish.
[2026-10-01-07:22:58.217] [INFO] [AscendProfiler_ProfilingParser:82] MemoryDbParser start.
[2026-10-01-07:22:58.217] [INFO] [AscendProfiler_ProfilingParser:95] MemoryDbParser finish.
[2026-10-01-07:22:58.217] [INFO] [AscendProfiler_ProfilingParser:33] GCRecordDbParser start.
[2026-10-01-07:22:58.218] [INFO] [AscendProfiler_ProfilingParser:41] GCRecordDbParser finish.
[2026-10-01-07:22:58.218] [INFO] [AscendProfiler_ProfilingParser:36] StepInfoDbParser start.
[2026-10-01-07:22:58.224] [INFO] [AscendProfiler_ProfilingParser:43] StepInfoDbParser finish.
[2026-10-01-07:22:58.225] [INFO] [AscendProfiler_ProfilingParser:80] CommunicationDbParser start.
[2026-10-01-07:22:58.226] [INFO] [AscendProfiler_ProfilingParser:88] CommunicationDbParser finish.
[2026-10-01-07:22:58.226] [INFO] [AscendProfiler_ProfilingParser:74] TraceStepTimeDbParser start.
[2026-10-01-07:22:58.232] [INFO] [AscendProfiler_ProfilingParser:83] TraceStepTimeDbParser finish.
[2026-10-01-07:22:58.233] [INFO] [AscendProfiler_ProfilingParser:64] DbParser finish.
[2026-10-01-07:22:58.736] [INFO] [AscendProfiler_ProfilingParser:473] ============================================================
[2026-10-01-07:22:58.736] [INFO] [AscendProfiler_ProfilingParser:474] Task execution completed
[2026-10-01-07:22:58.737] [INFO] [AscendProfiler_ProfilingParser:475] ============================================================
[2026-10-01-07:22:58.737] [INFO] [AscendProfiler_ProfilingParser:478] torch_op                  | PTHREAD         | Succeed    | 0.033s | deps: None
[2026-10-01-07:22:58.737] [INFO] [AscendProfiler_ProfilingParser:478] task_queue                | PTHREAD         | Succeed    | 0.032s | deps: None
[2026-10-01-07:22:58.737] [INFO] [AscendProfiler_ProfilingParser:478] trace_prepare             | SUB_PROCESS     | Succeed    | 0.036s | deps: torch_op, task_queue
[2026-10-01-07:22:58.737] [INFO] [AscendProfiler_ProfilingParser:478] build_tree                | PTHREAD         | Succeed    | 0.030s | deps: torch_op, task_queue
[2026-10-01-07:22:58.737] [INFO] [AscendProfiler_ProfilingParser:478] export                    | SUB_PROCESS     | Succeed    | 3.067s | deps: None
[2026-10-01-07:22:58.737] [INFO] [AscendProfiler_ProfilingParser:478] timeline                  | PTHREAD|NON_BLOCKING | Succeed    | 2.608s | deps: None
[2026-10-01-07:22:58.737] [INFO] [AscendProfiler_ProfilingParser:478] relation                  | PTHREAD         | Succeed    | 0.010s | deps: task_queue, timeline
[2026-10-01-07:22:58.737] [INFO] [AscendProfiler_ProfilingParser:478] memory_prepare            | PTHREAD         | Succeed    | 0.001s | deps: build_tree, task_queue, torch_op
[2026-10-01-07:22:58.737] [INFO] [AscendProfiler_ProfilingParser:478] analyze                   | SUB_PROCESS     | Succeed    | 1.060s | deps: timeline
[2026-10-01-07:22:58.737] [INFO] [AscendProfiler_ProfilingParser:478] operator                  | SUB_PROCESS     | Succeed    | 0.035s | deps: build_tree, timeline, relation, torch_op
[2026-10-01-07:22:58.738] [INFO] [AscendProfiler_ProfilingParser:478] trace                     | SUB_PROCESS     | Succeed    | 0.052s | deps: build_tree, trace_prepare, timeline, task_queue, torch_op
[2026-10-01-07:22:58.738] [INFO] [AscendProfiler_ProfilingParser:478] kernel                    | SUB_PROCESS     | Succeed    | 0.057s | deps: build_tree, export, relation
[2026-10-01-07:22:58.738] [INFO] [AscendProfiler_ProfilingParser:478] step_time                 | SUB_PROCESS     | Succeed    | 0.052s | deps: build_tree, timeline, relation, torch_op
[2026-10-01-07:22:58.738] [INFO] [AscendProfiler_ProfilingParser:478] memory                    | SUB_PROCESS     | Succeed    | 0.083s | deps: export, memory_prepare
[2026-10-01-07:22:58.738] [INFO] [AscendProfiler_ProfilingParser:478] integrate                 | SUB_PROCESS     | Succeed    | 0.046s | deps: export
[2026-10-01-07:22:58.738] [INFO] [AscendProfiler_ProfilingParser:478] communication             | SUB_PROCESS     | Succeed    | 0.036s | deps: build_tree, analyze, relation
[2026-10-01-07:22:58.738] [INFO] [AscendProfiler_ProfilingParser:478] db_prepare                | PTHREAD         | Succeed    | 0.030s | deps: torch_op, task_queue
[2026-10-01-07:22:58.738] [INFO] [AscendProfiler_ProfilingParser:478] torch_db                  | PTHREAD         | Succeed    | 0.076s | deps: export, memory_prepare, build_tree, analyze, db_prepare
