[2026-10-01-09:02:21.083] [INFO] [AscendProfiler_ProfilingParser:97] Profiler logger initialized at: /mnt/workspace/sfa-nonempty-perf-20260930/iteration-e2/screen-v1/profile-control-attempt-1-traces/quant-torch.bfloat16-32-chronological-False/752c3fdca26b44da9fd55f3c88dd3113_1623583_20261001090220307_ascend_pt/logs/profiler_20261001090221_1632222_ProfilingParser.log
[2026-10-01-09:02:21.139] [INFO] [AscendProfiler_ProfilingParser:100] TorchOpParser start.
[2026-10-01-09:02:21.139] [INFO] [AscendProfiler_ProfilingParser:82] TaskQueueParser start.
[2026-10-01-09:02:21.167] [INFO] [AscendProfiler_ProfilingParser:208] CANNTimelineParser start.
[2026-10-01-09:02:21.171] [INFO] [AscendProfiler_ProfilingParser:106] TorchOpParser finish.
[2026-10-01-09:02:21.172] [INFO] [AscendProfiler_ProfilingParser:88] TaskQueueParser finish.
[2026-10-01-09:02:21.173] [INFO] [AscendProfiler_ProfilingParser:62] TreeBuildParser start.
[2026-10-01-09:02:21.174] [INFO] [AscendProfiler_ProfilingParser:118] DbPreParser start.
[2026-10-01-09:02:21.204] [INFO] [AscendProfiler_ProfilingParser:70] TreeBuildParser finish.
[2026-10-01-09:02:21.206] [INFO] [AscendProfiler_ProfilingParser:129] DbPreParser finish.
[2026-10-01-09:02:21.207] [INFO] [AscendProfiler_ProfilingParser:62] MemoryPrepareParser start.
[2026-10-01-09:02:21.208] [INFO] [AscendProfiler_ProfilingParser:75] MemoryPrepareParser finish.
[2026-10-01-09:02:22.771] [INFO] [AscendProfiler_ProfilingParser:218] CANNTimelineParser finish.
[2026-10-01-09:02:22.825] [INFO] [AscendProfiler_ProfilingParser:31] RelationParser start.
[2026-10-01-09:02:22.833] [INFO] [AscendProfiler_ProfilingParser:38] RelationParser finish.
[2026-10-01-09:02:23.855] [INFO] [AscendProfiler_ProfilingParser:40] DbParser start.
[2026-10-01-09:02:23.857] [INFO] [AscendProfiler_ProfilingParser:27] BasicDbParser start.
[2026-10-01-09:02:23.873] [INFO] [AscendProfiler_ProfilingParser:40] BasicDbParser finish.
[2026-10-01-09:02:23.874] [INFO] [AscendProfiler_ProfilingParser:31] FwkApiDbParser start.
[2026-10-01-09:02:23.874] [INFO] [AscendProfiler_ProfilingParser:36] FwkApiDbParser get fwk api data finish.
[2026-10-01-09:02:23.875] [INFO] [AscendProfiler_ProfilingParser:38] FwkApiDbParser get api data for db finish.
[2026-10-01-09:02:23.891] [INFO] [AscendProfiler_ProfilingParser:40] FwkApiDbParser save api data to db finish.
[2026-10-01-09:02:23.891] [INFO] [AscendProfiler_ProfilingParser:44] FwkApiDbParser finish.
[2026-10-01-09:02:23.892] [INFO] [AscendProfiler_ProfilingParser:82] MemoryDbParser start.
[2026-10-01-09:02:23.892] [INFO] [AscendProfiler_ProfilingParser:95] MemoryDbParser finish.
[2026-10-01-09:02:23.893] [INFO] [AscendProfiler_ProfilingParser:33] GCRecordDbParser start.
[2026-10-01-09:02:23.893] [INFO] [AscendProfiler_ProfilingParser:41] GCRecordDbParser finish.
[2026-10-01-09:02:23.894] [INFO] [AscendProfiler_ProfilingParser:36] StepInfoDbParser start.
[2026-10-01-09:02:23.900] [INFO] [AscendProfiler_ProfilingParser:43] StepInfoDbParser finish.
[2026-10-01-09:02:23.900] [INFO] [AscendProfiler_ProfilingParser:80] CommunicationDbParser start.
[2026-10-01-09:02:23.902] [INFO] [AscendProfiler_ProfilingParser:88] CommunicationDbParser finish.
[2026-10-01-09:02:23.902] [INFO] [AscendProfiler_ProfilingParser:74] TraceStepTimeDbParser start.
[2026-10-01-09:02:23.908] [INFO] [AscendProfiler_ProfilingParser:83] TraceStepTimeDbParser finish.
[2026-10-01-09:02:23.908] [INFO] [AscendProfiler_ProfilingParser:64] DbParser finish.
[2026-10-01-09:02:24.416] [INFO] [AscendProfiler_ProfilingParser:473] ============================================================
[2026-10-01-09:02:24.416] [INFO] [AscendProfiler_ProfilingParser:474] Task execution completed
[2026-10-01-09:02:24.416] [INFO] [AscendProfiler_ProfilingParser:475] ============================================================
[2026-10-01-09:02:24.416] [INFO] [AscendProfiler_ProfilingParser:478] torch_op                  | PTHREAD         | Succeed    | 0.033s | deps: None
[2026-10-01-09:02:24.416] [INFO] [AscendProfiler_ProfilingParser:478] task_queue                | PTHREAD         | Succeed    | 0.034s | deps: None
[2026-10-01-09:02:24.416] [INFO] [AscendProfiler_ProfilingParser:478] trace_prepare             | SUB_PROCESS     | Succeed    | 0.038s | deps: torch_op, task_queue
[2026-10-01-09:02:24.416] [INFO] [AscendProfiler_ProfilingParser:478] build_tree                | PTHREAD         | Succeed    | 0.032s | deps: torch_op, task_queue
[2026-10-01-09:02:24.417] [INFO] [AscendProfiler_ProfilingParser:478] export                    | SUB_PROCESS     | Succeed    | 2.064s | deps: None
[2026-10-01-09:02:24.417] [INFO] [AscendProfiler_ProfilingParser:478] timeline                  | PTHREAD|NON_BLOCKING | Succeed    | 1.606s | deps: None
[2026-10-01-09:02:24.417] [INFO] [AscendProfiler_ProfilingParser:478] relation                  | PTHREAD         | Succeed    | 0.010s | deps: task_queue, timeline
[2026-10-01-09:02:24.417] [INFO] [AscendProfiler_ProfilingParser:478] memory_prepare            | PTHREAD         | Succeed    | 0.003s | deps: build_tree, task_queue, torch_op
[2026-10-01-09:02:24.417] [INFO] [AscendProfiler_ProfilingParser:478] analyze                   | SUB_PROCESS     | Succeed    | 1.057s | deps: timeline
[2026-10-01-09:02:24.417] [INFO] [AscendProfiler_ProfilingParser:478] operator                  | SUB_PROCESS     | Succeed    | 0.056s | deps: build_tree, timeline, relation, torch_op
[2026-10-01-09:02:24.417] [INFO] [AscendProfiler_ProfilingParser:478] trace                     | SUB_PROCESS     | Succeed    | 0.093s | deps: build_tree, trace_prepare, timeline, task_queue, torch_op
[2026-10-01-09:02:24.417] [INFO] [AscendProfiler_ProfilingParser:478] kernel                    | SUB_PROCESS     | Succeed    | 0.060s | deps: build_tree, export, relation
[2026-10-01-09:02:24.417] [INFO] [AscendProfiler_ProfilingParser:478] step_time                 | SUB_PROCESS     | Succeed    | 0.042s | deps: build_tree, timeline, relation, torch_op
[2026-10-01-09:02:24.417] [INFO] [AscendProfiler_ProfilingParser:478] memory                    | SUB_PROCESS     | Succeed    | 0.085s | deps: export, memory_prepare
[2026-10-01-09:02:24.417] [INFO] [AscendProfiler_ProfilingParser:478] integrate                 | SUB_PROCESS     | Succeed    | 0.045s | deps: export
[2026-10-01-09:02:24.417] [INFO] [AscendProfiler_ProfilingParser:478] communication             | SUB_PROCESS     | Succeed    | 0.036s | deps: build_tree, analyze, relation
[2026-10-01-09:02:24.417] [INFO] [AscendProfiler_ProfilingParser:478] db_prepare                | PTHREAD         | Succeed    | 0.034s | deps: torch_op, task_queue
[2026-10-01-09:02:24.418] [INFO] [AscendProfiler_ProfilingParser:478] torch_db                  | PTHREAD         | Succeed    | 0.054s | deps: export, memory_prepare, build_tree, analyze, db_prepare
