[2026-10-01-09:02:14.849] [INFO] [AscendProfiler_ProfilingParser:97] Profiler logger initialized at: /mnt/workspace/sfa-nonempty-perf-20260930/iteration-e2/screen-v1/profile-control-attempt-1-traces/quant-torch.bfloat16-32-indexer-True/752c3fdca26b44da9fd55f3c88dd3113_1623583_20261001090214009_ascend_pt/logs/profiler_20261001090214_1631937_ProfilingParser.log
[2026-10-01-09:02:14.900] [INFO] [AscendProfiler_ProfilingParser:100] TorchOpParser start.
[2026-10-01-09:02:14.900] [INFO] [AscendProfiler_ProfilingParser:82] TaskQueueParser start.
[2026-10-01-09:02:14.927] [INFO] [AscendProfiler_ProfilingParser:208] CANNTimelineParser start.
[2026-10-01-09:02:14.930] [INFO] [AscendProfiler_ProfilingParser:106] TorchOpParser finish.
[2026-10-01-09:02:14.931] [INFO] [AscendProfiler_ProfilingParser:88] TaskQueueParser finish.
[2026-10-01-09:02:14.932] [INFO] [AscendProfiler_ProfilingParser:62] TreeBuildParser start.
[2026-10-01-09:02:14.932] [INFO] [AscendProfiler_ProfilingParser:118] DbPreParser start.
[2026-10-01-09:02:14.960] [INFO] [AscendProfiler_ProfilingParser:70] TreeBuildParser finish.
[2026-10-01-09:02:14.962] [INFO] [AscendProfiler_ProfilingParser:129] DbPreParser finish.
[2026-10-01-09:02:14.963] [INFO] [AscendProfiler_ProfilingParser:62] MemoryPrepareParser start.
[2026-10-01-09:02:14.963] [INFO] [AscendProfiler_ProfilingParser:75] MemoryPrepareParser finish.
[2026-10-01-09:02:16.431] [INFO] [AscendProfiler_ProfilingParser:218] CANNTimelineParser finish.
[2026-10-01-09:02:16.482] [INFO] [AscendProfiler_ProfilingParser:31] RelationParser start.
[2026-10-01-09:02:16.489] [INFO] [AscendProfiler_ProfilingParser:38] RelationParser finish.
[2026-10-01-09:02:17.514] [INFO] [AscendProfiler_ProfilingParser:40] DbParser start.
[2026-10-01-09:02:17.516] [INFO] [AscendProfiler_ProfilingParser:27] BasicDbParser start.
[2026-10-01-09:02:17.530] [INFO] [AscendProfiler_ProfilingParser:40] BasicDbParser finish.
[2026-10-01-09:02:17.531] [INFO] [AscendProfiler_ProfilingParser:31] FwkApiDbParser start.
[2026-10-01-09:02:17.531] [INFO] [AscendProfiler_ProfilingParser:36] FwkApiDbParser get fwk api data finish.
[2026-10-01-09:02:17.532] [INFO] [AscendProfiler_ProfilingParser:38] FwkApiDbParser get api data for db finish.
[2026-10-01-09:02:17.546] [INFO] [AscendProfiler_ProfilingParser:40] FwkApiDbParser save api data to db finish.
[2026-10-01-09:02:17.547] [INFO] [AscendProfiler_ProfilingParser:44] FwkApiDbParser finish.
[2026-10-01-09:02:17.547] [INFO] [AscendProfiler_ProfilingParser:82] MemoryDbParser start.
[2026-10-01-09:02:17.548] [INFO] [AscendProfiler_ProfilingParser:95] MemoryDbParser finish.
[2026-10-01-09:02:17.548] [INFO] [AscendProfiler_ProfilingParser:33] GCRecordDbParser start.
[2026-10-01-09:02:17.548] [INFO] [AscendProfiler_ProfilingParser:41] GCRecordDbParser finish.
[2026-10-01-09:02:17.549] [INFO] [AscendProfiler_ProfilingParser:36] StepInfoDbParser start.
[2026-10-01-09:02:17.555] [INFO] [AscendProfiler_ProfilingParser:43] StepInfoDbParser finish.
[2026-10-01-09:02:17.556] [INFO] [AscendProfiler_ProfilingParser:80] CommunicationDbParser start.
[2026-10-01-09:02:17.557] [INFO] [AscendProfiler_ProfilingParser:88] CommunicationDbParser finish.
[2026-10-01-09:02:17.558] [INFO] [AscendProfiler_ProfilingParser:74] TraceStepTimeDbParser start.
[2026-10-01-09:02:17.563] [INFO] [AscendProfiler_ProfilingParser:83] TraceStepTimeDbParser finish.
[2026-10-01-09:02:17.563] [INFO] [AscendProfiler_ProfilingParser:64] DbParser finish.
[2026-10-01-09:02:18.070] [INFO] [AscendProfiler_ProfilingParser:473] ============================================================
[2026-10-01-09:02:18.070] [INFO] [AscendProfiler_ProfilingParser:474] Task execution completed
[2026-10-01-09:02:18.071] [INFO] [AscendProfiler_ProfilingParser:475] ============================================================
[2026-10-01-09:02:18.071] [INFO] [AscendProfiler_ProfilingParser:478] torch_op                  | PTHREAD         | Succeed    | 0.031s | deps: None
[2026-10-01-09:02:18.071] [INFO] [AscendProfiler_ProfilingParser:478] task_queue                | PTHREAD         | Succeed    | 0.031s | deps: None
[2026-10-01-09:02:18.071] [INFO] [AscendProfiler_ProfilingParser:478] trace_prepare             | SUB_PROCESS     | Succeed    | 0.035s | deps: torch_op, task_queue
[2026-10-01-09:02:18.071] [INFO] [AscendProfiler_ProfilingParser:478] build_tree                | PTHREAD         | Succeed    | 0.030s | deps: torch_op, task_queue
[2026-10-01-09:02:18.071] [INFO] [AscendProfiler_ProfilingParser:478] export                    | SUB_PROCESS     | Succeed    | 2.063s | deps: None
[2026-10-01-09:02:18.071] [INFO] [AscendProfiler_ProfilingParser:478] timeline                  | PTHREAD|NON_BLOCKING | Succeed    | 1.505s | deps: None
[2026-10-01-09:02:18.071] [INFO] [AscendProfiler_ProfilingParser:478] relation                  | PTHREAD         | Succeed    | 0.009s | deps: task_queue, timeline
[2026-10-01-09:02:18.071] [INFO] [AscendProfiler_ProfilingParser:478] memory_prepare            | PTHREAD         | Succeed    | 0.003s | deps: build_tree, task_queue, torch_op
[2026-10-01-09:02:18.071] [INFO] [AscendProfiler_ProfilingParser:478] analyze                   | SUB_PROCESS     | Succeed    | 1.057s | deps: timeline
[2026-10-01-09:02:18.071] [INFO] [AscendProfiler_ProfilingParser:478] operator                  | SUB_PROCESS     | Succeed    | 0.051s | deps: build_tree, timeline, relation, torch_op
[2026-10-01-09:02:18.072] [INFO] [AscendProfiler_ProfilingParser:478] trace                     | SUB_PROCESS     | Succeed    | 0.085s | deps: build_tree, trace_prepare, timeline, task_queue, torch_op
[2026-10-01-09:02:18.072] [INFO] [AscendProfiler_ProfilingParser:478] kernel                    | SUB_PROCESS     | Succeed    | 0.057s | deps: build_tree, export, relation
[2026-10-01-09:02:18.072] [INFO] [AscendProfiler_ProfilingParser:478] step_time                 | SUB_PROCESS     | Succeed    | 0.037s | deps: build_tree, timeline, relation, torch_op
[2026-10-01-09:02:18.072] [INFO] [AscendProfiler_ProfilingParser:478] memory                    | SUB_PROCESS     | Succeed    | 0.082s | deps: export, memory_prepare
[2026-10-01-09:02:18.072] [INFO] [AscendProfiler_ProfilingParser:478] integrate                 | SUB_PROCESS     | Succeed    | 0.040s | deps: export
[2026-10-01-09:02:18.072] [INFO] [AscendProfiler_ProfilingParser:478] communication             | SUB_PROCESS     | Succeed    | 0.036s | deps: build_tree, analyze, relation
[2026-10-01-09:02:18.072] [INFO] [AscendProfiler_ProfilingParser:478] db_prepare                | PTHREAD         | Succeed    | 0.031s | deps: torch_op, task_queue
[2026-10-01-09:02:18.072] [INFO] [AscendProfiler_ProfilingParser:478] torch_db                  | PTHREAD         | Succeed    | 0.050s | deps: export, memory_prepare, build_tree, analyze, db_prepare
