[2026-10-01-08:25:20.083] [INFO] [AscendProfiler_ProfilingParser:97] Profiler logger initialized at: /mnt/workspace/sfa-nonempty-perf-20260930/iteration-e1/screen-v2/profile-candidate-attempt-1-traces/native-torch.bfloat16-1-chronological-True/752c3fdca26b44da9fd55f3c88dd3113_1609513_20261001082519239_ascend_pt/logs/profiler_20261001082520_1612724_ProfilingParser.log
[2026-10-01-08:25:20.134] [INFO] [AscendProfiler_ProfilingParser:100] TorchOpParser start.
[2026-10-01-08:25:20.134] [INFO] [AscendProfiler_ProfilingParser:82] TaskQueueParser start.
[2026-10-01-08:25:20.159] [INFO] [AscendProfiler_ProfilingParser:208] CANNTimelineParser start.
[2026-10-01-08:25:20.162] [INFO] [AscendProfiler_ProfilingParser:106] TorchOpParser finish.
[2026-10-01-08:25:20.163] [INFO] [AscendProfiler_ProfilingParser:88] TaskQueueParser finish.
[2026-10-01-08:25:20.187] [INFO] [AscendProfiler_ProfilingParser:62] TreeBuildParser start.
[2026-10-01-08:25:20.188] [INFO] [AscendProfiler_ProfilingParser:118] DbPreParser start.
[2026-10-01-08:25:20.189] [INFO] [AscendProfiler_ProfilingParser:70] TreeBuildParser finish.
[2026-10-01-08:25:20.190] [INFO] [AscendProfiler_ProfilingParser:62] MemoryPrepareParser start.
[2026-10-01-08:25:20.191] [INFO] [AscendProfiler_ProfilingParser:129] DbPreParser finish.
[2026-10-01-08:25:20.192] [INFO] [AscendProfiler_ProfilingParser:75] MemoryPrepareParser finish.
[2026-10-01-08:25:21.663] [INFO] [AscendProfiler_ProfilingParser:218] CANNTimelineParser finish.
[2026-10-01-08:25:21.664] [INFO] [AscendProfiler_ProfilingParser:31] RelationParser start.
[2026-10-01-08:25:21.716] [INFO] [AscendProfiler_ProfilingParser:38] RelationParser finish.
[2026-10-01-08:25:22.741] [INFO] [AscendProfiler_ProfilingParser:40] DbParser start.
[2026-10-01-08:25:22.765] [INFO] [AscendProfiler_ProfilingParser:27] BasicDbParser start.
[2026-10-01-08:25:22.781] [INFO] [AscendProfiler_ProfilingParser:40] BasicDbParser finish.
[2026-10-01-08:25:22.782] [INFO] [AscendProfiler_ProfilingParser:31] FwkApiDbParser start.
[2026-10-01-08:25:22.782] [INFO] [AscendProfiler_ProfilingParser:36] FwkApiDbParser get fwk api data finish.
[2026-10-01-08:25:22.783] [INFO] [AscendProfiler_ProfilingParser:38] FwkApiDbParser get api data for db finish.
[2026-10-01-08:25:22.797] [INFO] [AscendProfiler_ProfilingParser:40] FwkApiDbParser save api data to db finish.
[2026-10-01-08:25:22.797] [INFO] [AscendProfiler_ProfilingParser:44] FwkApiDbParser finish.
[2026-10-01-08:25:22.798] [INFO] [AscendProfiler_ProfilingParser:82] MemoryDbParser start.
[2026-10-01-08:25:22.798] [INFO] [AscendProfiler_ProfilingParser:95] MemoryDbParser finish.
[2026-10-01-08:25:22.799] [INFO] [AscendProfiler_ProfilingParser:33] GCRecordDbParser start.
[2026-10-01-08:25:22.799] [INFO] [AscendProfiler_ProfilingParser:41] GCRecordDbParser finish.
[2026-10-01-08:25:22.799] [INFO] [AscendProfiler_ProfilingParser:36] StepInfoDbParser start.
[2026-10-01-08:25:22.806] [INFO] [AscendProfiler_ProfilingParser:43] StepInfoDbParser finish.
[2026-10-01-08:25:22.806] [INFO] [AscendProfiler_ProfilingParser:80] CommunicationDbParser start.
[2026-10-01-08:25:22.808] [INFO] [AscendProfiler_ProfilingParser:88] CommunicationDbParser finish.
[2026-10-01-08:25:22.808] [INFO] [AscendProfiler_ProfilingParser:74] TraceStepTimeDbParser start.
[2026-10-01-08:25:22.814] [INFO] [AscendProfiler_ProfilingParser:83] TraceStepTimeDbParser finish.
[2026-10-01-08:25:22.815] [INFO] [AscendProfiler_ProfilingParser:64] DbParser finish.
[2026-10-01-08:25:23.315] [INFO] [AscendProfiler_ProfilingParser:473] ============================================================
[2026-10-01-08:25:23.315] [INFO] [AscendProfiler_ProfilingParser:474] Task execution completed
[2026-10-01-08:25:23.316] [INFO] [AscendProfiler_ProfilingParser:475] ============================================================
[2026-10-01-08:25:23.316] [INFO] [AscendProfiler_ProfilingParser:478] torch_op                  | PTHREAD         | Succeed    | 0.030s | deps: None
[2026-10-01-08:25:23.316] [INFO] [AscendProfiler_ProfilingParser:478] task_queue                | PTHREAD         | Succeed    | 0.029s | deps: None
[2026-10-01-08:25:23.316] [INFO] [AscendProfiler_ProfilingParser:478] trace_prepare             | SUB_PROCESS     | Succeed    | 0.032s | deps: torch_op, task_queue
[2026-10-01-08:25:23.316] [INFO] [AscendProfiler_ProfilingParser:478] build_tree                | PTHREAD         | Succeed    | 0.004s | deps: torch_op, task_queue
[2026-10-01-08:25:23.316] [INFO] [AscendProfiler_ProfilingParser:478] export                    | SUB_PROCESS     | Succeed    | 2.061s | deps: None
[2026-10-01-08:25:23.316] [INFO] [AscendProfiler_ProfilingParser:478] timeline                  | PTHREAD|NON_BLOCKING | Succeed    | 1.506s | deps: None
[2026-10-01-08:25:23.316] [INFO] [AscendProfiler_ProfilingParser:478] relation                  | PTHREAD         | Succeed    | 0.053s | deps: task_queue, timeline
[2026-10-01-08:25:23.316] [INFO] [AscendProfiler_ProfilingParser:478] memory_prepare            | PTHREAD         | Succeed    | 0.003s | deps: build_tree, task_queue, torch_op
[2026-10-01-08:25:23.316] [INFO] [AscendProfiler_ProfilingParser:478] analyze                   | SUB_PROCESS     | Succeed    | 1.055s | deps: timeline
[2026-10-01-08:25:23.316] [INFO] [AscendProfiler_ProfilingParser:478] operator                  | SUB_PROCESS     | Succeed    | 0.031s | deps: build_tree, timeline, relation, torch_op
[2026-10-01-08:25:23.316] [INFO] [AscendProfiler_ProfilingParser:478] trace                     | SUB_PROCESS     | Succeed    | 0.045s | deps: build_tree, trace_prepare, timeline, task_queue, torch_op
[2026-10-01-08:25:23.317] [INFO] [AscendProfiler_ProfilingParser:478] kernel                    | SUB_PROCESS     | Succeed    | 0.032s | deps: build_tree, export, relation
[2026-10-01-08:25:23.317] [INFO] [AscendProfiler_ProfilingParser:478] step_time                 | SUB_PROCESS     | Succeed    | 0.044s | deps: build_tree, timeline, relation, torch_op
[2026-10-01-08:25:23.317] [INFO] [AscendProfiler_ProfilingParser:478] memory                    | SUB_PROCESS     | Succeed    | 0.065s | deps: export, memory_prepare
[2026-10-01-08:25:23.317] [INFO] [AscendProfiler_ProfilingParser:478] integrate                 | SUB_PROCESS     | Succeed    | 0.044s | deps: export
[2026-10-01-08:25:23.317] [INFO] [AscendProfiler_ProfilingParser:478] communication             | SUB_PROCESS     | Succeed    | 0.032s | deps: build_tree, analyze, relation
[2026-10-01-08:25:23.317] [INFO] [AscendProfiler_ProfilingParser:478] db_prepare                | PTHREAD         | Succeed    | 0.004s | deps: torch_op, task_queue
[2026-10-01-08:25:23.317] [INFO] [AscendProfiler_ProfilingParser:478] torch_db                  | PTHREAD         | Succeed    | 0.074s | deps: export, memory_prepare, build_tree, analyze, db_prepare
