[2026-10-01-07:23:23.817] [INFO] [AscendProfiler_ProfilingParser:97] Profiler logger initialized at: /mnt/workspace/sfa-nonempty-perf-20260930/iteration-e1/screen-v1/profile-control-attempt-1-traces/quant-torch.float16-1-chronological-True/752c3fdca26b44da9fd55f3c88dd3113_1574286_20261001072322836_ascend_pt/logs/profiler_20261001072323_1579753_ProfilingParser.log
[2026-10-01-07:23:23.868] [INFO] [AscendProfiler_ProfilingParser:100] TorchOpParser start.
[2026-10-01-07:23:23.869] [INFO] [AscendProfiler_ProfilingParser:82] TaskQueueParser start.
[2026-10-01-07:23:23.896] [INFO] [AscendProfiler_ProfilingParser:208] CANNTimelineParser start.
[2026-10-01-07:23:23.899] [INFO] [AscendProfiler_ProfilingParser:106] TorchOpParser finish.
[2026-10-01-07:23:23.900] [INFO] [AscendProfiler_ProfilingParser:88] TaskQueueParser finish.
[2026-10-01-07:23:23.901] [INFO] [AscendProfiler_ProfilingParser:118] DbPreParser start.
[2026-10-01-07:23:23.902] [INFO] [AscendProfiler_ProfilingParser:62] TreeBuildParser start.
[2026-10-01-07:23:23.931] [INFO] [AscendProfiler_ProfilingParser:129] DbPreParser finish.
[2026-10-01-07:23:23.932] [INFO] [AscendProfiler_ProfilingParser:70] TreeBuildParser finish.
[2026-10-01-07:23:23.933] [INFO] [AscendProfiler_ProfilingParser:62] MemoryPrepareParser start.
[2026-10-01-07:23:23.934] [INFO] [AscendProfiler_ProfilingParser:75] MemoryPrepareParser finish.
[2026-10-01-07:23:26.401] [INFO] [AscendProfiler_ProfilingParser:218] CANNTimelineParser finish.
[2026-10-01-07:23:26.455] [INFO] [AscendProfiler_ProfilingParser:31] RelationParser start.
[2026-10-01-07:23:26.463] [INFO] [AscendProfiler_ProfilingParser:38] RelationParser finish.
[2026-10-01-07:23:27.489] [INFO] [AscendProfiler_ProfilingParser:40] DbParser start.
[2026-10-01-07:23:27.518] [INFO] [AscendProfiler_ProfilingParser:27] BasicDbParser start.
[2026-10-01-07:23:27.531] [INFO] [AscendProfiler_ProfilingParser:40] BasicDbParser finish.
[2026-10-01-07:23:27.531] [INFO] [AscendProfiler_ProfilingParser:31] FwkApiDbParser start.
[2026-10-01-07:23:27.531] [INFO] [AscendProfiler_ProfilingParser:36] FwkApiDbParser get fwk api data finish.
[2026-10-01-07:23:27.532] [INFO] [AscendProfiler_ProfilingParser:38] FwkApiDbParser get api data for db finish.
[2026-10-01-07:23:27.546] [INFO] [AscendProfiler_ProfilingParser:40] FwkApiDbParser save api data to db finish.
[2026-10-01-07:23:27.546] [INFO] [AscendProfiler_ProfilingParser:44] FwkApiDbParser finish.
[2026-10-01-07:23:27.547] [INFO] [AscendProfiler_ProfilingParser:82] MemoryDbParser start.
[2026-10-01-07:23:27.547] [INFO] [AscendProfiler_ProfilingParser:95] MemoryDbParser finish.
[2026-10-01-07:23:27.548] [INFO] [AscendProfiler_ProfilingParser:33] GCRecordDbParser start.
[2026-10-01-07:23:27.548] [INFO] [AscendProfiler_ProfilingParser:41] GCRecordDbParser finish.
[2026-10-01-07:23:27.549] [INFO] [AscendProfiler_ProfilingParser:36] StepInfoDbParser start.
[2026-10-01-07:23:27.555] [INFO] [AscendProfiler_ProfilingParser:43] StepInfoDbParser finish.
[2026-10-01-07:23:27.555] [INFO] [AscendProfiler_ProfilingParser:80] CommunicationDbParser start.
[2026-10-01-07:23:27.557] [INFO] [AscendProfiler_ProfilingParser:88] CommunicationDbParser finish.
[2026-10-01-07:23:27.557] [INFO] [AscendProfiler_ProfilingParser:74] TraceStepTimeDbParser start.
[2026-10-01-07:23:27.562] [INFO] [AscendProfiler_ProfilingParser:83] TraceStepTimeDbParser finish.
[2026-10-01-07:23:27.563] [INFO] [AscendProfiler_ProfilingParser:64] DbParser finish.
[2026-10-01-07:23:28.075] [INFO] [AscendProfiler_ProfilingParser:473] ============================================================
[2026-10-01-07:23:28.075] [INFO] [AscendProfiler_ProfilingParser:474] Task execution completed
[2026-10-01-07:23:28.075] [INFO] [AscendProfiler_ProfilingParser:475] ============================================================
[2026-10-01-07:23:28.075] [INFO] [AscendProfiler_ProfilingParser:478] torch_op                  | PTHREAD         | Succeed    | 0.033s | deps: None
[2026-10-01-07:23:28.075] [INFO] [AscendProfiler_ProfilingParser:478] task_queue                | PTHREAD         | Succeed    | 0.033s | deps: None
[2026-10-01-07:23:28.075] [INFO] [AscendProfiler_ProfilingParser:478] trace_prepare             | SUB_PROCESS     | Succeed    | 0.036s | deps: torch_op, task_queue
[2026-10-01-07:23:28.075] [INFO] [AscendProfiler_ProfilingParser:478] build_tree                | PTHREAD         | Succeed    | 0.031s | deps: torch_op, task_queue
[2026-10-01-07:23:28.076] [INFO] [AscendProfiler_ProfilingParser:478] export                    | SUB_PROCESS     | Succeed    | 3.067s | deps: None
[2026-10-01-07:23:28.076] [INFO] [AscendProfiler_ProfilingParser:478] timeline                  | PTHREAD|NON_BLOCKING | Succeed    | 2.507s | deps: None
[2026-10-01-07:23:28.076] [INFO] [AscendProfiler_ProfilingParser:478] relation                  | PTHREAD         | Succeed    | 0.009s | deps: task_queue, timeline
[2026-10-01-07:23:28.076] [INFO] [AscendProfiler_ProfilingParser:478] memory_prepare            | PTHREAD         | Succeed    | 0.001s | deps: build_tree, task_queue, torch_op
[2026-10-01-07:23:28.076] [INFO] [AscendProfiler_ProfilingParser:478] analyze                   | SUB_PROCESS     | Succeed    | 1.061s | deps: timeline
[2026-10-01-07:23:28.076] [INFO] [AscendProfiler_ProfilingParser:478] operator                  | SUB_PROCESS     | Succeed    | 0.035s | deps: build_tree, timeline, relation, torch_op
[2026-10-01-07:23:28.076] [INFO] [AscendProfiler_ProfilingParser:478] trace                     | SUB_PROCESS     | Succeed    | 0.054s | deps: build_tree, trace_prepare, timeline, task_queue, torch_op
[2026-10-01-07:23:28.076] [INFO] [AscendProfiler_ProfilingParser:478] kernel                    | SUB_PROCESS     | Succeed    | 0.053s | deps: build_tree, export, relation
[2026-10-01-07:23:28.076] [INFO] [AscendProfiler_ProfilingParser:478] step_time                 | SUB_PROCESS     | Succeed    | 0.054s | deps: build_tree, timeline, relation, torch_op
[2026-10-01-07:23:28.076] [INFO] [AscendProfiler_ProfilingParser:478] memory                    | SUB_PROCESS     | Succeed    | 0.078s | deps: export, memory_prepare
[2026-10-01-07:23:28.076] [INFO] [AscendProfiler_ProfilingParser:478] integrate                 | SUB_PROCESS     | Succeed    | 0.040s | deps: export
[2026-10-01-07:23:28.077] [INFO] [AscendProfiler_ProfilingParser:478] communication             | SUB_PROCESS     | Succeed    | 0.037s | deps: build_tree, analyze, relation
[2026-10-01-07:23:28.077] [INFO] [AscendProfiler_ProfilingParser:478] db_prepare                | PTHREAD         | Succeed    | 0.031s | deps: torch_op, task_queue
[2026-10-01-07:23:28.077] [INFO] [AscendProfiler_ProfilingParser:478] torch_db                  | PTHREAD         | Succeed    | 0.075s | deps: export, memory_prepare, build_tree, analyze, db_prepare
