ninja: no work to do.
[W930 12:08:02.508928767 NPUCachingAllocator.cpp:202] Warning: The current CANN and HDK(driver) versions require processing for 32 padding size, with memory allocation. (function operator())
t1-d4096-signed0 [31.245, 32.489, 31.272]
t1-d4096-signed1 [32.445, 31.292, 32.457]
t2-d4096-signed0 [31.37, 32.481, 31.319]
t2-d4096-signed1 [32.565, 31.356, 32.628]
t4-d4096-signed0 [32.903, 34.044, 32.847]
t4-d4096-signed1 [33.32, 32.607, 33.444]
t17-d4096-signed0 [33.423, 34.404, 34.261]
t17-d4096-signed1 [36.203, 35.842, 35.529]
t128-d4096-signed0 [64.393, 64.831, 64.307]
t128-d4096-signed1 [64.834, 64.729, 64.954]
t257-d4096-signed0 [91.618, 91.387, 91.292]
t257-d4096-signed1 [92.691, 92.308, 92.681]
t512-d4096-signed0 [142.693, 142.744, 142.494]
t512-d4096-signed1 [142.972, 143.321, 143.099]
t1-d7168-signed0 [35.205, 35.18, 35.25]
t1-d7168-signed1 [35.121, 34.968, 34.96]
t2-d7168-signed0 [35.149, 35.129, 35.128]
t2-d7168-signed1 [35.135, 35.129, 35.131]
t4-d7168-signed0 [34.941, 35.007, 34.939]
t4-d7168-signed1 [35.228, 35.19, 35.285]
t17-d7168-signed0 [36.765, 36.782, 36.807]
t17-d7168-signed1 [36.799, 36.811, 36.876]
t128-d7168-signed0 [71.899, 72.177, 72.263]
t128-d7168-signed1 [72.381, 72.14, 72.137]
t257-d7168-signed0 [107.231, 107.342, 107.294]
t257-d7168-signed1 [106.742, 106.547, 106.65]
t512-d7168-signed0 [169.731, 170.087, 170.125]
t512-d7168-signed1 [170.822, 170.667, 171.206]
