[2026-09-30-13:49:17.417] [INFO] [AscendProfiler_ProfilingParser:97] Profiler logger initialized at: /mnt/workspace/hc-pre-reduction-20260930/iteration-01/profile-candidate-q0/data/t1-d4096-signed0/752c3fdca26b44da9fd55f3c88dd3113_1041119_20260930134916650_ascend_pt/logs/profiler_20260930134917_1041188_ProfilingParser.log
[2026-09-30-13:49:17.466] [INFO] [AscendProfiler_ProfilingParser:100] TorchOpParser start.
[2026-09-30-13:49:17.467] [INFO] [AscendProfiler_ProfilingParser:82] TaskQueueParser start.
[2026-09-30-13:49:17.485] [INFO] [AscendProfiler_ProfilingParser:208] CANNTimelineParser start.
[2026-09-30-13:49:17.486] [INFO] [AscendProfiler_ProfilingParser:106] TorchOpParser finish.
[2026-09-30-13:49:17.486] [INFO] [AscendProfiler_ProfilingParser:88] TaskQueueParser finish.
[2026-09-30-13:49:17.487] [INFO] [AscendProfiler_ProfilingParser:118] DbPreParser start.
[2026-09-30-13:49:17.488] [INFO] [AscendProfiler_ProfilingParser:62] TreeBuildParser start.
[2026-09-30-13:49:17.505] [ERROR] [AscendProfiler_ProfilingParser:208] Get fwk api data failed, framework data is empty.
[2026-09-30-13:49:17.506] [INFO] [AscendProfiler_ProfilingParser:129] DbPreParser finish.
[2026-09-30-13:49:17.506] [ERROR] [AscendProfiler_ProfilingParser:93] Get torch op tree node failed, the torch op data is empty.
[2026-09-30-13:49:17.506] [INFO] [AscendProfiler_ProfilingParser:70] TreeBuildParser finish.
[2026-09-30-13:49:17.507] [INFO] [AscendProfiler_ProfilingParser:62] MemoryPrepareParser start.
[2026-09-30-13:49:17.508] [INFO] [AscendProfiler_ProfilingParser:75] MemoryPrepareParser finish.
[2026-09-30-13:49:20.089] [INFO] [AscendProfiler_ProfilingParser:218] CANNTimelineParser finish.
[2026-09-30-13:49:20.090] [INFO] [AscendProfiler_ProfilingParser:31] RelationParser start.
[2026-09-30-13:49:20.133] [INFO] [AscendProfiler_ProfilingParser:38] RelationParser finish.
[2026-09-30-13:49:21.175] [INFO] [AscendProfiler_ProfilingParser:40] DbParser start.
[2026-09-30-13:49:21.176] [INFO] [AscendProfiler_ProfilingParser:27] BasicDbParser start.
[2026-09-30-13:49:21.193] [INFO] [AscendProfiler_ProfilingParser:40] BasicDbParser finish.
[2026-09-30-13:49:21.193] [INFO] [AscendProfiler_ProfilingParser:31] FwkApiDbParser start.
[2026-09-30-13:49:21.194] [INFO] [AscendProfiler_ProfilingParser:36] FwkApiDbParser get fwk api data finish.
[2026-09-30-13:49:21.194] [INFO] [AscendProfiler_ProfilingParser:38] FwkApiDbParser get api data for db finish.
[2026-09-30-13:49:21.196] [INFO] [AscendProfiler_ProfilingParser:40] FwkApiDbParser save api data to db finish.
[2026-09-30-13:49:21.196] [INFO] [AscendProfiler_ProfilingParser:44] FwkApiDbParser finish.
[2026-09-30-13:49:21.196] [INFO] [AscendProfiler_ProfilingParser:82] MemoryDbParser start.
[2026-09-30-13:49:21.197] [INFO] [AscendProfiler_ProfilingParser:95] MemoryDbParser finish.
[2026-09-30-13:49:21.197] [INFO] [AscendProfiler_ProfilingParser:33] GCRecordDbParser start.
[2026-09-30-13:49:21.197] [INFO] [AscendProfiler_ProfilingParser:41] GCRecordDbParser finish.
[2026-09-30-13:49:21.198] [INFO] [AscendProfiler_ProfilingParser:36] StepInfoDbParser start.
[2026-09-30-13:49:21.199] [INFO] [AscendProfiler_ProfilingParser:43] StepInfoDbParser finish.
[2026-09-30-13:49:21.199] [INFO] [AscendProfiler_ProfilingParser:80] CommunicationDbParser start.
[2026-09-30-13:49:21.200] [INFO] [AscendProfiler_ProfilingParser:88] CommunicationDbParser finish.
[2026-09-30-13:49:21.201] [INFO] [AscendProfiler_ProfilingParser:74] TraceStepTimeDbParser start.
[2026-09-30-13:49:21.207] [INFO] [AscendProfiler_ProfilingParser:83] TraceStepTimeDbParser finish.
[2026-09-30-13:49:21.207] [INFO] [AscendProfiler_ProfilingParser:64] DbParser finish.
[2026-09-30-13:49:21.714] [INFO] [AscendProfiler_ProfilingParser:473] ============================================================
[2026-09-30-13:49:21.714] [INFO] [AscendProfiler_ProfilingParser:474] Task execution completed
[2026-09-30-13:49:21.714] [INFO] [AscendProfiler_ProfilingParser:475] ============================================================
[2026-09-30-13:49:21.714] [INFO] [AscendProfiler_ProfilingParser:478] torch_op                  | PTHREAD         | Succeed    | 0.021s | deps: None
[2026-09-30-13:49:21.714] [INFO] [AscendProfiler_ProfilingParser:478] task_queue                | PTHREAD         | Succeed    | 0.020s | deps: None
[2026-09-30-13:49:21.714] [INFO] [AscendProfiler_ProfilingParser:478] trace_prepare             | SUB_PROCESS     | Succeed    | 0.024s | deps: torch_op, task_queue
[2026-09-30-13:49:21.714] [INFO] [AscendProfiler_ProfilingParser:478] build_tree                | PTHREAD         | Succeed    | 0.019s | deps: torch_op, task_queue
[2026-09-30-13:49:21.714] [INFO] [AscendProfiler_ProfilingParser:478] export                    | SUB_PROCESS     | Succeed    | 3.058s | deps: None
[2026-09-30-13:49:21.715] [INFO] [AscendProfiler_ProfilingParser:478] timeline                  | PTHREAD|NON_BLOCKING | Succeed    | 2.606s | deps: None
[2026-09-30-13:49:21.715] [INFO] [AscendProfiler_ProfilingParser:478] relation                  | PTHREAD         | Succeed    | 0.043s | deps: task_queue, timeline
[2026-09-30-13:49:21.715] [INFO] [AscendProfiler_ProfilingParser:478] memory_prepare            | PTHREAD         | Succeed    | 0.001s | deps: build_tree, task_queue, torch_op
[2026-09-30-13:49:21.715] [INFO] [AscendProfiler_ProfilingParser:478] analyze                   | SUB_PROCESS     | Succeed    | 1.049s | deps: timeline
[2026-09-30-13:49:21.715] [INFO] [AscendProfiler_ProfilingParser:478] operator                  | SUB_PROCESS     | Succeed    | 0.032s | deps: build_tree, timeline, relation, torch_op
[2026-09-30-13:49:21.715] [INFO] [AscendProfiler_ProfilingParser:478] trace                     | SUB_PROCESS     | Succeed    | 0.035s | deps: build_tree, trace_prepare, timeline, task_queue, torch_op
[2026-09-30-13:49:21.715] [INFO] [AscendProfiler_ProfilingParser:478] kernel                    | SUB_PROCESS     | Succeed    | 0.032s | deps: build_tree, export, relation
[2026-09-30-13:49:21.715] [INFO] [AscendProfiler_ProfilingParser:478] step_time                 | SUB_PROCESS     | Succeed    | 0.028s | deps: build_tree, timeline, relation, torch_op
[2026-09-30-13:49:21.715] [INFO] [AscendProfiler_ProfilingParser:478] memory                    | SUB_PROCESS     | Succeed    | 0.028s | deps: export, memory_prepare
[2026-09-30-13:49:21.715] [INFO] [AscendProfiler_ProfilingParser:478] integrate                 | SUB_PROCESS     | Succeed    | 0.049s | deps: export
[2026-09-30-13:49:21.715] [INFO] [AscendProfiler_ProfilingParser:478] communication             | SUB_PROCESS     | Succeed    | 0.026s | deps: build_tree, analyze, relation
[2026-09-30-13:49:21.715] [INFO] [AscendProfiler_ProfilingParser:478] db_prepare                | PTHREAD         | Succeed    | 0.020s | deps: torch_op, task_queue
[2026-09-30-13:49:21.715] [INFO] [AscendProfiler_ProfilingParser:478] torch_db                  | PTHREAD         | Succeed    | 0.033s | deps: export, memory_prepare, build_tree, analyze, db_prepare
