[2026-09-30-13:49:29.345] [INFO] [AscendProfiler_ProfilingParser:97] Profiler logger initialized at: /mnt/workspace/hc-pre-reduction-20260930/iteration-01/profile-candidate-q0/data/t512-d7168-signed0/752c3fdca26b44da9fd55f3c88dd3113_1041119_20260930134928625_ascend_pt/logs/profiler_20260930134929_1041772_ProfilingParser.log
[2026-09-30-13:49:29.396] [INFO] [AscendProfiler_ProfilingParser:100] TorchOpParser start.
[2026-09-30-13:49:29.396] [INFO] [AscendProfiler_ProfilingParser:82] TaskQueueParser start.
[2026-09-30-13:49:29.416] [INFO] [AscendProfiler_ProfilingParser:208] CANNTimelineParser start.
[2026-09-30-13:49:29.416] [INFO] [AscendProfiler_ProfilingParser:106] TorchOpParser finish.
[2026-09-30-13:49:29.417] [INFO] [AscendProfiler_ProfilingParser:88] TaskQueueParser finish.
[2026-09-30-13:49:29.418] [INFO] [AscendProfiler_ProfilingParser:118] DbPreParser start.
[2026-09-30-13:49:29.418] [INFO] [AscendProfiler_ProfilingParser:62] TreeBuildParser start.
[2026-09-30-13:49:29.437] [ERROR] [AscendProfiler_ProfilingParser:208] Get fwk api data failed, framework data is empty.
[2026-09-30-13:49:29.438] [ERROR] [AscendProfiler_ProfilingParser:93] Get torch op tree node failed, the torch op data is empty.
[2026-09-30-13:49:29.438] [INFO] [AscendProfiler_ProfilingParser:129] DbPreParser finish.
[2026-09-30-13:49:29.438] [INFO] [AscendProfiler_ProfilingParser:70] TreeBuildParser finish.
[2026-09-30-13:49:29.439] [INFO] [AscendProfiler_ProfilingParser:62] MemoryPrepareParser start.
[2026-09-30-13:49:29.440] [INFO] [AscendProfiler_ProfilingParser:75] MemoryPrepareParser finish.
[2026-09-30-13:49:31.019] [INFO] [AscendProfiler_ProfilingParser:218] CANNTimelineParser finish.
[2026-09-30-13:49:31.019] [INFO] [AscendProfiler_ProfilingParser:31] RelationParser start.
[2026-09-30-13:49:31.065] [INFO] [AscendProfiler_ProfilingParser:38] RelationParser finish.
[2026-09-30-13:49:32.107] [INFO] [AscendProfiler_ProfilingParser:40] DbParser start.
[2026-09-30-13:49:32.109] [INFO] [AscendProfiler_ProfilingParser:27] BasicDbParser start.
[2026-09-30-13:49:32.124] [INFO] [AscendProfiler_ProfilingParser:40] BasicDbParser finish.
[2026-09-30-13:49:32.124] [INFO] [AscendProfiler_ProfilingParser:31] FwkApiDbParser start.
[2026-09-30-13:49:32.124] [INFO] [AscendProfiler_ProfilingParser:36] FwkApiDbParser get fwk api data finish.
[2026-09-30-13:49:32.125] [INFO] [AscendProfiler_ProfilingParser:38] FwkApiDbParser get api data for db finish.
[2026-09-30-13:49:32.127] [INFO] [AscendProfiler_ProfilingParser:40] FwkApiDbParser save api data to db finish.
[2026-09-30-13:49:32.127] [INFO] [AscendProfiler_ProfilingParser:44] FwkApiDbParser finish.
[2026-09-30-13:49:32.128] [INFO] [AscendProfiler_ProfilingParser:82] MemoryDbParser start.
[2026-09-30-13:49:32.128] [INFO] [AscendProfiler_ProfilingParser:95] MemoryDbParser finish.
[2026-09-30-13:49:32.129] [INFO] [AscendProfiler_ProfilingParser:33] GCRecordDbParser start.
[2026-09-30-13:49:32.129] [INFO] [AscendProfiler_ProfilingParser:41] GCRecordDbParser finish.
[2026-09-30-13:49:32.129] [INFO] [AscendProfiler_ProfilingParser:36] StepInfoDbParser start.
[2026-09-30-13:49:32.130] [INFO] [AscendProfiler_ProfilingParser:43] StepInfoDbParser finish.
[2026-09-30-13:49:32.131] [INFO] [AscendProfiler_ProfilingParser:80] CommunicationDbParser start.
[2026-09-30-13:49:32.132] [INFO] [AscendProfiler_ProfilingParser:88] CommunicationDbParser finish.
[2026-09-30-13:49:32.132] [INFO] [AscendProfiler_ProfilingParser:74] TraceStepTimeDbParser start.
[2026-09-30-13:49:32.138] [INFO] [AscendProfiler_ProfilingParser:83] TraceStepTimeDbParser finish.
[2026-09-30-13:49:32.139] [INFO] [AscendProfiler_ProfilingParser:64] DbParser finish.
[2026-09-30-13:49:32.646] [INFO] [AscendProfiler_ProfilingParser:473] ============================================================
[2026-09-30-13:49:32.647] [INFO] [AscendProfiler_ProfilingParser:474] Task execution completed
[2026-09-30-13:49:32.647] [INFO] [AscendProfiler_ProfilingParser:475] ============================================================
[2026-09-30-13:49:32.647] [INFO] [AscendProfiler_ProfilingParser:478] torch_op                  | PTHREAD         | Succeed    | 0.022s | deps: None
[2026-09-30-13:49:32.647] [INFO] [AscendProfiler_ProfilingParser:478] task_queue                | PTHREAD         | Succeed    | 0.022s | deps: None
[2026-09-30-13:49:32.647] [INFO] [AscendProfiler_ProfilingParser:478] trace_prepare             | SUB_PROCESS     | Succeed    | 0.024s | deps: torch_op, task_queue
[2026-09-30-13:49:32.647] [INFO] [AscendProfiler_ProfilingParser:478] build_tree                | PTHREAD         | Succeed    | 0.021s | deps: torch_op, task_queue
[2026-09-30-13:49:32.647] [INFO] [AscendProfiler_ProfilingParser:478] export                    | SUB_PROCESS     | Succeed    | 2.056s | deps: None
[2026-09-30-13:49:32.647] [INFO] [AscendProfiler_ProfilingParser:478] timeline                  | PTHREAD|NON_BLOCKING | Succeed    | 1.604s | deps: None
[2026-09-30-13:49:32.647] [INFO] [AscendProfiler_ProfilingParser:478] relation                  | PTHREAD         | Succeed    | 0.047s | deps: task_queue, timeline
[2026-09-30-13:49:32.647] [INFO] [AscendProfiler_ProfilingParser:478] memory_prepare            | PTHREAD         | Succeed    | 0.001s | deps: build_tree, task_queue, torch_op
[2026-09-30-13:49:32.647] [INFO] [AscendProfiler_ProfilingParser:478] analyze                   | SUB_PROCESS     | Succeed    | 1.050s | deps: timeline
[2026-09-30-13:49:32.647] [INFO] [AscendProfiler_ProfilingParser:478] operator                  | SUB_PROCESS     | Succeed    | 0.036s | deps: build_tree, timeline, relation, torch_op
[2026-09-30-13:49:32.648] [INFO] [AscendProfiler_ProfilingParser:478] trace                     | SUB_PROCESS     | Succeed    | 0.038s | deps: build_tree, trace_prepare, timeline, task_queue, torch_op
[2026-09-30-13:49:32.648] [INFO] [AscendProfiler_ProfilingParser:478] kernel                    | SUB_PROCESS     | Succeed    | 0.036s | deps: build_tree, export, relation
[2026-09-30-13:49:32.648] [INFO] [AscendProfiler_ProfilingParser:478] step_time                 | SUB_PROCESS     | Succeed    | 0.030s | deps: build_tree, timeline, relation, torch_op
[2026-09-30-13:49:32.648] [INFO] [AscendProfiler_ProfilingParser:478] memory                    | SUB_PROCESS     | Succeed    | 0.029s | deps: export, memory_prepare
[2026-09-30-13:49:32.648] [INFO] [AscendProfiler_ProfilingParser:478] integrate                 | SUB_PROCESS     | Succeed    | 0.054s | deps: export
[2026-09-30-13:49:32.648] [INFO] [AscendProfiler_ProfilingParser:478] communication             | SUB_PROCESS     | Succeed    | 0.028s | deps: build_tree, analyze, relation
[2026-09-30-13:49:32.648] [INFO] [AscendProfiler_ProfilingParser:478] db_prepare                | PTHREAD         | Succeed    | 0.021s | deps: torch_op, task_queue
[2026-09-30-13:49:32.648] [INFO] [AscendProfiler_ProfilingParser:478] torch_db                  | PTHREAD         | Succeed    | 0.033s | deps: export, memory_prepare, build_tree, analyze, db_prepare
