[2026-09-30-13:48:50.437] [INFO] [AscendProfiler_ProfilingParser:97] Profiler logger initialized at: /mnt/workspace/hc-pre-reduction-20260930/iteration-01/profile-baseline-q0/data/t128-d4096-signed1/752c3fdca26b44da9fd55f3c88dd3113_1040108_20260930134849717_ascend_pt/logs/profiler_20260930134850_1040440_ProfilingParser.log
[2026-09-30-13:48:50.487] [INFO] [AscendProfiler_ProfilingParser:100] TorchOpParser start.
[2026-09-30-13:48:50.487] [INFO] [AscendProfiler_ProfilingParser:82] TaskQueueParser start.
[2026-09-30-13:48:50.507] [INFO] [AscendProfiler_ProfilingParser:208] CANNTimelineParser start.
[2026-09-30-13:48:50.507] [INFO] [AscendProfiler_ProfilingParser:106] TorchOpParser finish.
[2026-09-30-13:48:50.508] [INFO] [AscendProfiler_ProfilingParser:88] TaskQueueParser finish.
[2026-09-30-13:48:50.527] [INFO] [AscendProfiler_ProfilingParser:62] TreeBuildParser start.
[2026-09-30-13:48:50.528] [INFO] [AscendProfiler_ProfilingParser:118] DbPreParser start.
[2026-09-30-13:48:50.529] [ERROR] [AscendProfiler_ProfilingParser:93] Get torch op tree node failed, the torch op data is empty.
[2026-09-30-13:48:50.529] [INFO] [AscendProfiler_ProfilingParser:70] TreeBuildParser finish.
[2026-09-30-13:48:50.529] [ERROR] [AscendProfiler_ProfilingParser:208] Get fwk api data failed, framework data is empty.
[2026-09-30-13:48:50.530] [INFO] [AscendProfiler_ProfilingParser:129] DbPreParser finish.
[2026-09-30-13:48:50.530] [INFO] [AscendProfiler_ProfilingParser:62] MemoryPrepareParser start.
[2026-09-30-13:48:50.531] [INFO] [AscendProfiler_ProfilingParser:75] MemoryPrepareParser finish.
[2026-09-30-13:48:53.111] [INFO] [AscendProfiler_ProfilingParser:218] CANNTimelineParser finish.
[2026-09-30-13:48:53.131] [INFO] [AscendProfiler_ProfilingParser:31] RelationParser start.
[2026-09-30-13:48:53.158] [INFO] [AscendProfiler_ProfilingParser:38] RelationParser finish.
[2026-09-30-13:48:54.202] [INFO] [AscendProfiler_ProfilingParser:40] DbParser start.
[2026-09-30-13:48:54.203] [INFO] [AscendProfiler_ProfilingParser:27] BasicDbParser start.
[2026-09-30-13:48:54.217] [INFO] [AscendProfiler_ProfilingParser:40] BasicDbParser finish.
[2026-09-30-13:48:54.217] [INFO] [AscendProfiler_ProfilingParser:31] FwkApiDbParser start.
[2026-09-30-13:48:54.217] [INFO] [AscendProfiler_ProfilingParser:36] FwkApiDbParser get fwk api data finish.
[2026-09-30-13:48:54.218] [INFO] [AscendProfiler_ProfilingParser:38] FwkApiDbParser get api data for db finish.
[2026-09-30-13:48:54.220] [INFO] [AscendProfiler_ProfilingParser:40] FwkApiDbParser save api data to db finish.
[2026-09-30-13:48:54.220] [INFO] [AscendProfiler_ProfilingParser:44] FwkApiDbParser finish.
[2026-09-30-13:48:54.220] [INFO] [AscendProfiler_ProfilingParser:82] MemoryDbParser start.
[2026-09-30-13:48:54.221] [INFO] [AscendProfiler_ProfilingParser:95] MemoryDbParser finish.
[2026-09-30-13:48:54.221] [INFO] [AscendProfiler_ProfilingParser:33] GCRecordDbParser start.
[2026-09-30-13:48:54.221] [INFO] [AscendProfiler_ProfilingParser:41] GCRecordDbParser finish.
[2026-09-30-13:48:54.222] [INFO] [AscendProfiler_ProfilingParser:36] StepInfoDbParser start.
[2026-09-30-13:48:54.222] [INFO] [AscendProfiler_ProfilingParser:43] StepInfoDbParser finish.
[2026-09-30-13:48:54.223] [INFO] [AscendProfiler_ProfilingParser:80] CommunicationDbParser start.
[2026-09-30-13:48:54.224] [INFO] [AscendProfiler_ProfilingParser:88] CommunicationDbParser finish.
[2026-09-30-13:48:54.224] [INFO] [AscendProfiler_ProfilingParser:74] TraceStepTimeDbParser start.
[2026-09-30-13:48:54.230] [INFO] [AscendProfiler_ProfilingParser:83] TraceStepTimeDbParser finish.
[2026-09-30-13:48:54.231] [INFO] [AscendProfiler_ProfilingParser:64] DbParser finish.
[2026-09-30-13:48:54.741] [INFO] [AscendProfiler_ProfilingParser:473] ============================================================
[2026-09-30-13:48:54.741] [INFO] [AscendProfiler_ProfilingParser:474] Task execution completed
[2026-09-30-13:48:54.741] [INFO] [AscendProfiler_ProfilingParser:475] ============================================================
[2026-09-30-13:48:54.741] [INFO] [AscendProfiler_ProfilingParser:478] torch_op                  | PTHREAD         | Succeed    | 0.022s | deps: None
[2026-09-30-13:48:54.741] [INFO] [AscendProfiler_ProfilingParser:478] task_queue                | PTHREAD         | Succeed    | 0.022s | deps: None
[2026-09-30-13:48:54.742] [INFO] [AscendProfiler_ProfilingParser:478] trace_prepare             | SUB_PROCESS     | Succeed    | 0.025s | deps: torch_op, task_queue
[2026-09-30-13:48:54.742] [INFO] [AscendProfiler_ProfilingParser:478] build_tree                | PTHREAD         | Succeed    | 0.003s | deps: torch_op, task_queue
[2026-09-30-13:48:54.742] [INFO] [AscendProfiler_ProfilingParser:478] export                    | SUB_PROCESS     | Succeed    | 3.060s | deps: None
[2026-09-30-13:48:54.742] [INFO] [AscendProfiler_ProfilingParser:478] timeline                  | PTHREAD|NON_BLOCKING | Succeed    | 2.606s | deps: None
[2026-09-30-13:48:54.742] [INFO] [AscendProfiler_ProfilingParser:478] relation                  | PTHREAD         | Succeed    | 0.029s | deps: task_queue, timeline
[2026-09-30-13:48:54.742] [INFO] [AscendProfiler_ProfilingParser:478] memory_prepare            | PTHREAD         | Succeed    | 0.001s | deps: build_tree, task_queue, torch_op
[2026-09-30-13:48:54.742] [INFO] [AscendProfiler_ProfilingParser:478] analyze                   | SUB_PROCESS     | Succeed    | 1.051s | deps: timeline
[2026-09-30-13:48:54.742] [INFO] [AscendProfiler_ProfilingParser:478] operator                  | SUB_PROCESS     | Succeed    | 0.034s | deps: build_tree, timeline, relation, torch_op
[2026-09-30-13:48:54.742] [INFO] [AscendProfiler_ProfilingParser:478] trace                     | SUB_PROCESS     | Succeed    | 0.038s | deps: build_tree, trace_prepare, timeline, task_queue, torch_op
[2026-09-30-13:48:54.742] [INFO] [AscendProfiler_ProfilingParser:478] kernel                    | SUB_PROCESS     | Succeed    | 0.052s | deps: build_tree, export, relation
[2026-09-30-13:48:54.742] [INFO] [AscendProfiler_ProfilingParser:478] step_time                 | SUB_PROCESS     | Succeed    | 0.029s | deps: build_tree, timeline, relation, torch_op
[2026-09-30-13:48:54.742] [INFO] [AscendProfiler_ProfilingParser:478] memory                    | SUB_PROCESS     | Succeed    | 0.034s | deps: export, memory_prepare
[2026-09-30-13:48:54.743] [INFO] [AscendProfiler_ProfilingParser:478] integrate                 | SUB_PROCESS     | Succeed    | 0.033s | deps: export
[2026-09-30-13:48:54.743] [INFO] [AscendProfiler_ProfilingParser:478] communication             | SUB_PROCESS     | Succeed    | 0.029s | deps: build_tree, analyze, relation
[2026-09-30-13:48:54.743] [INFO] [AscendProfiler_ProfilingParser:478] db_prepare                | PTHREAD         | Succeed    | 0.003s | deps: torch_op, task_queue
[2026-09-30-13:48:54.743] [INFO] [AscendProfiler_ProfilingParser:478] torch_db                  | PTHREAD         | Succeed    | 0.030s | deps: export, memory_prepare, build_tree, analyze, db_prepare
