[2026-09-30-13:47:40.970] [INFO] [AscendProfiler_ProfilingParser:97] Profiler logger initialized at: /mnt/workspace/hc-pre-reduction-20260930/iteration-01/profile-baseline-q1/data/t1-d4096-signed0/752c3fdca26b44da9fd55f3c88dd3113_1038169_20260930134740211_ascend_pt/logs/profiler_20260930134740_1038226_ProfilingParser.log
[2026-09-30-13:47:41.023] [INFO] [AscendProfiler_ProfilingParser:100] TorchOpParser start.
[2026-09-30-13:47:41.024] [INFO] [AscendProfiler_ProfilingParser:82] TaskQueueParser start.
[2026-09-30-13:47:41.045] [INFO] [AscendProfiler_ProfilingParser:106] TorchOpParser finish.
[2026-09-30-13:47:41.046] [INFO] [AscendProfiler_ProfilingParser:208] CANNTimelineParser start.
[2026-09-30-13:47:41.047] [INFO] [AscendProfiler_ProfilingParser:88] TaskQueueParser finish.
[2026-09-30-13:47:41.048] [INFO] [AscendProfiler_ProfilingParser:62] TreeBuildParser start.
[2026-09-30-13:47:41.071] [INFO] [AscendProfiler_ProfilingParser:118] DbPreParser start.
[2026-09-30-13:47:41.072] [ERROR] [AscendProfiler_ProfilingParser:93] Get torch op tree node failed, the torch op data is empty.
[2026-09-30-13:47:41.072] [INFO] [AscendProfiler_ProfilingParser:70] TreeBuildParser finish.
[2026-09-30-13:47:41.073] [ERROR] [AscendProfiler_ProfilingParser:208] Get fwk api data failed, framework data is empty.
[2026-09-30-13:47:41.073] [INFO] [AscendProfiler_ProfilingParser:62] MemoryPrepareParser start.
[2026-09-30-13:47:41.073] [INFO] [AscendProfiler_ProfilingParser:129] DbPreParser finish.
[2026-09-30-13:47:41.074] [INFO] [AscendProfiler_ProfilingParser:75] MemoryPrepareParser finish.
[2026-09-30-13:47:43.651] [INFO] [AscendProfiler_ProfilingParser:218] CANNTimelineParser finish.
[2026-09-30-13:47:43.693] [INFO] [AscendProfiler_ProfilingParser:31] RelationParser start.
[2026-09-30-13:47:43.701] [INFO] [AscendProfiler_ProfilingParser:38] RelationParser finish.
[2026-09-30-13:47:44.747] [INFO] [AscendProfiler_ProfilingParser:40] DbParser start.
[2026-09-30-13:47:44.748] [INFO] [AscendProfiler_ProfilingParser:27] BasicDbParser start.
[2026-09-30-13:47:44.764] [INFO] [AscendProfiler_ProfilingParser:40] BasicDbParser finish.
[2026-09-30-13:47:44.765] [INFO] [AscendProfiler_ProfilingParser:31] FwkApiDbParser start.
[2026-09-30-13:47:44.765] [INFO] [AscendProfiler_ProfilingParser:36] FwkApiDbParser get fwk api data finish.
[2026-09-30-13:47:44.765] [INFO] [AscendProfiler_ProfilingParser:38] FwkApiDbParser get api data for db finish.
[2026-09-30-13:47:44.768] [INFO] [AscendProfiler_ProfilingParser:40] FwkApiDbParser save api data to db finish.
[2026-09-30-13:47:44.768] [INFO] [AscendProfiler_ProfilingParser:44] FwkApiDbParser finish.
[2026-09-30-13:47:44.769] [INFO] [AscendProfiler_ProfilingParser:82] MemoryDbParser start.
[2026-09-30-13:47:44.769] [INFO] [AscendProfiler_ProfilingParser:95] MemoryDbParser finish.
[2026-09-30-13:47:44.770] [INFO] [AscendProfiler_ProfilingParser:33] GCRecordDbParser start.
[2026-09-30-13:47:44.770] [INFO] [AscendProfiler_ProfilingParser:41] GCRecordDbParser finish.
[2026-09-30-13:47:44.770] [INFO] [AscendProfiler_ProfilingParser:36] StepInfoDbParser start.
[2026-09-30-13:47:44.771] [INFO] [AscendProfiler_ProfilingParser:43] StepInfoDbParser finish.
[2026-09-30-13:47:44.772] [INFO] [AscendProfiler_ProfilingParser:80] CommunicationDbParser start.
[2026-09-30-13:47:44.773] [INFO] [AscendProfiler_ProfilingParser:88] CommunicationDbParser finish.
[2026-09-30-13:47:44.773] [INFO] [AscendProfiler_ProfilingParser:74] TraceStepTimeDbParser start.
[2026-09-30-13:47:44.780] [INFO] [AscendProfiler_ProfilingParser:83] TraceStepTimeDbParser finish.
[2026-09-30-13:47:44.780] [INFO] [AscendProfiler_ProfilingParser:64] DbParser finish.
[2026-09-30-13:47:45.289] [INFO] [AscendProfiler_ProfilingParser:473] ============================================================
[2026-09-30-13:47:45.290] [INFO] [AscendProfiler_ProfilingParser:474] Task execution completed
[2026-09-30-13:47:45.290] [INFO] [AscendProfiler_ProfilingParser:475] ============================================================
[2026-09-30-13:47:45.290] [INFO] [AscendProfiler_ProfilingParser:478] torch_op                  | PTHREAD         | Succeed    | 0.025s | deps: None
[2026-09-30-13:47:45.290] [INFO] [AscendProfiler_ProfilingParser:478] task_queue                | PTHREAD         | Succeed    | 0.024s | deps: None
[2026-09-30-13:47:45.290] [INFO] [AscendProfiler_ProfilingParser:478] trace_prepare             | SUB_PROCESS     | Succeed    | 0.029s | deps: torch_op, task_queue
[2026-09-30-13:47:45.290] [INFO] [AscendProfiler_ProfilingParser:478] build_tree                | PTHREAD         | Succeed    | 0.025s | deps: torch_op, task_queue
[2026-09-30-13:47:45.290] [INFO] [AscendProfiler_ProfilingParser:478] export                    | SUB_PROCESS     | Succeed    | 3.061s | deps: None
[2026-09-30-13:47:45.290] [INFO] [AscendProfiler_ProfilingParser:478] timeline                  | PTHREAD|NON_BLOCKING | Succeed    | 2.607s | deps: None
[2026-09-30-13:47:45.290] [INFO] [AscendProfiler_ProfilingParser:478] relation                  | PTHREAD         | Succeed    | 0.010s | deps: task_queue, timeline
[2026-09-30-13:47:45.290] [INFO] [AscendProfiler_ProfilingParser:478] memory_prepare            | PTHREAD         | Succeed    | 0.002s | deps: build_tree, task_queue, torch_op
[2026-09-30-13:47:45.290] [INFO] [AscendProfiler_ProfilingParser:478] analyze                   | SUB_PROCESS     | Succeed    | 1.055s | deps: timeline
[2026-09-30-13:47:45.291] [INFO] [AscendProfiler_ProfilingParser:478] operator                  | SUB_PROCESS     | Succeed    | 0.043s | deps: build_tree, timeline, relation, torch_op
[2026-09-30-13:47:45.291] [INFO] [AscendProfiler_ProfilingParser:478] trace                     | SUB_PROCESS     | Succeed    | 0.043s | deps: build_tree, trace_prepare, timeline, task_queue, torch_op
[2026-09-30-13:47:45.291] [INFO] [AscendProfiler_ProfilingParser:478] kernel                    | SUB_PROCESS     | Succeed    | 0.046s | deps: build_tree, export, relation
[2026-09-30-13:47:45.291] [INFO] [AscendProfiler_ProfilingParser:478] step_time                 | SUB_PROCESS     | Succeed    | 0.032s | deps: build_tree, timeline, relation, torch_op
[2026-09-30-13:47:45.291] [INFO] [AscendProfiler_ProfilingParser:478] memory                    | SUB_PROCESS     | Succeed    | 0.035s | deps: export, memory_prepare
[2026-09-30-13:47:45.291] [INFO] [AscendProfiler_ProfilingParser:478] integrate                 | SUB_PROCESS     | Succeed    | 0.066s | deps: export
[2026-09-30-13:47:45.291] [INFO] [AscendProfiler_ProfilingParser:478] communication             | SUB_PROCESS     | Succeed    | 0.030s | deps: build_tree, analyze, relation
[2026-09-30-13:47:45.291] [INFO] [AscendProfiler_ProfilingParser:478] db_prepare                | PTHREAD         | Succeed    | 0.004s | deps: torch_op, task_queue
[2026-09-30-13:47:45.291] [INFO] [AscendProfiler_ProfilingParser:478] torch_db                  | PTHREAD         | Succeed    | 0.035s | deps: export, memory_prepare, build_tree, analyze, db_prepare
