[2026-09-30-16:41:41.909] [INFO] [AscendProfiler_ProfilingParser:97] Profiler logger initialized at: /mnt/workspace/hc-pre-reduction-20260930/iteration-01/exact3-profile-peeled-probe/data/t1-d7168-signed0/752c3fdca26b44da9fd55f3c88dd3113_1243799_20260930164141171_ascend_pt/logs/profiler_20260930164141_1244713_ProfilingParser.log
[2026-09-30-16:41:41.960] [INFO] [AscendProfiler_ProfilingParser:100] TorchOpParser start.
[2026-09-30-16:41:41.961] [INFO] [AscendProfiler_ProfilingParser:82] TaskQueueParser start.
[2026-09-30-16:41:41.983] [INFO] [AscendProfiler_ProfilingParser:208] CANNTimelineParser start.
[2026-09-30-16:41:41.985] [INFO] [AscendProfiler_ProfilingParser:88] TaskQueueParser finish.
[2026-09-30-16:41:41.986] [INFO] [AscendProfiler_ProfilingParser:106] TorchOpParser finish.
[2026-09-30-16:41:41.987] [INFO] [AscendProfiler_ProfilingParser:118] DbPreParser start.
[2026-09-30-16:41:41.987] [INFO] [AscendProfiler_ProfilingParser:62] TreeBuildParser start.
[2026-09-30-16:41:42.010] [INFO] [AscendProfiler_ProfilingParser:129] DbPreParser finish.
[2026-09-30-16:41:42.011] [INFO] [AscendProfiler_ProfilingParser:70] TreeBuildParser finish.
[2026-09-30-16:41:42.011] [INFO] [AscendProfiler_ProfilingParser:62] MemoryPrepareParser start.
[2026-09-30-16:41:42.012] [INFO] [AscendProfiler_ProfilingParser:75] MemoryPrepareParser finish.
[2026-09-30-16:41:44.588] [INFO] [AscendProfiler_ProfilingParser:218] CANNTimelineParser finish.
[2026-09-30-16:41:44.589] [INFO] [AscendProfiler_ProfilingParser:31] RelationParser start.
[2026-09-30-16:41:44.638] [INFO] [AscendProfiler_ProfilingParser:38] RelationParser finish.
[2026-09-30-16:41:45.683] [INFO] [AscendProfiler_ProfilingParser:40] DbParser start.
[2026-09-30-16:41:45.685] [INFO] [AscendProfiler_ProfilingParser:27] BasicDbParser start.
[2026-09-30-16:41:45.699] [INFO] [AscendProfiler_ProfilingParser:40] BasicDbParser finish.
[2026-09-30-16:41:45.700] [INFO] [AscendProfiler_ProfilingParser:31] FwkApiDbParser start.
[2026-09-30-16:41:45.700] [INFO] [AscendProfiler_ProfilingParser:36] FwkApiDbParser get fwk api data finish.
[2026-09-30-16:41:45.700] [ERROR] [AscendProfiler_ProfilingParser:117] Failed to find node launch str id
[2026-09-30-16:41:45.700] [INFO] [AscendProfiler_ProfilingParser:38] FwkApiDbParser get api data for db finish.
[2026-09-30-16:41:45.710] [INFO] [AscendProfiler_ProfilingParser:40] FwkApiDbParser save api data to db finish.
[2026-09-30-16:41:45.710] [INFO] [AscendProfiler_ProfilingParser:44] FwkApiDbParser finish.
[2026-09-30-16:41:45.711] [INFO] [AscendProfiler_ProfilingParser:82] MemoryDbParser start.
[2026-09-30-16:41:45.712] [INFO] [AscendProfiler_ProfilingParser:95] MemoryDbParser finish.
[2026-09-30-16:41:45.712] [INFO] [AscendProfiler_ProfilingParser:33] GCRecordDbParser start.
[2026-09-30-16:41:45.712] [INFO] [AscendProfiler_ProfilingParser:41] GCRecordDbParser finish.
[2026-09-30-16:41:45.713] [INFO] [AscendProfiler_ProfilingParser:36] StepInfoDbParser start.
[2026-09-30-16:41:45.719] [INFO] [AscendProfiler_ProfilingParser:43] StepInfoDbParser finish.
[2026-09-30-16:41:45.719] [INFO] [AscendProfiler_ProfilingParser:80] CommunicationDbParser start.
[2026-09-30-16:41:45.721] [INFO] [AscendProfiler_ProfilingParser:88] CommunicationDbParser finish.
[2026-09-30-16:41:45.721] [INFO] [AscendProfiler_ProfilingParser:74] TraceStepTimeDbParser start.
[2026-09-30-16:41:45.727] [INFO] [AscendProfiler_ProfilingParser:83] TraceStepTimeDbParser finish.
[2026-09-30-16:41:45.727] [INFO] [AscendProfiler_ProfilingParser:64] DbParser finish.
[2026-09-30-16:41:46.228] [INFO] [AscendProfiler_ProfilingParser:473] ============================================================
[2026-09-30-16:41:46.228] [INFO] [AscendProfiler_ProfilingParser:474] Task execution completed
[2026-09-30-16:41:46.228] [INFO] [AscendProfiler_ProfilingParser:475] ============================================================
[2026-09-30-16:41:46.228] [INFO] [AscendProfiler_ProfilingParser:478] torch_op                  | PTHREAD         | Succeed    | 0.027s | deps: None
[2026-09-30-16:41:46.228] [INFO] [AscendProfiler_ProfilingParser:478] task_queue                | PTHREAD         | Succeed    | 0.026s | deps: None
[2026-09-30-16:41:46.228] [INFO] [AscendProfiler_ProfilingParser:478] trace_prepare             | SUB_PROCESS     | Succeed    | 0.029s | deps: torch_op, task_queue
[2026-09-30-16:41:46.229] [INFO] [AscendProfiler_ProfilingParser:478] build_tree                | PTHREAD         | Succeed    | 0.024s | deps: torch_op, task_queue
[2026-09-30-16:41:46.229] [INFO] [AscendProfiler_ProfilingParser:478] export                    | SUB_PROCESS     | Succeed    | 3.062s | deps: None
[2026-09-30-16:41:46.229] [INFO] [AscendProfiler_ProfilingParser:478] timeline                  | PTHREAD|NON_BLOCKING | Succeed    | 2.607s | deps: None
[2026-09-30-16:41:46.229] [INFO] [AscendProfiler_ProfilingParser:478] relation                  | PTHREAD         | Succeed    | 0.050s | deps: task_queue, timeline
[2026-09-30-16:41:46.229] [INFO] [AscendProfiler_ProfilingParser:478] memory_prepare            | PTHREAD         | Succeed    | 0.001s | deps: build_tree, task_queue, torch_op
[2026-09-30-16:41:46.229] [INFO] [AscendProfiler_ProfilingParser:478] analyze                   | SUB_PROCESS     | Succeed    | 1.052s | deps: timeline
[2026-09-30-16:41:46.229] [INFO] [AscendProfiler_ProfilingParser:478] operator                  | SUB_PROCESS     | Succeed    | 0.027s | deps: build_tree, timeline, relation, torch_op
[2026-09-30-16:41:46.229] [INFO] [AscendProfiler_ProfilingParser:478] trace                     | SUB_PROCESS     | Succeed    | 0.041s | deps: build_tree, trace_prepare, timeline, task_queue, torch_op
[2026-09-30-16:41:46.229] [INFO] [AscendProfiler_ProfilingParser:478] kernel                    | SUB_PROCESS     | Succeed    | 0.031s | deps: build_tree, export, relation
[2026-09-30-16:41:46.229] [INFO] [AscendProfiler_ProfilingParser:478] step_time                 | SUB_PROCESS     | Succeed    | 0.038s | deps: build_tree, timeline, relation, torch_op
[2026-09-30-16:41:46.229] [INFO] [AscendProfiler_ProfilingParser:478] memory                    | SUB_PROCESS     | Succeed    | 0.039s | deps: export, memory_prepare
[2026-09-30-16:41:46.229] [INFO] [AscendProfiler_ProfilingParser:478] integrate                 | SUB_PROCESS     | Succeed    | 0.059s | deps: export
[2026-09-30-16:41:46.229] [INFO] [AscendProfiler_ProfilingParser:478] communication             | SUB_PROCESS     | Succeed    | 0.032s | deps: build_tree, analyze, relation
[2026-09-30-16:41:46.230] [INFO] [AscendProfiler_ProfilingParser:478] db_prepare                | PTHREAD         | Succeed    | 0.025s | deps: torch_op, task_queue
[2026-09-30-16:41:46.230] [INFO] [AscendProfiler_ProfilingParser:478] torch_db                  | PTHREAD         | Succeed    | 0.045s | deps: export, memory_prepare, build_tree, analyze, db_prepare
