ninja: no work to do.
[W930 12:07:06.854961967 NPUCachingAllocator.cpp:202] Warning: The current CANN and HDK(driver) versions require processing for 32 padding size, with memory allocation. (function operator())
t1-d4096-signed0 [27.668, 29.453, 29.486]
t1-d4096-signed1 [27.664, 27.72, 27.471]
t2-d4096-signed0 [30.591, 30.488, 30.577]
t2-d4096-signed1 [30.613, 30.685, 30.65]
t4-d4096-signed0 [30.487, 30.517, 30.409]
t4-d4096-signed1 [30.489, 30.477, 30.59]
t17-d4096-signed0 [33.264, 33.224, 33.094]
t17-d4096-signed1 [33.502, 33.583, 33.654]
t128-d4096-signed0 [64.626, 64.673, 64.55]
t128-d4096-signed1 [65.91, 65.838, 65.808]
t257-d4096-signed0 [91.062, 91.108, 91.102]
t257-d4096-signed1 [90.552, 93.22, 93.282]
t512-d4096-signed0 [145.801, 145.74, 145.403]
t512-d4096-signed1 [142.606, 142.23, 142.998]
t1-d7168-signed0 [33.082, 32.526, 33.353]
t1-d7168-signed1 [31.754, 31.808, 31.916]
t2-d7168-signed0 [32.905, 32.896, 32.933]
t2-d7168-signed1 [32.911, 32.952, 33.947]
t4-d7168-signed0 [35.886, 35.294, 34.73]
t4-d7168-signed1 [34.651, 34.5, 34.538]
t17-d7168-signed0 [35.696, 35.479, 35.837]
t17-d7168-signed1 [35.892, 35.868, 35.488]
t128-d7168-signed0 [72.114, 73.055, 73.436]
t128-d7168-signed1 [73.709, 73.409, 73.288]
t257-d7168-signed0 [110.984, 110.829, 110.642]
t257-d7168-signed1 [108.364, 107.361, 107.497]
t512-d7168-signed0 [171.591, 172.739, 173.134]
t512-d7168-signed1 [169.229, 167.915, 168.084]
